Component: ARM Compiler 5.06 update 6 (build 750) Tool: armlink [4d35ed]

==============================================================================

Section Cross References

    sysinit.o(i.SystemInit) refers to fpu_init.o(i.fpuInit) for fpuInit
    sysinit.o(i.SystemInit) refers to board_sysinit.o(i.Board_SystemInit) for Board_SystemInit
    sysinit.o(i.SystemInit) refers to keil_startup_lpc18xx43xx.o(RESET) for __Vectors
    uart.o(i.App_DMA_Test) refers to gpdma_18xx_43xx.o(i.Chip_GPDMA_Init) for Chip_GPDMA_Init
    uart.o(i.App_DMA_Test) refers to uart.o(i.NVIC_DisableIRQ) for NVIC_DisableIRQ
    uart.o(i.App_DMA_Test) refers to uart.o(i.NVIC_SetPriority) for NVIC_SetPriority
    uart.o(i.App_DMA_Test) refers to uart.o(i.NVIC_EnableIRQ) for NVIC_EnableIRQ
    uart.o(i.App_DMA_Test) refers to gpdma_18xx_43xx.o(i.Chip_GPDMA_GetFreeChannel) for Chip_GPDMA_GetFreeChannel
    uart.o(i.App_DMA_Test) refers to gpdma_18xx_43xx.o(i.Chip_GPDMA_Transfer) for Chip_GPDMA_Transfer
    uart.o(i.App_DMA_Test) refers to gpdma_18xx_43xx.o(i.Chip_GPDMA_Stop) for Chip_GPDMA_Stop
    uart.o(i.App_DMA_Test) refers to uart.o(.data) for .data
    uart.o(i.App_Interrupt_Test) refers to ring_buffer.o(i.RingBuffer_Init) for RingBuffer_Init
    uart.o(i.App_Interrupt_Test) refers to uart.o(i.NVIC_SetPriority) for NVIC_SetPriority
    uart.o(i.App_Interrupt_Test) refers to uart.o(i.NVIC_EnableIRQ) for NVIC_EnableIRQ
    uart.o(i.App_Interrupt_Test) refers to uart_18xx_43xx.o(i.Chip_UART_ReadRB) for Chip_UART_ReadRB
    uart.o(i.App_Interrupt_Test) refers to uart.o(i.NVIC_DisableIRQ) for NVIC_DisableIRQ
    uart.o(i.App_Interrupt_Test) refers to uart_18xx_43xx.o(i.Chip_UART_SendRB) for Chip_UART_SendRB
    uart.o(i.App_Interrupt_Test) refers to uart.o(.bss) for .bss
    uart.o(i.App_Interrupt_Test) refers to uart.o(.data) for .data
    uart.o(i.DMA_IRQHandler) refers to gpdma_18xx_43xx.o(i.Chip_GPDMA_Interrupt) for Chip_GPDMA_Interrupt
    uart.o(i.DMA_IRQHandler) refers to uart.o(.data) for .data
    uart.o(i.Print_Menu_Polling) refers to uart_18xx_43xx.o(i.Chip_UART_SendBlocking) for Chip_UART_SendBlocking
    uart.o(i.Print_Menu_Polling) refers to uart.o(.data) for .data
    uart.o(i.UART0_IRQHandler) refers to uart_18xx_43xx.o(i.Chip_UART_IRQRBHandler) for Chip_UART_IRQRBHandler
    uart.o(i.UART0_IRQHandler) refers to uart.o(.bss) for .bss
    uart.o(i.main) refers to chip_18xx_43xx.o(i.SystemCoreClockUpdate) for SystemCoreClockUpdate
    uart.o(i.main) refers to board.o(i.Board_Init) for Board_Init
    uart.o(i.main) refers to board.o(i.Board_UART_Init) for Board_UART_Init
    uart.o(i.main) refers to uart.o(i.NVIC_SetPriority) for NVIC_SetPriority
    uart.o(i.main) refers to uart.o(i.NVIC_EnableIRQ) for NVIC_EnableIRQ
    uart.o(i.main) refers to uart_18xx_43xx.o(i.Chip_UART_SendBlocking) for Chip_UART_SendBlocking
    uart.o(i.main) refers to uart_18xx_43xx.o(i.Chip_UART_ABCmd) for Chip_UART_ABCmd
    uart.o(i.main) refers to uart_18xx_43xx.o(i.Chip_UART_GetABEOStatus) for Chip_UART_GetABEOStatus
    uart.o(i.main) refers to uart.o(i.NVIC_DisableIRQ) for NVIC_DisableIRQ
    uart.o(i.main) refers to uart_18xx_43xx.o(i.Chip_UART_Read) for Chip_UART_Read
    uart.o(i.main) refers to uart.o(i.App_DMA_Test) for App_DMA_Test
    uart.o(i.main) refers to uart_18xx_43xx.o(i.Chip_UART_CheckBusy) for Chip_UART_CheckBusy
    uart.o(i.main) refers to uart_18xx_43xx.o(i.Chip_UART_DeInit) for Chip_UART_DeInit
    uart.o(i.main) refers to uart.o(i.App_Interrupt_Test) for App_Interrupt_Test
    uart.o(i.main) refers to uart.o(i.Print_Menu_Polling) for Print_Menu_Polling
    uart.o(i.main) refers to uart.o(.data) for .data
    keil_startup_lpc18xx43xx.o(STACK) refers (Special) to heapauxi.o(.text) for __use_two_region_memory
    keil_startup_lpc18xx43xx.o(HEAP) refers (Special) to heapauxi.o(.text) for __use_two_region_memory
    keil_startup_lpc18xx43xx.o(RESET) refers (Special) to heapauxi.o(.text) for __use_two_region_memory
    keil_startup_lpc18xx43xx.o(RESET) refers to keil_startup_lpc18xx43xx.o(STACK) for __initial_sp
    keil_startup_lpc18xx43xx.o(RESET) refers to keil_startup_lpc18xx43xx.o(.text) for Reset_Handler
    keil_startup_lpc18xx43xx.o(RESET) refers to uart.o(i.DMA_IRQHandler) for DMA_IRQHandler
    keil_startup_lpc18xx43xx.o(RESET) refers to uart.o(i.UART0_IRQHandler) for UART0_IRQHandler
    keil_startup_lpc18xx43xx.o(.text) refers (Special) to heapauxi.o(.text) for __use_two_region_memory
    keil_startup_lpc18xx43xx.o(.text) refers to sysinit.o(i.SystemInit) for SystemInit
    keil_startup_lpc18xx43xx.o(.text) refers to __main.o(!!!main) for __main
    keil_startup_lpc18xx43xx.o(.text) refers to keil_startup_lpc18xx43xx.o(HEAP) for Heap_Mem
    keil_startup_lpc18xx43xx.o(.text) refers to keil_startup_lpc18xx43xx.o(STACK) for Stack_Mem
    board.o(i.Board_Audio_Init) refers to clock_18xx_43xx.o(i.Chip_Clock_SetBaseClock) for Chip_Clock_SetBaseClock
[...]
    rtexit.o(.ARM.Collect$$rtexit$$00000000) refers (Special) to rtexit2.o(.ARM.Collect$$rtexit$$00000003) for __rt_exit_ls
    rtexit.o(.ARM.Collect$$rtexit$$00000000) refers (Special) to rtexit2.o(.ARM.Collect$$rtexit$$00000002) for __rt_exit_prels_1
    rtexit.o(.ARM.exidx) refers (Special) to rtexit2.o(.ARM.Collect$$rtexit$$00000004) for __rt_exit_exit
    rtexit.o(.ARM.exidx) refers (Special) to rtexit2.o(.ARM.Collect$$rtexit$$00000003) for __rt_exit_ls
    rtexit.o(.ARM.exidx) refers (Special) to rtexit2.o(.ARM.Collect$$rtexit$$00000002) for __rt_exit_prels_1
    rtexit.o(.ARM.exidx) refers to rtexit.o(.ARM.Collect$$rtexit$$00000000) for .ARM.Collect$$rtexit$$00000000
    rt_raise.o(.text) refers to __raise.o(.text) for __raise
    rt_raise.o(.text) refers to board.o(i._sys_exit) for _sys_exit
    defsig_exit.o(.text) refers to board.o(i._sys_exit) for _sys_exit
    defsig_fpe_inner.o(.text) refers to defsig_general.o(.text) for __default_signal_display
    libinit2.o(.ARM.Collect$$libinit$$00000001) refers to fpinit.o(x$fpl$fpinit) for _fp_init
    libinit2.o(.ARM.Collect$$libinit$$00000010) refers to libinit2.o(.ARM.Collect$$libinit$$0000000F) for .ARM.Collect$$libinit$$0000000F
    libinit2.o(.ARM.Collect$$libinit$$00000012) refers to libinit2.o(.ARM.Collect$$libinit$$0000000F) for .ARM.Collect$$libinit$$0000000F
    libinit2.o(.ARM.Collect$$libinit$$00000014) refers to libinit2.o(.ARM.Collect$$libinit$$0000000F) for .ARM.Collect$$libinit$$0000000F
    libinit2.o(.ARM.Collect$$libinit$$00000016) refers to libinit2.o(.ARM.Collect$$libinit$$0000000F) for .ARM.Collect$$libinit$$0000000F
    libinit2.o(.ARM.Collect$$libinit$$00000018) refers to libinit2.o(.ARM.Collect$$libinit$$0000000F) for .ARM.Collect$$libinit$$0000000F
    libinit2.o(.ARM.Collect$$libinit$$00000026) refers to argv_veneer.o(.emb_text) for __ARM_argv_veneer
    libinit2.o(.ARM.Collect$$libinit$$00000027) refers to argv_veneer.o(.emb_text) for __ARM_argv_veneer
    rtexit2.o(.ARM.Collect$$rtexit$$00000003) refers to libshutdown.o(.ARM.Collect$$libshutdown$$00000000) for __rt_lib_shutdown
    rtexit2.o(.ARM.Collect$$rtexit$$00000004) refers to board.o(i._sys_exit) for _sys_exit
    rtexit2.o(.ARM.exidx) refers to rtexit2.o(.ARM.Collect$$rtexit$$00000001) for .ARM.Collect$$rtexit$$00000001
    rtexit2.o(.ARM.exidx) refers to rtexit2.o(.ARM.Collect$$rtexit$$00000003) for .ARM.Collect$$rtexit$$00000003
    rtexit2.o(.ARM.exidx) refers to rtexit2.o(.ARM.Collect$$rtexit$$00000004) for .ARM.Collect$$rtexit$$00000004
    __raise.o(.text) refers to defsig.o(CL$$defsig) for __default_signal_handler
    defsig_general.o(.text) refers to sys_wrch.o(.text) for _ttywrch
    argv_veneer.o(.emb_text) refers to no_argv.o(.text) for __ARM_get_argv
    sys_wrch.o(.text) refers (Special) to use_no_semi.o(.text) for __I$use$semihosting
    sys_wrch.o(.text) refers (Special) to indicate_semi.o(.text) for __semihosting_library_function
    defsig.o(CL$$defsig) refers to defsig_fpe_inner.o(.text) for __rt_SIGFPE_inner
    defsig.o(CL$$defsig) refers to defsig_rtmem_inner.o(.text) for __rt_SIGRTMEM_inner
    _get_argv_nomalloc.o(.text) refers (Special) to hrguard.o(.text) for __heap_region$guard
    _get_argv_nomalloc.o(.text) refers to defsig_rtmem_outer.o(.text) for __rt_SIGRTMEM
    _get_argv_nomalloc.o(.text) refers to sys_command.o(.text) for _sys_command_string
    libshutdown.o(.ARM.Collect$$libshutdown$$00000000) refers (Special) to libshutdown2.o(.ARM.Collect$$libshutdown$$00000002) for __rt_lib_shutdown_cpp_1
    libshutdown.o(.ARM.Collect$$libshutdown$$00000000) refers (Special) to libshutdown2.o(.ARM.Collect$$libshutdown$$00000007) for __rt_lib_shutdown_fp_trap_1
    libshutdown.o(.ARM.Collect$$libshutdown$$00000000) refers (Special) to libshutdown2.o(.ARM.Collect$$libshutdown$$0000000F) for __rt_lib_shutdown_heap_1
    libshutdown.o(.ARM.Collect$$libshutdown$$00000000) refers (Special) to libshutdown2.o(.ARM.Collect$$libshutdown$$00000010) for __rt_lib_shutdown_return
    libshutdown.o(.ARM.Collect$$libshutdown$$00000000) refers (Special) to libshutdown2.o(.ARM.Collect$$libshutdown$$0000000A) for __rt_lib_shutdown_signal_1
    libshutdown.o(.ARM.Collect$$libshutdown$$00000000) refers (Special) to libshutdown2.o(.ARM.Collect$$libshutdown$$00000004) for __rt_lib_shutdown_stdio_1
    libshutdown.o(.ARM.Collect$$libshutdown$$00000000) refers (Special) to libshutdown2.o(.ARM.Collect$$libshutdown$$0000000C) for __rt_lib_shutdown_user_alloc_1
    sys_command.o(.text) refers (Special) to use_no_semi.o(.text) for __I$use$semihosting
    sys_command.o(.text) refers (Special) to indicate_semi.o(.text) for __semihosting_library_function
    defsig_abrt_inner.o(.text) refers to defsig_general.o(.text) for __default_signal_display
    defsig_rtred_inner.o(.text) refers to defsig_general.o(.text) for __default_signal_display
    defsig_rtmem_inner.o(.text) refers to defsig_general.o(.text) for __default_signal_display
    defsig_rtmem_outer.o(.text) refers to defsig_rtmem_inner.o(.text) for __rt_SIGRTMEM_inner
    defsig_rtmem_outer.o(.text) refers to defsig_exit.o(.text) for __sig_exit
    defsig_rtmem_formal.o(.text) refers to rt_raise.o(.text) for __rt_raise
    defsig_stak_inner.o(.text) refers to defsig_general.o(.text) for __default_signal_display
    defsig_pvfn_inner.o(.text) refers to defsig_general.o(.text) for __default_signal_display
    defsig_cppl_inner.o(.text) refers to defsig_general.o(.text) for __default_signal_display
    defsig_segv_inner.o(.text) refers to defsig_general.o(.text) for __default_signal_display
    defsig_other.o(.text) refers to defsig_general.o(.text) for __default_signal_display


==============================================================================

Removing Unused input sections from the image.

    Removing sysinit.o(.rev16_text), (4 bytes).
    Removing sysinit.o(.revsh_text), (4 bytes).
    Removing uart.o(.rev16_text), (4 bytes).
    Removing uart.o(.revsh_text), (4 bytes).
    Removing board.o(.rev16_text), (4 bytes).
    Removing board.o(.revsh_text), (4 bytes).
    Removing board.o(i.Board_Audio_Init), (88 bytes).
    Removing board.o(i.Board_Buttons_Init), (28 bytes).
    Removing board.o(i.Board_DAC_Init), (16 bytes).
    Removing board.o(i.Board_ENET_GetMacADDR), (32 bytes).
    Removing board.o(i.Board_I2C_Init), (32 bytes).
    Removing board.o(i.Board_Joystick_Init), (2 bytes).
    Removing board.o(i.Board_LCD_Init), (116 bytes).
    Removing board.o(i.Board_LCD_WriteData), (36 bytes).
    Removing board.o(i.Board_LED_Set), (40 bytes).
    Removing board.o(i.Board_LED_Test), (44 bytes).
    Removing board.o(i.Board_LED_Toggle), (22 bytes).
    Removing board.o(i.Board_SDMMC_Init), (52 bytes).
    Removing board.o(i.Board_SSP_Init), (76 bytes).
    Removing board.o(i.Board_UARTGetChar), (24 bytes).
    Removing board.o(i.Board_UARTPutChar), (16 bytes).
    Removing board.o(i.Board_UARTPutSTR), (20 bytes).
    Removing board.o(i.Buttons_GetStatus), (28 bytes).
    Removing board.o(i.Chip_GPIO_GetPinState), (14 bytes).
    Removing board.o(i.Joystick_GetStatus), (4 bytes).
    Removing board.o(i._sys_open), (4 bytes).
    Removing board.o(i.ferror), (6 bytes).
    Removing board.o(i.fgetc), (4 bytes).
    Removing board.o(i.fputc), (12 bytes).
    Removing board.o(.data), (4 bytes).
    Removing board.o(.data), (4 bytes).
    Removing board.o(.data), (4 bytes).
    Removing board.o(.data), (4 bytes).
    Removing board_sysinit.o(.rev16_text), (4 bytes).
    Removing board_sysinit.o(.revsh_text), (4 bytes).
    Removing chip_18xx_43xx.o(.rev16_text), (4 bytes).
    Removing chip_18xx_43xx.o(.revsh_text), (4 bytes).
    Removing chip_18xx_43xx.o(i.Chip_USB0_Init), (52 bytes).
    Removing chip_18xx_43xx.o(i.Chip_USB1_Init), (68 bytes).
    Removing chip_18xx_43xx.o(i.Chip_USB_PllSetup), (52 bytes).
    Removing chip_18xx_43xx.o(.constdata), (20 bytes).
    Removing gpdma_18xx_43xx.o(.rev16_text), (4 bytes).
    Removing gpdma_18xx_43xx.o(.revsh_text), (4 bytes).
    Removing gpdma_18xx_43xx.o(i.Chip_GPDMA_DeInit), (6 bytes).
    Removing gpdma_18xx_43xx.o(i.Chip_GPDMA_PrepareDescriptor), (104 bytes).
    Removing gpdma_18xx_43xx.o(i.Chip_GPDMA_SGTransfer), (110 bytes).
    Removing uart_18xx_43xx.o(.rev16_text), (4 bytes).
    Removing uart_18xx_43xx.o(.revsh_text), (4 bytes).
    Removing uart_18xx_43xx.o(i.Chip_UART_ReadBlocking), (36 bytes).
    Removing uart_18xx_43xx.o(i.Chip_UART_SetBaud), (72 bytes).
    Removing fpu_init.o(.rev16_text), (4 bytes).
    Removing fpu_init.o(.revsh_text), (4 bytes).
    Removing wm8904.o(.rev16_text), (4 bytes).
    Removing wm8904.o(.revsh_text), (4 bytes).
    Removing wm8904.o(i.WM8904_Init), (92 bytes).
    Removing wm8904.o(i.WM8904_MultiRegWrite), (78 bytes).
    Removing wm8904.o(i.WM8904_REG_Read), (34 bytes).
    Removing wm8904.o(i.WM8904_REG_VerifyMult), (56 bytes).
    Removing wm8904.o(i.WM8904_REG_Write), (30 bytes).
    Removing wm8904.o(i.WM8904_REG_WriteVerify), (28 bytes).
    Removing wm8904.o(.constdata), (8 bytes).
    Removing wm8904.o(.constdata), (120 bytes).
    Removing wm8904.o(.constdata), (16 bytes).
    Removing clock_18xx_43xx.o(.rev16_text), (4 bytes).
    Removing clock_18xx_43xx.o(.revsh_text), (4 bytes).
    Removing clock_18xx_43xx.o(i.Chip_Clock_ClearPowerDown), (20 bytes).
    Removing clock_18xx_43xx.o(i.Chip_Clock_DisableBaseClock), (24 bytes).
    Removing clock_18xx_43xx.o(i.Chip_Clock_DisableCrystal), (16 bytes).
    Removing clock_18xx_43xx.o(i.Chip_Clock_DisablePLL), (20 bytes).
    Removing clock_18xx_43xx.o(i.Chip_Clock_Enable), (44 bytes).
    Removing clock_18xx_43xx.o(i.Chip_Clock_EnableBaseClock), (24 bytes).
    Removing clock_18xx_43xx.o(i.Chip_Clock_EnablePLL), (20 bytes).
    Removing clock_18xx_43xx.o(i.Chip_Clock_GetBaseClockOpts), (52 bytes).
    Removing clock_18xx_43xx.o(i.Chip_Clock_GetEMCRate), (44 bytes).
    Removing clock_18xx_43xx.o(i.Chip_Clock_GetPLLStatus), (16 bytes).
    Removing clock_18xx_43xx.o(i.Chip_Clock_IsBaseClockEnabled), (28 bytes).
    Removing clock_18xx_43xx.o(i.Chip_Clock_RTCEnable), (24 bytes).
    Removing clock_18xx_43xx.o(i.Chip_Clock_SetDivider), (68 bytes).
    Removing clock_18xx_43xx.o(i.Chip_Clock_SetupMainPLLHz), (130 bytes).
    Removing clock_18xx_43xx.o(i.Chip_Clock_SetupMainPLLMult), (140 bytes).
    Removing clock_18xx_43xx.o(i.Chip_Clock_SetupPLL), (52 bytes).
    Removing clock_18xx_43xx.o(i.Chip_Clock_StartPowerDown), (20 bytes).
    Removing clock_18xx_43xx.o(i.Chip_Clock_TestMainPLLMultiplier), (24 bytes).
    Removing gpio_18xx_43xx.o(.rev16_text), (4 bytes).
    Removing gpio_18xx_43xx.o(.revsh_text), (4 bytes).
    Removing gpio_18xx_43xx.o(i.Chip_GPIO_DeInit), (2 bytes).
    Removing ssp_18xx_43xx.o(.rev16_text), (4 bytes).
    Removing ssp_18xx_43xx.o(.revsh_text), (4 bytes).
    Removing ssp_18xx_43xx.o(i.Chip_SSP_DeInit), (36 bytes).
    Removing ssp_18xx_43xx.o(i.Chip_SSP_GetClockIndex), (20 bytes).
    Removing ssp_18xx_43xx.o(i.Chip_SSP_GetPeriphClockIndex), (24 bytes).
    Removing ssp_18xx_43xx.o(i.Chip_SSP_GetRawIntStatus), (10 bytes).
    Removing ssp_18xx_43xx.o(i.Chip_SSP_GetStatus), (10 bytes).
    Removing ssp_18xx_43xx.o(i.Chip_SSP_Init), (60 bytes).
    Removing ssp_18xx_43xx.o(i.Chip_SSP_Int_FlushData), (42 bytes).
    Removing ssp_18xx_43xx.o(i.Chip_SSP_Int_RWFrames16Bits), (84 bytes).
    Removing ssp_18xx_43xx.o(i.Chip_SSP_Int_RWFrames8Bits), (84 bytes).
    Removing ssp_18xx_43xx.o(i.Chip_SSP_RWFrames_Blocking), (186 bytes).
    Removing ssp_18xx_43xx.o(i.Chip_SSP_ReadFrames_Blocking), (198 bytes).
    Removing ssp_18xx_43xx.o(i.Chip_SSP_SetBitRate), (60 bytes).
    Removing ssp_18xx_43xx.o(i.Chip_SSP_SetClockRate), (18 bytes).
    Removing ssp_18xx_43xx.o(i.Chip_SSP_SetMaster), (18 bytes).
    Removing ssp_18xx_43xx.o(i.Chip_SSP_WriteFrames_Blocking), (184 bytes).
    Removing ssp_18xx_43xx.o(i.SSP_Read1BFifo), (46 bytes).
    Removing ssp_18xx_43xx.o(i.SSP_Read2BFifo), (46 bytes).
    Removing ssp_18xx_43xx.o(i.SSP_Write1BFifo), (22 bytes).
    Removing ssp_18xx_43xx.o(i.SSP_Write2BFifo), (24 bytes).
    Removing sysinit_18xx_43xx.o(.rev16_text), (4 bytes).
    Removing sysinit_18xx_43xx.o(.revsh_text), (4 bytes).
    Removing sysinit_18xx_43xx.o(i.Chip_SetupIrcClocking), (16 bytes).
    Removing sysinit_18xx_43xx.o(i.Chip_SetupXtalClocking), (16 bytes).
    Removing sysinit_18xx_43xx.o(i.Chip_SystemInit), (4 bytes).
    Removing i2c_18xx_43xx.o(.rev16_text), (4 bytes).
    Removing i2c_18xx_43xx.o(.revsh_text), (4 bytes).
    Removing i2c_18xx_43xx.o(i.Chip_I2C_DeInit), (28 bytes).
    Removing i2c_18xx_43xx.o(i.Chip_I2C_Disable), (20 bytes).
    Removing i2c_18xx_43xx.o(i.Chip_I2C_EventHandler), (32 bytes).
    Removing i2c_18xx_43xx.o(i.Chip_I2C_EventHandlerPolling), (52 bytes).
    Removing i2c_18xx_43xx.o(i.Chip_I2C_GetClockRate), (36 bytes).
    Removing i2c_18xx_43xx.o(i.Chip_I2C_GetMasterEventHandler), (20 bytes).
    Removing i2c_18xx_43xx.o(i.Chip_I2C_Init), (32 bytes).
    Removing i2c_18xx_43xx.o(i.Chip_I2C_IsMasterActive), (32 bytes).
    Removing i2c_18xx_43xx.o(i.Chip_I2C_IsStateChanged), (24 bytes).
    Removing i2c_18xx_43xx.o(i.Chip_I2C_MasterCmdRead), (56 bytes).
    Removing i2c_18xx_43xx.o(i.Chip_I2C_MasterRead), (48 bytes).
    Removing i2c_18xx_43xx.o(i.Chip_I2C_MasterSend), (48 bytes).
    Removing i2c_18xx_43xx.o(i.Chip_I2C_MasterStateHandler), (48 bytes).
    Removing i2c_18xx_43xx.o(i.Chip_I2C_MasterTransfer), (100 bytes).
    Removing i2c_18xx_43xx.o(i.Chip_I2C_SetClockRate), (44 bytes).
    Removing i2c_18xx_43xx.o(i.Chip_I2C_SetMasterEventHandler), (36 bytes).
    Removing i2c_18xx_43xx.o(i.Chip_I2C_SlaveSetup), (112 bytes).
    Removing i2c_18xx_43xx.o(i.Chip_I2C_SlaveStateHandler), (104 bytes).
    Removing i2c_18xx_43xx.o(i.getClkRate), (20 bytes).
    Removing i2c_18xx_43xx.o(i.getSlaveIndex), (46 bytes).
    Removing i2c_18xx_43xx.o(i.handleMasterXferState), (184 bytes).
    Removing i2c_18xx_43xx.o(i.handleSlaveXferState), (156 bytes).
    Removing i2c_18xx_43xx.o(i.isSlaveAddrMatching), (20 bytes).
    Removing i2c_18xx_43xx.o(i.lookupSlaveIndex), (90 bytes).
    Removing i2c_18xx_43xx.o(.bss), (80 bytes).
    Removing i2c_18xx_43xx.o(.data), (56 bytes).

140 unused section(s) (total 5326 bytes) removed from the image.

==============================================================================

Image Symbol Table

    Local Symbols

    Symbol Name                              Value     Ov Type        Size  Object(Section)

    ../clib/angel/boardlib.s                 0x00000000   Number         0  boardinit3.o ABSOLUTE
    ../clib/angel/boardlib.s                 0x00000000   Number         0  boardinit1.o ABSOLUTE
    ../clib/angel/boardlib.s                 0x00000000   Number         0  boardshut.o ABSOLUTE
    ../clib/angel/boardlib.s                 0x00000000   Number         0  boardinit2.o ABSOLUTE
    ../clib/angel/dclz77c.s                  0x00000000   Number         0  __dclz77c.o ABSOLUTE
    ../clib/angel/handlers.s                 0x00000000   Number         0  __scatter_zi.o ABSOLUTE
    ../clib/angel/kernel.s                   0x00000000   Number         0  rtexit.o ABSOLUTE
    ../clib/angel/kernel.s                   0x00000000   Number         0  rtexit2.o ABSOLUTE
    ../clib/angel/kernel.s                   0x00000000   Number         0  __rtentry4.o ABSOLUTE
    ../clib/angel/kernel.s                   0x00000000   Number         0  __rtentry2.o ABSOLUTE
    ../clib/angel/kernel.s                   0x00000000   Number         0  __rtentry.o ABSOLUTE
    ../clib/angel/rt.s                       0x00000000   Number         0  rt_raise.o ABSOLUTE
    ../clib/angel/rt.s                       0x00000000   Number         0  rt_div0.o ABSOLUTE
    ../clib/angel/rt.s                       0x00000000   Number         0  aeabi_ldiv0_sigfpe.o ABSOLUTE
    ../clib/angel/rt.s                       0x00000000   Number         0  aeabi_ldiv0.o ABSOLUTE
    ../clib/angel/scatter.s                  0x00000000   Number         0  __scatter.o ABSOLUTE
    ../clib/angel/startup.s                  0x00000000   Number         0  __main.o ABSOLUTE
    ../clib/angel/sys.s                      0x00000000   Number         0  sys_stackheap_outer.o ABSOLUTE
    ../clib/angel/sys.s                      0x00000000   Number         0  use_no_semi.o ABSOLUTE
    ../clib/angel/sys.s                      0x00000000   Number         0  indicate_semi.o ABSOLUTE
    ../clib/angel/sys.s                      0x00000000   Number         0  libspace.o ABSOLUTE
    ../clib/angel/sysapp.c                   0x00000000   Number         0  sys_wrch.o ABSOLUTE
    ../clib/angel/sysapp.c                   0x00000000   Number         0  sys_command.o ABSOLUTE
    ../clib/armsys.c                         0x00000000   Number         0  no_argv.o ABSOLUTE
    ../clib/armsys.c                         0x00000000   Number         0  _get_argv_nomalloc.o ABSOLUTE
    ../clib/armsys.c                         0x00000000   Number         0  argv_veneer.o ABSOLUTE
    ../clib/armsys.c                         0x00000000   Number         0  argv_veneer.o ABSOLUTE
    ../clib/heapalloc.c                      0x00000000   Number         0  hrguard.o ABSOLUTE
    ../clib/heapaux.c                        0x00000000   Number         0  heapauxi.o ABSOLUTE
    ../clib/libinit.s                        0x00000000   Number         0  libshutdown2.o ABSOLUTE
    ../clib/libinit.s                        0x00000000   Number         0  libshutdown.o ABSOLUTE
    ../clib/libinit.s                        0x00000000   Number         0  libinit2.o ABSOLUTE
    ../clib/libinit.s                        0x00000000   Number         0  libinit.o ABSOLUTE
    ../clib/longlong.s                       0x00000000   Number         0  lludivv7m.o ABSOLUTE
    ../clib/memcpset.s                       0x00000000   Number         0  rt_memcpy_w.o ABSOLUTE
    ../clib/memcpset.s                       0x00000000   Number         0  rt_memclr_w.o ABSOLUTE
    ../clib/memcpset.s                       0x00000000   Number         0  rt_memcpy_v6.o ABSOLUTE
    ../clib/signal.c                         0x00000000   Number         0  defsig_general.o ABSOLUTE
    ../clib/signal.c                         0x00000000   Number         0  __raise.o ABSOLUTE
    ../clib/signal.c                         0x00000000   Number         0  defsig_fpe_inner.o ABSOLUTE
    ../clib/signal.c                         0x00000000   Number         0  defsig_exit.o ABSOLUTE
    ../clib/signal.c                         0x00000000   Number         0  defsig_fpe_formal.o ABSOLUTE
    ../clib/signal.c                         0x00000000   Number         0  defsig_fpe_outer.o ABSOLUTE
    ../clib/signal.c                         0x00000000   Number         0  defsig_other.o ABSOLUTE
    ../clib/signal.c                         0x00000000   Number         0  defsig_segv_inner.o ABSOLUTE
    ../clib/signal.c                         0x00000000   Number         0  defsig_cppl_inner.o ABSOLUTE
    ../clib/signal.c                         0x00000000   Number         0  defsig_pvfn_inner.o ABSOLUTE
    ../clib/signal.c                         0x00000000   Number         0  defsig_stak_inner.o ABSOLUTE
    ../clib/signal.c                         0x00000000   Number         0  defsig_rtmem_formal.o ABSOLUTE
    ../clib/signal.c                         0x00000000   Number         0  defsig_rtmem_outer.o ABSOLUTE
    ../clib/signal.c                         0x00000000   Number         0  defsig_rtmem_inner.o ABSOLUTE
    ../clib/signal.c                         0x00000000   Number         0  defsig_rtred_inner.o ABSOLUTE
    ../clib/signal.c                         0x00000000   Number         0  defsig_abrt_inner.o ABSOLUTE
    ../clib/signal.s                         0x00000000   Number         0  defsig.o ABSOLUTE
    ../clib/stdlib.c                         0x00000000   Number         0  exit.o ABSOLUTE
    ../fplib/fpinit.s                        0x00000000   Number         0  fpinit.o ABSOLUTE
    ..\..\..\..\examples\periph\uart\uart.c  0x00000000   Number         0  uart.o ABSOLUTE
    ..\..\..\..\startup_code\keil_startup_lpc18xx43xx.s 0x00000000   Number         0  keil_startup_lpc18xx43xx.o ABSOLUTE
    ..\..\..\..\startup_code\sysinit.c       0x00000000   Number         0  sysinit.o ABSOLUTE
    ..\..\board_common\wm8904.c              0x00000000   Number         0  wm8904.o ABSOLUTE
    ..\\..\\..\\..\\examples\\periph\\uart\\uart.c 0x00000000   Number         0  uart.o ABSOLUTE
    ..\\..\\..\\..\\startup_code\\sysinit.c  0x00000000   Number         0  sysinit.o ABSOLUTE
    ..\\..\\board_common\\wm8904.c           0x00000000   Number         0  wm8904.o ABSOLUTE
    ..\\chip_common\\fpu_init.c              0x00000000   Number         0  fpu_init.o ABSOLUTE
    ..\chip_common\fpu_init.c                0x00000000   Number         0  fpu_init.o ABSOLUTE
    ..\chip_common\ring_buffer.c             0x00000000   Number         0  ring_buffer.o ABSOLUTE
    board.c                                  0x00000000   Number         0  board.o ABSOLUTE
    board.c                                  0x00000000   Number         0  board.o ABSOLUTE
    board_sysinit.c                          0x00000000   Number         0  board_sysinit.o ABSOLUTE
    board_sysinit.c                          0x00000000   Number         0  board_sysinit.o ABSOLUTE
    chip_18xx_43xx.c                         0x00000000   Number         0  chip_18xx_43xx.o ABSOLUTE
    chip_18xx_43xx.c                         0x00000000   Number         0  chip_18xx_43xx.o ABSOLUTE
    clock_18xx_43xx.c                        0x00000000   Number         0  clock_18xx_43xx.o ABSOLUTE
    clock_18xx_43xx.c                        0x00000000   Number         0  clock_18xx_43xx.o ABSOLUTE
    dc.s                                     0x00000000   Number         0  dc.o ABSOLUTE
    gpdma_18xx_43xx.c                        0x00000000   Number         0  gpdma_18xx_43xx.o ABSOLUTE
    gpdma_18xx_43xx.c                        0x00000000   Number         0  gpdma_18xx_43xx.o ABSOLUTE
    gpio_18xx_43xx.c                         0x00000000   Number         0  gpio_18xx_43xx.o ABSOLUTE
    gpio_18xx_43xx.c                         0x00000000   Number         0  gpio_18xx_43xx.o ABSOLUTE
    i2c_18xx_43xx.c                          0x00000000   Number         0  i2c_18xx_43xx.o ABSOLUTE
    i2c_18xx_43xx.c                          0x00000000   Number         0  i2c_18xx_43xx.o ABSOLUTE
    ssp_18xx_43xx.c                          0x00000000   Number         0  ssp_18xx_43xx.o ABSOLUTE
    ssp_18xx_43xx.c                          0x00000000   Number         0  ssp_18xx_43xx.o ABSOLUTE
    sysinit_18xx_43xx.c                      0x00000000   Number         0  sysinit_18xx_43xx.o ABSOLUTE
    sysinit_18xx_43xx.c                      0x00000000   Number         0  sysinit_18xx_43xx.o ABSOLUTE
    uart_18xx_43xx.c                         0x00000000   Number         0  uart_18xx_43xx.o ABSOLUTE
    uart_18xx_43xx.c                         0x00000000   Number         0  uart_18xx_43xx.o ABSOLUTE
    .data                                    0x10000000   Section      657  uart.o(.data)
    isDMATx                                  0x10000000   Data           1  uart.o(.data)
    dmaChannelNumTx                          0x10000001   Data           1  uart.o(.data)
    dmaChannelNumRx                          0x10000002   Data           1  uart.o(.data)
    channelTC                                0x10000004   Data           4  uart.o(.data)
    channelTCErr                             0x10000008   Data           4  uart.o(.data)
    uartABStart                              0x1000000c   Data          47  uart.o(.data)
    uartABComplete                           0x1000003b   Data          36  uart.o(.data)
    uartPolling_menu1                        0x1000005f   Data          28  uart.o(.data)
    uartPolling_menu2                        0x1000007b   Data          26  uart.o(.data)
    uartPolling_menu3                        0x10000095   Data          24  uart.o(.data)
    uartPolling_menu4                        0x100000ad   Data         108  uart.o(.data)
    uartPolling_menu5                        0x10000119   Data          75  uart.o(.data)
    uart_interrupt_menu                      0x10000164   Data         107  uart.o(.data)
    uart_interrupt_menu1                     0x100001cf   Data          25  uart.o(.data)
    uart_interrupt_menu2                     0x100001e8   Data          25  uart.o(.data)
    uart_interrupt_menu3                     0x10000201   Data          25  uart.o(.data)
    uart_interrupt_menu4                     0x1000021a   Data          25  uart.o(.data)
    uartDMA_menu                             0x10000233   Data          94  uart.o(.data)
    .data                                    0x10000294   Section        4  chip_18xx_43xx.o(.data)
    .data                                    0x10000298   Section      128  gpdma_18xx_43xx.o(.data)
    ChannelHandlerArray                      0x10000298   Data           8  gpdma_18xx_43xx.o(.data)
    GPDMA_LUTPerAddr                         0x100002a0   Data         120  gpdma_18xx_43xx.o(.data)
    .data                                    0x10000318   Section        1  uart_18xx_43xx.o(.data)
    ABsyncSts                                0x10000318   Data           1  uart_18xx_43xx.o(.data)
    .data                                    0x1000031c   Section        8  clock_18xx_43xx.o(.data)
    audio_usb_pll_freq                       0x1000031c   Data           8  clock_18xx_43xx.o(.data)
    .bss                                     0x10000324   Section      552  uart.o(.bss)
    txring                                   0x10000324   Data          20  uart.o(.bss)
    rxring                                   0x10000338   Data          20  uart.o(.bss)
    rxbuff                                   0x1000034c   Data         256  uart.o(.bss)
    txbuff                                   0x1000044c   Data         256  uart.o(.bss)
    .bss                                     0x1000054c   Section       96  libspace.o(.bss)
    HEAP                                     0x100005b0   Section        0  keil_startup_lpc18xx43xx.o(HEAP)
    STACK                                    0x100005b0   Section      768  keil_startup_lpc18xx43xx.o(STACK)
    Heap_Mem                                 0x100005b0   Data           0  keil_startup_lpc18xx43xx.o(HEAP)
    Stack_Mem                                0x100005b0   Data         768  keil_startup_lpc18xx43xx.o(STACK)
    __initial_sp                             0x100008b0   Data           0  keil_startup_lpc18xx43xx.o(STACK)
    RESET                                    0x1a000000   Section      276  keil_startup_lpc18xx43xx.o(RESET)
    !!!main                                  0x1a000114   Section        8  __main.o(!!!main)
    !!!scatter                               0x1a00011c   Section       52  __scatter.o(!!!scatter)
    !!dclz77c                                0x1a000150   Section      100  __dclz77c.o(!!dclz77c)
    !!handler_zi                             0x1a0001b4   Section       28  __scatter_zi.o(!!handler_zi)
    .ARM.Collect$$libinit$$00000000          0x1a0001d0   Section        2  libinit.o(.ARM.Collect$$libinit$$00000000)
    .ARM.Collect$$libinit$$00000001          0x1a0001d2   Section        4  libinit2.o(.ARM.Collect$$libinit$$00000001)
    .ARM.Collect$$libinit$$00000004          0x1a0001d6   Section        0  libinit2.o(.ARM.Collect$$libinit$$00000004)
    .ARM.Collect$$libinit$$0000000A          0x1a0001d6   Section        0  libinit2.o(.ARM.Collect$$libinit$$0000000A)
    .ARM.Collect$$libinit$$0000000C          0x1a0001d6   Section        0  libinit2.o(.ARM.Collect$$libinit$$0000000C)
    .ARM.Collect$$libinit$$0000000E          0x1a0001d6   Section        0  libinit2.o(.ARM.Collect$$libinit$$0000000E)
    .ARM.Collect$$libinit$$00000011          0x1a0001d6   Section        0  libinit2.o(.ARM.Collect$$libinit$$00000011)
    .ARM.Collect$$libinit$$00000013          0x1a0001d6   Section        0  libinit2.o(.ARM.Collect$$libinit$$00000013)
    .ARM.Collect$$libinit$$00000015          0x1a0001d6   Section        0  libinit2.o(.ARM.Collect$$libinit$$00000015)
    .ARM.Collect$$libinit$$00000017          0x1a0001d6   Section        0  libinit2.o(.ARM.Collect$$libinit$$00000017)
    .ARM.Collect$$libinit$$00000019          0x1a0001d6   Section        0  libinit2.o(.ARM.Collect$$libinit$$00000019)
    .ARM.Collect$$libinit$$0000001B          0x1a0001d6   Section        0  libinit2.o(.ARM.Collect$$libinit$$0000001B)
    .ARM.Collect$$libinit$$0000001D          0x1a0001d6   Section        0  libinit2.o(.ARM.Collect$$libinit$$0000001D)
    .ARM.Collect$$libinit$$0000001F          0x1a0001d6   Section        0  libinit2.o(.ARM.Collect$$libinit$$0000001F)
    .ARM.Collect$$libinit$$00000021          0x1a0001d6   Section        0  libinit2.o(.ARM.Collect$$libinit$$00000021)
    .ARM.Collect$$libinit$$00000023          0x1a0001d6   Section        0  libinit2.o(.ARM.Collect$$libinit$$00000023)
    .ARM.Collect$$libinit$$00000025          0x1a0001d6   Section        0  libinit2.o(.ARM.Collect$$libinit$$00000025)
    .ARM.Collect$$libinit$$0000002C          0x1a0001d6   Section        0  libinit2.o(.ARM.Collect$$libinit$$0000002C)
    .ARM.Collect$$libinit$$0000002E          0x1a0001d6   Section        0  libinit2.o(.ARM.Collect$$libinit$$0000002E)
    .ARM.Collect$$libinit$$00000030          0x1a0001d6   Section        0  libinit2.o(.ARM.Collect$$libinit$$00000030)
    .ARM.Collect$$libinit$$00000032          0x1a0001d6   Section        0  libinit2.o(.ARM.Collect$$libinit$$00000032)
    .ARM.Collect$$libinit$$00000033          0x1a0001d6   Section        2  libinit2.o(.ARM.Collect$$libinit$$00000033)
    .ARM.Collect$$libshutdown$$00000000      0x1a0001d8   Section        2  libshutdown.o(.ARM.Collect$$libshutdown$$00000000)
    .ARM.Collect$$libshutdown$$00000002      0x1a0001da   Section        0  libshutdown2.o(.ARM.Collect$$libshutdown$$00000002)
    .ARM.Collect$$libshutdown$$00000004      0x1a0001da   Section        0  libshutdown2.o(.ARM.Collect$$libshutdown$$00000004)
    .ARM.Collect$$libshutdown$$00000007      0x1a0001da   Section        0  libshutdown2.o(.ARM.Collect$$libshutdown$$00000007)
    .ARM.Collect$$libshutdown$$0000000A      0x1a0001da   Section        0  libshutdown2.o(.ARM.Collect$$libshutdown$$0000000A)
    .ARM.Collect$$libshutdown$$0000000C      0x1a0001da   Section        0  libshutdown2.o(.ARM.Collect$$libshutdown$$0000000C)
    .ARM.Collect$$libshutdown$$0000000F      0x1a0001da   Section        0  libshutdown2.o(.ARM.Collect$$libshutdown$$0000000F)
    .ARM.Collect$$libshutdown$$00000010      0x1a0001da   Section        2  libshutdown2.o(.ARM.Collect$$libshutdown$$00000010)
    .ARM.Collect$$rtentry$$00000000          0x1a0001dc   Section        0  __rtentry.o(.ARM.Collect$$rtentry$$00000000)
    .ARM.Collect$$rtentry$$00000002          0x1a0001dc   Section        0  __rtentry2.o(.ARM.Collect$$rtentry$$00000002)
    .ARM.Collect$$rtentry$$00000004          0x1a0001dc   Section        6  __rtentry4.o(.ARM.Collect$$rtentry$$00000004)
    .ARM.Collect$$rtentry$$00000009          0x1a0001e2   Section        0  __rtentry2.o(.ARM.Collect$$rtentry$$00000009)
    .ARM.Collect$$rtentry$$0000000A          0x1a0001e2   Section        4  __rtentry2.o(.ARM.Collect$$rtentry$$0000000A)
    .ARM.Collect$$rtentry$$0000000C          0x1a0001e6   Section        0  __rtentry2.o(.ARM.Collect$$rtentry$$0000000C)
    .ARM.Collect$$rtentry$$0000000D          0x1a0001e6   Section        8  __rtentry2.o(.ARM.Collect$$rtentry$$0000000D)
    .ARM.Collect$$rtexit$$00000000           0x1a0001ee   Section        2  rtexit.o(.ARM.Collect$$rtexit$$00000000)
    .ARM.Collect$$rtexit$$00000002           0x1a0001f0   Section        0  rtexit2.o(.ARM.Collect$$rtexit$$00000002)
    .ARM.Collect$$rtexit$$00000003           0x1a0001f0   Section        4  rtexit2.o(.ARM.Collect$$rtexit$$00000003)
    .ARM.Collect$$rtexit$$00000004           0x1a0001f4   Section        6  rtexit2.o(.ARM.Collect$$rtexit$$00000004)
    .text                                    0x1a0001fc   Section       64  keil_startup_lpc18xx43xx.o(.text)
    $v0                                      0x1a0001fc   Number         0  keil_startup_lpc18xx43xx.o(.text)
    .text                                    0x1a00023c   Section      238  lludivv7m.o(.text)
    .text                                    0x1a00032a   Section      138  rt_memcpy_v6.o(.text)
    .text                                    0x1a0003b4   Section      100  rt_memcpy_w.o(.text)
    .text                                    0x1a000418   Section       78  rt_memclr_w.o(.text)
    .text                                    0x1a000466   Section        0  heapauxi.o(.text)
    .text                                    0x1a00046c   Section       74  sys_stackheap_outer.o(.text)
    .text                                    0x1a0004b6   Section        0  exit.o(.text)
    .text                                    0x1a0004c8   Section        8  libspace.o(.text)
    i.ABS                                    0x1a0004d0   Section        0  clock_18xx_43xx.o(i.ABS)
    ABS                                      0x1a0004d1   Thumb Code     8  clock_18xx_43xx.o(i.ABS)
    i.App_DMA_Test                           0x1a0004d8   Section        0  uart.o(i.App_DMA_Test)
    App_DMA_Test                             0x1a0004d9   Thumb Code   182  uart.o(i.App_DMA_Test)
    i.App_Interrupt_Test                     0x1a000598   Section        0  uart.o(i.App_Interrupt_Test)
    App_Interrupt_Test                       0x1a000599   Thumb Code   166  uart.o(i.App_Interrupt_Test)
    i.Board_Debug_Init                       0x1a000650   Section        0  board.o(i.Board_Debug_Init)
    i.Board_Init                             0x1a000678   Section        0  board.o(i.Board_Init)
    i.Board_SetupClocking                    0x1a0006d0   Section        0  board_sysinit.o(i.Board_SetupClocking)
    i.Board_SetupMuxing                      0x1a000744   Section        0  board_sysinit.o(i.Board_SetupMuxing)
    i.Board_SystemInit                       0x1a000774   Section        0  board_sysinit.o(i.Board_SystemInit)
    i.Board_UART_Init                        0x1a000784   Section        0  board.o(i.Board_UART_Init)
    i.Chip_Clock_CalcMainPLLValue            0x1a00079c   Section        0  clock_18xx_43xx.o(i.Chip_Clock_CalcMainPLLValue)
    i.Chip_Clock_Disable                     0x1a00080c   Section        0  clock_18xx_43xx.o(i.Chip_Clock_Disable)
    i.Chip_Clock_EnableCrystal               0x1a000838   Section        0  clock_18xx_43xx.o(i.Chip_Clock_EnableCrystal)
    i.Chip_Clock_EnableOpts                  0x1a00087c   Section        0  clock_18xx_43xx.o(i.Chip_Clock_EnableOpts)
    i.Chip_Clock_GetBaseClock                0x1a0008b0   Section        0  clock_18xx_43xx.o(i.Chip_Clock_GetBaseClock)
    i.Chip_Clock_GetBaseClocktHz             0x1a0008d0   Section        0  clock_18xx_43xx.o(i.Chip_Clock_GetBaseClocktHz)
    i.Chip_Clock_GetClockInputHz             0x1a0008e0   Section        0  clock_18xx_43xx.o(i.Chip_Clock_GetClockInputHz)
    i.Chip_Clock_GetDivRate                  0x1a000980   Section        0  clock_18xx_43xx.o(i.Chip_Clock_GetDivRate)
    Chip_Clock_GetDivRate                    0x1a000981   Thumb Code    34  clock_18xx_43xx.o(i.Chip_Clock_GetDivRate)
    i.Chip_Clock_GetDividerDivisor           0x1a0009a4   Section        0  clock_18xx_43xx.o(i.Chip_Clock_GetDividerDivisor)
    i.Chip_Clock_GetDividerSource            0x1a0009c4   Section        0  clock_18xx_43xx.o(i.Chip_Clock_GetDividerSource)
    i.Chip_Clock_GetMainPLLHz                0x1a0009e0   Section        0  clock_18xx_43xx.o(i.Chip_Clock_GetMainPLLHz)
    i.Chip_Clock_GetRate                     0x1a000a3c   Section        0  clock_18xx_43xx.o(i.Chip_Clock_GetRate)
    i.Chip_Clock_SetBaseClock                0x1a000ab4   Section        0  clock_18xx_43xx.o(i.Chip_Clock_SetBaseClock)
    i.Chip_Clock_SetupMainPLL                0x1a000aec   Section        0  sysinit_18xx_43xx.o(i.Chip_Clock_SetupMainPLL)
    Chip_Clock_SetupMainPLL                  0x1a000aed   Thumb Code    32  sysinit_18xx_43xx.o(i.Chip_Clock_SetupMainPLL)
    i.Chip_GPDMA_ChannelCmd                  0x1a000b10   Section        0  gpdma_18xx_43xx.o(i.Chip_GPDMA_ChannelCmd)
    i.Chip_GPDMA_ClearIntPending             0x1a000b2c   Section        0  gpdma_18xx_43xx.o(i.Chip_GPDMA_ClearIntPending)
    i.Chip_GPDMA_GetFreeChannel              0x1a000b3c   Section        0  gpdma_18xx_43xx.o(i.Chip_GPDMA_GetFreeChannel)
    i.Chip_GPDMA_Init                        0x1a000b6c   Section        0  gpdma_18xx_43xx.o(i.Chip_GPDMA_Init)
    i.Chip_GPDMA_InitChannelCfg              0x1a000ba8   Section        0  gpdma_18xx_43xx.o(i.Chip_GPDMA_InitChannelCfg)
    i.Chip_GPDMA_IntGetStatus                0x1a000c0c   Section        0  gpdma_18xx_43xx.o(i.Chip_GPDMA_IntGetStatus)
    i.Chip_GPDMA_Interrupt                   0x1a000c3a   Section        0  gpdma_18xx_43xx.o(i.Chip_GPDMA_Interrupt)
    i.Chip_GPDMA_Stop                        0x1a000c7c   Section        0  gpdma_18xx_43xx.o(i.Chip_GPDMA_Stop)
    i.Chip_GPDMA_Transfer                    0x1a000cc0   Section        0  gpdma_18xx_43xx.o(i.Chip_GPDMA_Transfer)
    i.Chip_GPIO_Init                         0x1a000d50   Section        0  gpio_18xx_43xx.o(i.Chip_GPIO_Init)
    i.Chip_GPIO_SetPinDIROutput              0x1a000d52   Section        0  board.o(i.Chip_GPIO_SetPinDIROutput)
    Chip_GPIO_SetPinDIROutput                0x1a000d53   Thumb Code    20  board.o(i.Chip_GPIO_SetPinDIROutput)
    i.Chip_SetupCoreClock                    0x1a000d68   Section        0  sysinit_18xx_43xx.o(i.Chip_SetupCoreClock)
    i.Chip_UART_ABCmd                        0x1a000e58   Section        0  uart_18xx_43xx.o(i.Chip_UART_ABCmd)
    i.Chip_UART_CheckBusy                    0x1a000e90   Section        0  uart_18xx_43xx.o(i.Chip_UART_CheckBusy)
    i.Chip_UART_DeInit                       0x1a000ea0   Section        0  uart_18xx_43xx.o(i.Chip_UART_DeInit)
    i.Chip_UART_GetABEOStatus                0x1a000ebc   Section        0  uart_18xx_43xx.o(i.Chip_UART_GetABEOStatus)
    i.Chip_UART_GetIndex                     0x1a000ec8   Section        0  uart_18xx_43xx.o(i.Chip_UART_GetIndex)
    Chip_UART_GetIndex                       0x1a000ec9   Thumb Code    40  uart_18xx_43xx.o(i.Chip_UART_GetIndex)
    i.Chip_UART_IRQRBHandler                 0x1a000ef4   Section        0  uart_18xx_43xx.o(i.Chip_UART_IRQRBHandler)
    i.Chip_UART_Init                         0x1a000f60   Section        0  uart_18xx_43xx.o(i.Chip_UART_Init)
    i.Chip_UART_RXIntHandlerRB               0x1a000fac   Section        0  uart_18xx_43xx.o(i.Chip_UART_RXIntHandlerRB)
    i.Chip_UART_Read                         0x1a000fca   Section        0  uart_18xx_43xx.o(i.Chip_UART_Read)
    i.Chip_UART_ReadRB                       0x1a000fe6   Section        0  uart_18xx_43xx.o(i.Chip_UART_ReadRB)
    i.Chip_UART_Send                         0x1a000ff6   Section        0  uart_18xx_43xx.o(i.Chip_UART_Send)
    i.Chip_UART_SendBlocking                 0x1a001012   Section        0  uart_18xx_43xx.o(i.Chip_UART_SendBlocking)
    i.Chip_UART_SendRB                       0x1a001036   Section        0  uart_18xx_43xx.o(i.Chip_UART_SendRB)
    i.Chip_UART_SetBaudFDR                   0x1a001078   Section        0  uart_18xx_43xx.o(i.Chip_UART_SetBaudFDR)
    i.Chip_UART_TXIntHandlerRB               0x1a001144   Section        0  uart_18xx_43xx.o(i.Chip_UART_TXIntHandlerRB)
    i.DMA_IRQHandler                         0x1a001178   Section        0  uart.o(i.DMA_IRQHandler)
    i.NVIC_DisableIRQ                        0x1a0011a8   Section        0  uart.o(i.NVIC_DisableIRQ)
    NVIC_DisableIRQ                          0x1a0011a9   Thumb Code    22  uart.o(i.NVIC_DisableIRQ)
    i.NVIC_EnableIRQ                         0x1a0011be   Section        0  uart.o(i.NVIC_EnableIRQ)
    NVIC_EnableIRQ                           0x1a0011bf   Thumb Code    22  uart.o(i.NVIC_EnableIRQ)
    i.NVIC_SetPriority                       0x1a0011d4   Section        0  uart.o(i.NVIC_SetPriority)
    NVIC_SetPriority                         0x1a0011d5   Thumb Code    32  uart.o(i.NVIC_SetPriority)
    i.Print_Menu_Polling                     0x1a0011f4   Section        0  uart.o(i.Print_Menu_Polling)
    Print_Menu_Polling                       0x1a0011f5   Thumb Code    42  uart.o(i.Print_Menu_Polling)
    i.RingBuffer_Init                        0x1a001228   Section        0  ring_buffer.o(i.RingBuffer_Init)
    i.RingBuffer_Insert                      0x1a001238   Section        0  ring_buffer.o(i.RingBuffer_Insert)
    i.RingBuffer_InsertMult                  0x1a001268   Section        0  ring_buffer.o(i.RingBuffer_InsertMult)
    i.RingBuffer_IsEmpty                     0x1a0012e2   Section        0  uart_18xx_43xx.o(i.RingBuffer_IsEmpty)
    RingBuffer_IsEmpty                       0x1a0012e3   Thumb Code    16  uart_18xx_43xx.o(i.RingBuffer_IsEmpty)
    i.RingBuffer_IsEmpty                     0x1a0012f2   Section        0  ring_buffer.o(i.RingBuffer_IsEmpty)
    RingBuffer_IsEmpty                       0x1a0012f3   Thumb Code    16  ring_buffer.o(i.RingBuffer_IsEmpty)
    i.RingBuffer_IsFull                      0x1a001302   Section        0  ring_buffer.o(i.RingBuffer_IsFull)
    RingBuffer_IsFull                        0x1a001303   Thumb Code    20  ring_buffer.o(i.RingBuffer_IsFull)
    i.RingBuffer_Pop                         0x1a001316   Section        0  ring_buffer.o(i.RingBuffer_Pop)
    i.RingBuffer_PopMult                     0x1a001346   Section        0  ring_buffer.o(i.RingBuffer_PopMult)
    i.SystemCoreClockUpdate                  0x1a0013bc   Section        0  chip_18xx_43xx.o(i.SystemCoreClockUpdate)
    i.SystemInit                             0x1a0013d0   Section        0  sysinit.o(i.SystemInit)
    i.UART0_IRQHandler                       0x1a0013ec   Section        0  uart.o(i.UART0_IRQHandler)
    i._sys_exit                              0x1a001400   Section        0  board.o(i._sys_exit)
    i.configDMAMux                           0x1a001404   Section        0  gpdma_18xx_43xx.o(i.configDMAMux)
    configDMAMux                             0x1a001405   Thumb Code   220  gpdma_18xx_43xx.o(i.configDMAMux)
    i.fpuInit                                0x1a0014e4   Section        0  fpu_init.o(i.fpuInit)
    i.main                                   0x1a001520   Section        0  uart.o(i.main)
    i.makeCtrlWord                           0x1a001620   Section        0  gpdma_18xx_43xx.o(i.makeCtrlWord)
    i.pll_calc_divs                          0x1a0016b0   Section        0  clock_18xx_43xx.o(i.pll_calc_divs)
    pll_calc_divs                            0x1a0016b1   Thumb Code   152  clock_18xx_43xx.o(i.pll_calc_divs)
    i.pll_get_frac                           0x1a001750   Section        0  clock_18xx_43xx.o(i.pll_get_frac)
    pll_get_frac                             0x1a001751   Thumb Code   184  clock_18xx_43xx.o(i.pll_get_frac)
    i.setupChannel                           0x1a00180c   Section        0  gpdma_18xx_43xx.o(i.setupChannel)
    x$fpl$fpinit                             0x1a001874   Section       10  fpinit.o(x$fpl$fpinit)
    $v0                                      0x1a001874   Number         0  fpinit.o(x$fpl$fpinit)
    .constdata                               0x1a001880   Section        4  board.o(.constdata)
    .constdata                               0x1a001884   Section        4  board.o(.constdata)
    .constdata                               0x1a001888   Section        6  board.o(.constdata)
    gpioLEDBits                              0x1a001888   Data           6  board.o(.constdata)
    .constdata                               0x1a00188e   Section       64  board_sysinit.o(.constdata)
    InitClkStates                            0x1a00188e   Data          12  board_sysinit.o(.constdata)
    pinmuxing                                0x1a00189a   Data          52  board_sysinit.o(.constdata)
    .constdata                               0x1a0018ce   Section       60  gpdma_18xx_43xx.o(.constdata)
    GPDMA_LUTPerBurst                        0x1a0018ce   Data          30  gpdma_18xx_43xx.o(.constdata)
    GPDMA_LUTPerWid                          0x1a0018ec   Data          30  gpdma_18xx_43xx.o(.constdata)
    .constdata                               0x1a00190a   Section       16  uart_18xx_43xx.o(.constdata)
    UART_PClock                              0x1a00190a   Data           8  uart_18xx_43xx.o(.constdata)
    UART_BClock                              0x1a001912   Data           8  uart_18xx_43xx.o(.constdata)
    .constdata                               0x1a00191a   Section      108  clock_18xx_43xx.o(.constdata)
    periph_to_base                           0x1a00191a   Data         108  clock_18xx_43xx.o(.constdata)
    .constdata                               0x1a001986   Section       72  sysinit_18xx_43xx.o(.constdata)
    InitClkStates                            0x1a001986   Data          72  sysinit_18xx_43xx.o(.constdata)

    Global Symbols

    Symbol Name                              Value     Ov Type        Size  Object(Section)

    BuildAttributes$$THM_ISAv4$E$P$D$K$B$S$7EM$VFPi3$EXTD16$VFPS$VFMA$PE$A:L22UL41UL21$X:L11$S22US41US21$IEEE1$IW$USESV6$~STKCKD$USESV7$~SHL$OSPACE$ROPI$EBA8$UX$STANDARDLIB$REQ8$PRES8$EABIv2 0x00000000   Number         0  anon$$obj.o ABSOLUTE
    __ARM_use_no_argv                        0x00000000   Number         0  uart.o ABSOLUTE
    __ARM_exceptions_init                     - Undefined Weak Reference
    __alloca_initialize                       - Undefined Weak Reference
    __arm_preinit_                            - Undefined Weak Reference
    __cpp_initialize__aeabi_                  - Undefined Weak Reference
    __cxa_finalize                            - Undefined Weak Reference
    __rt_locale                               - Undefined Weak Reference
    __sigvec_lookup                           - Undefined Weak Reference
    _atexit_init                              - Undefined Weak Reference
    _call_atexit_fns                          - Undefined Weak Reference
    _clock_init                               - Undefined Weak Reference
    _fp_trap_init                             - Undefined Weak Reference
    _fp_trap_shutdown                         - Undefined Weak Reference
    _get_lc_collate                           - Undefined Weak Reference
    _get_lc_ctype                             - Undefined Weak Reference
    _get_lc_monetary                          - Undefined Weak Reference
    _get_lc_numeric                           - Undefined Weak Reference
    _get_lc_time                              - Undefined Weak Reference
    _getenv_init                              - Undefined Weak Reference
    _handle_redirection                       - Undefined Weak Reference
    _init_alloc                               - Undefined Weak Reference
    _init_user_alloc                          - Undefined Weak Reference
    _initio                                   - Undefined Weak Reference
    _rand_init                                - Undefined Weak Reference
    _signal_finish                            - Undefined Weak Reference
    _signal_init                              - Undefined Weak Reference
    _terminate_alloc                          - Undefined Weak Reference
    _terminate_user_alloc                     - Undefined Weak Reference
    _terminateio                              - Undefined Weak Reference
    SystemCoreClock                          0x10000294   Data           4  chip_18xx_43xx.o(.data)
    __libspace_start                         0x1000054c   Data          96  libspace.o(.bss)
    __temporary_stack_top$libspace           0x100005ac   Data           0  libspace.o(.bss)
    __Vectors                                0x1a000000   Data           4  keil_startup_lpc18xx43xx.o(RESET)
    __main                                   0x1a000115   Thumb Code     8  __main.o(!!!main)
    __scatterload                            0x1a00011d   Thumb Code     0  __scatter.o(!!!scatter)
    __scatterload_rt2                        0x1a00011d   Thumb Code    44  __scatter.o(!!!scatter)
    __scatterload_rt2_thumb_only             0x1a00011d   Thumb Code     0  __scatter.o(!!!scatter)
    __scatterload_null                       0x1a00012b   Thumb Code     0  __scatter.o(!!!scatter)
    __decompress                             0x1a000151   Thumb Code   100  __dclz77c.o(!!dclz77c)
    __decompress2                            0x1a000151   Thumb Code     0  __dclz77c.o(!!dclz77c)
    __scatterload_zeroinit                   0x1a0001b5   Thumb Code    28  __scatter_zi.o(!!handler_zi)
    __rt_lib_init                            0x1a0001d1   Thumb Code     0  libinit.o(.ARM.Collect$$libinit$$00000000)
    __rt_lib_init_fp_1                       0x1a0001d3   Thumb Code     0  libinit2.o(.ARM.Collect$$libinit$$00000001)
    __rt_lib_init_alloca_1                   0x1a0001d7   Thumb Code     0  libinit2.o(.ARM.Collect$$libinit$$0000002E)
    __rt_lib_init_argv_1                     0x1a0001d7   Thumb Code     0  libinit2.o(.ARM.Collect$$libinit$$0000002C)
    __rt_lib_init_atexit_1                   0x1a0001d7   Thumb Code     0  libinit2.o(.ARM.Collect$$libinit$$0000001B)
    __rt_lib_init_clock_1                    0x1a0001d7   Thumb Code     0  libinit2.o(.ARM.Collect$$libinit$$00000021)
    __rt_lib_init_cpp_1                      0x1a0001d7   Thumb Code     0  libinit2.o(.ARM.Collect$$libinit$$00000032)
    __rt_lib_init_exceptions_1               0x1a0001d7   Thumb Code     0  libinit2.o(.ARM.Collect$$libinit$$00000030)
    __rt_lib_init_fp_trap_1                  0x1a0001d7   Thumb Code     0  libinit2.o(.ARM.Collect$$libinit$$0000001F)
    __rt_lib_init_getenv_1                   0x1a0001d7   Thumb Code     0  libinit2.o(.ARM.Collect$$libinit$$00000023)
    __rt_lib_init_heap_1                     0x1a0001d7   Thumb Code     0  libinit2.o(.ARM.Collect$$libinit$$0000000A)
    __rt_lib_init_lc_collate_1               0x1a0001d7   Thumb Code     0  libinit2.o(.ARM.Collect$$libinit$$00000011)
    __rt_lib_init_lc_ctype_1                 0x1a0001d7   Thumb Code     0  libinit2.o(.ARM.Collect$$libinit$$00000013)
    __rt_lib_init_lc_monetary_1              0x1a0001d7   Thumb Code     0  libinit2.o(.ARM.Collect$$libinit$$00000015)
    __rt_lib_init_lc_numeric_1               0x1a0001d7   Thumb Code     0  libinit2.o(.ARM.Collect$$libinit$$00000017)
    __rt_lib_init_lc_time_1                  0x1a0001d7   Thumb Code     0  libinit2.o(.ARM.Collect$$libinit$$00000019)
    __rt_lib_init_preinit_1                  0x1a0001d7   Thumb Code     0  libinit2.o(.ARM.Collect$$libinit$$00000004)
    __rt_lib_init_rand_1                     0x1a0001d7   Thumb Code     0  libinit2.o(.ARM.Collect$$libinit$$0000000E)
    __rt_lib_init_return                     0x1a0001d7   Thumb Code     0  libinit2.o(.ARM.Collect$$libinit$$00000033)
    __rt_lib_init_signal_1                   0x1a0001d7   Thumb Code     0  libinit2.o(.ARM.Collect$$libinit$$0000001D)
    __rt_lib_init_stdio_1                    0x1a0001d7   Thumb Code     0  libinit2.o(.ARM.Collect$$libinit$$00000025)
    __rt_lib_init_user_alloc_1               0x1a0001d7   Thumb Code     0  libinit2.o(.ARM.Collect$$libinit$$0000000C)
    __rt_lib_shutdown                        0x1a0001d9   Thumb Code     0  libshutdown.o(.ARM.Collect$$libshutdown$$00000000)
    __rt_lib_shutdown_cpp_1                  0x1a0001db   Thumb Code     0  libshutdown2.o(.ARM.Collect$$libshutdown$$00000002)
    __rt_lib_shutdown_fp_trap_1              0x1a0001db   Thumb Code     0  libshutdown2.o(.ARM.Collect$$libshutdown$$00000007)
    __rt_lib_shutdown_heap_1                 0x1a0001db   Thumb Code     0  libshutdown2.o(.ARM.Collect$$libshutdown$$0000000F)
    __rt_lib_shutdown_return                 0x1a0001db   Thumb Code     0  libshutdown2.o(.ARM.Collect$$libshutdown$$00000010)
    __rt_lib_shutdown_signal_1               0x1a0001db   Thumb Code     0  libshutdown2.o(.ARM.Collect$$libshutdown$$0000000A)
    __rt_lib_shutdown_stdio_1                0x1a0001db   Thumb Code     0  libshutdown2.o(.ARM.Collect$$libshutdown$$00000004)
    __rt_lib_shutdown_user_alloc_1           0x1a0001db   Thumb Code     0  libshutdown2.o(.ARM.Collect$$libshutdown$$0000000C)
    __rt_entry                               0x1a0001dd   Thumb Code     0  __rtentry.o(.ARM.Collect$$rtentry$$00000000)
    __rt_entry_presh_1                       0x1a0001dd   Thumb Code     0  __rtentry2.o(.ARM.Collect$$rtentry$$00000002)
    __rt_entry_sh                            0x1a0001dd   Thumb Code     0  __rtentry4.o(.ARM.Collect$$rtentry$$00000004)
    __rt_entry_li                            0x1a0001e3   Thumb Code     0  __rtentry2.o(.ARM.Collect$$rtentry$$0000000A)
    __rt_entry_postsh_1                      0x1a0001e3   Thumb Code     0  __rtentry2.o(.ARM.Collect$$rtentry$$00000009)
    __rt_entry_main                          0x1a0001e7   Thumb Code     0  __rtentry2.o(.ARM.Collect$$rtentry$$0000000D)
    __rt_entry_postli_1                      0x1a0001e7   Thumb Code     0  __rtentry2.o(.ARM.Collect$$rtentry$$0000000C)
    __rt_exit                                0x1a0001ef   Thumb Code     0  rtexit.o(.ARM.Collect$$rtexit$$00000000)
    __rt_exit_ls                             0x1a0001f1   Thumb Code     0  rtexit2.o(.ARM.Collect$$rtexit$$00000003)
    __rt_exit_prels_1                        0x1a0001f1   Thumb Code     0  rtexit2.o(.ARM.Collect$$rtexit$$00000002)
    __rt_exit_exit                           0x1a0001f5   Thumb Code     0  rtexit2.o(.ARM.Collect$$rtexit$$00000004)
    Reset_Handler                            0x1a0001fd   Thumb Code     8  keil_startup_lpc18xx43xx.o(.text)
    NMI_Handler                              0x1a000205   Thumb Code     2  keil_startup_lpc18xx43xx.o(.text)
    HardFault_Handler                        0x1a000207   Thumb Code     2  keil_startup_lpc18xx43xx.o(.text)
    MemManage_Handler                        0x1a000209   Thumb Code     2  keil_startup_lpc18xx43xx.o(.text)
    BusFault_Handler                         0x1a00020b   Thumb Code     2  keil_startup_lpc18xx43xx.o(.text)
    UsageFault_Handler                       0x1a00020d   Thumb Code     2  keil_startup_lpc18xx43xx.o(.text)
    SVC_Handler                              0x1a00020f   Thumb Code     2  keil_startup_lpc18xx43xx.o(.text)
    DebugMon_Handler                         0x1a000211   Thumb Code     2  keil_startup_lpc18xx43xx.o(.text)
    PendSV_Handler                           0x1a000213   Thumb Code     2  keil_startup_lpc18xx43xx.o(.text)
    SysTick_Handler                          0x1a000215   Thumb Code     2  keil_startup_lpc18xx43xx.o(.text)
    UnHandled_Vector                         0x1a000217   Thumb Code     2  keil_startup_lpc18xx43xx.o(.text)
    ADC0_IRQHandler                          0x1a000219   Thumb Code     0  keil_startup_lpc18xx43xx.o(.text)
    ADC1_IRQHandler                          0x1a000219   Thumb Code     0  keil_startup_lpc18xx43xx.o(.text)
    ADCHS_IRQHandler                         0x1a000219   Thumb Code     0  keil_startup_lpc18xx43xx.o(.text)
    ATIMER_IRQHandler                        0x1a000219   Thumb Code     0  keil_startup_lpc18xx43xx.o(.text)
    CAN0_IRQHandler                          0x1a000219   Thumb Code     0  keil_startup_lpc18xx43xx.o(.text)
    CAN1_IRQHandler                          0x1a000219   Thumb Code     0  keil_startup_lpc18xx43xx.o(.text)
    DAC_IRQHandler                           0x1a000219   Thumb Code     0  keil_startup_lpc18xx43xx.o(.text)
    ETH_IRQHandler                           0x1a000219   Thumb Code     0  keil_startup_lpc18xx43xx.o(.text)
    EVRT_IRQHandler                          0x1a000219   Thumb Code     0  keil_startup_lpc18xx43xx.o(.text)
    FLASH_EEPROM_IRQHandler                  0x1a000219   Thumb Code     0  keil_startup_lpc18xx43xx.o(.text)
    GINT0_IRQHandler                         0x1a000219   Thumb Code     0  keil_startup_lpc18xx43xx.o(.text)
    GINT1_IRQHandler                         0x1a000219   Thumb Code     0  keil_startup_lpc18xx43xx.o(.text)
    GPIO0_IRQHandler                         0x1a000219   Thumb Code     0  keil_startup_lpc18xx43xx.o(.text)
    GPIO1_IRQHandler                         0x1a000219   Thumb Code     0  keil_startup_lpc18xx43xx.o(.text)
    GPIO2_IRQHandler                         0x1a000219   Thumb Code     0  keil_startup_lpc18xx43xx.o(.text)
    GPIO3_IRQHandler                         0x1a000219   Thumb Code     0  keil_startup_lpc18xx43xx.o(.text)
    GPIO4_IRQHandler                         0x1a000219   Thumb Code     0  keil_startup_lpc18xx43xx.o(.text)
    GPIO5_IRQHandler                         0x1a000219   Thumb Code     0  keil_startup_lpc18xx43xx.o(.text)
    GPIO6_IRQHandler                         0x1a000219   Thumb Code     0  keil_startup_lpc18xx43xx.o(.text)
    GPIO7_IRQHandler                         0x1a000219   Thumb Code     0  keil_startup_lpc18xx43xx.o(.text)
    I2C0_IRQHandler                          0x1a000219   Thumb Code     0  keil_startup_lpc18xx43xx.o(.text)
    I2C1_IRQHandler                          0x1a000219   Thumb Code     0  keil_startup_lpc18xx43xx.o(.text)
    I2S0_IRQHandler                          0x1a000219   Thumb Code     0  keil_startup_lpc18xx43xx.o(.text)
    I2S1_IRQHandler                          0x1a000219   Thumb Code     0  keil_startup_lpc18xx43xx.o(.text)
    LCD_IRQHandler                           0x1a000219   Thumb Code     0  keil_startup_lpc18xx43xx.o(.text)
    M0APP_IRQHandler                         0x1a000219   Thumb Code     0  keil_startup_lpc18xx43xx.o(.text)
    M0SUB_IRQHandler                         0x1a000219   Thumb Code     0  keil_startup_lpc18xx43xx.o(.text)
    MCPWM_IRQHandler                         0x1a000219   Thumb Code     0  keil_startup_lpc18xx43xx.o(.text)
    QEI_IRQHandler                           0x1a000219   Thumb Code     0  keil_startup_lpc18xx43xx.o(.text)
    RIT_IRQHandler                           0x1a000219   Thumb Code     0  keil_startup_lpc18xx43xx.o(.text)
    RTC_IRQHandler                           0x1a000219   Thumb Code     0  keil_startup_lpc18xx43xx.o(.text)
    SCT_IRQHandler                           0x1a000219   Thumb Code     0  keil_startup_lpc18xx43xx.o(.text)
    SDIO_IRQHandler                          0x1a000219   Thumb Code     0  keil_startup_lpc18xx43xx.o(.text)
    SGPIO_IRQHandler                         0x1a000219   Thumb Code     0  keil_startup_lpc18xx43xx.o(.text)
    SPIFI_IRQHandler                         0x1a000219   Thumb Code     0  keil_startup_lpc18xx43xx.o(.text)
    SPI_IRQHandler                           0x1a000219   Thumb Code     0  keil_startup_lpc18xx43xx.o(.text)
    SSP0_IRQHandler                          0x1a000219   Thumb Code     0  keil_startup_lpc18xx43xx.o(.text)
    SSP1_IRQHandler                          0x1a000219   Thumb Code     0  keil_startup_lpc18xx43xx.o(.text)
    TIMER0_IRQHandler                        0x1a000219   Thumb Code     0  keil_startup_lpc18xx43xx.o(.text)
    TIMER1_IRQHandler                        0x1a000219   Thumb Code     0  keil_startup_lpc18xx43xx.o(.text)
    TIMER2_IRQHandler                        0x1a000219   Thumb Code     0  keil_startup_lpc18xx43xx.o(.text)
    TIMER3_IRQHandler                        0x1a000219   Thumb Code     0  keil_startup_lpc18xx43xx.o(.text)
    UART1_IRQHandler                         0x1a000219   Thumb Code     0  keil_startup_lpc18xx43xx.o(.text)
    UART2_IRQHandler                         0x1a000219   Thumb Code     0  keil_startup_lpc18xx43xx.o(.text)
    UART3_IRQHandler                         0x1a000219   Thumb Code     0  keil_startup_lpc18xx43xx.o(.text)
    USB0_IRQHandler                          0x1a000219   Thumb Code     0  keil_startup_lpc18xx43xx.o(.text)
    USB1_IRQHandler                          0x1a000219   Thumb Code     0  keil_startup_lpc18xx43xx.o(.text)
    WDT_IRQHandler                           0x1a000219   Thumb Code     0  keil_startup_lpc18xx43xx.o(.text)
    __user_initial_stackheap                 0x1a00021d   Thumb Code     0  keil_startup_lpc18xx43xx.o(.text)
    __aeabi_uldivmod                         0x1a00023d   Thumb Code     0  lludivv7m.o(.text)
    _ll_udiv                                 0x1a00023d   Thumb Code   238  lludivv7m.o(.text)
    __aeabi_memcpy                           0x1a00032b   Thumb Code     0  rt_memcpy_v6.o(.text)
    __rt_memcpy                              0x1a00032b   Thumb Code   138  rt_memcpy_v6.o(.text)
    _memcpy_lastbytes                        0x1a000391   Thumb Code     0  rt_memcpy_v6.o(.text)
    __aeabi_memcpy4                          0x1a0003b5   Thumb Code     0  rt_memcpy_w.o(.text)
    __aeabi_memcpy8                          0x1a0003b5   Thumb Code     0  rt_memcpy_w.o(.text)
    __rt_memcpy_w                            0x1a0003b5   Thumb Code   100  rt_memcpy_w.o(.text)
    _memcpy_lastbytes_aligned                0x1a0003fd   Thumb Code     0  rt_memcpy_w.o(.text)
    __aeabi_memclr4                          0x1a000419   Thumb Code     0  rt_memclr_w.o(.text)
    __aeabi_memclr8                          0x1a000419   Thumb Code     0  rt_memclr_w.o(.text)
    __rt_memclr_w                            0x1a000419   Thumb Code    78  rt_memclr_w.o(.text)
    _memset_w                                0x1a00041d   Thumb Code     0  rt_memclr_w.o(.text)
    __use_two_region_memory                  0x1a000467   Thumb Code     2  heapauxi.o(.text)
    __rt_heap_escrow$2region                 0x1a000469   Thumb Code     2  heapauxi.o(.text)
    __rt_heap_expand$2region                 0x1a00046b   Thumb Code     2  heapauxi.o(.text)
    __user_setup_stackheap                   0x1a00046d   Thumb Code    74  sys_stackheap_outer.o(.text)
    exit                                     0x1a0004b7   Thumb Code    18  exit.o(.text)
    __user_libspace                          0x1a0004c9   Thumb Code     8  libspace.o(.text)
    __user_perproc_libspace                  0x1a0004c9   Thumb Code     0  libspace.o(.text)
    __user_perthread_libspace                0x1a0004c9   Thumb Code     0  libspace.o(.text)
    Board_Debug_Init                         0x1a000651   Thumb Code    36  board.o(i.Board_Debug_Init)
    Board_Init                               0x1a000679   Thumb Code    74  board.o(i.Board_Init)
    Board_SetupClocking                      0x1a0006d1   Thumb Code    98  board_sysinit.o(i.Board_SetupClocking)
    Board_SetupMuxing                        0x1a000745   Thumb Code    40  board_sysinit.o(i.Board_SetupMuxing)
    Board_SystemInit                         0x1a000775   Thumb Code    14  board_sysinit.o(i.Board_SystemInit)
    Board_UART_Init                          0x1a000785   Thumb Code    14  board.o(i.Board_UART_Init)
    Chip_Clock_CalcMainPLLValue              0x1a00079d   Thumb Code    98  clock_18xx_43xx.o(i.Chip_Clock_CalcMainPLLValue)
    Chip_Clock_Disable                       0x1a00080d   Thumb Code    40  clock_18xx_43xx.o(i.Chip_Clock_Disable)
    Chip_Clock_EnableCrystal                 0x1a000839   Thumb Code    54  clock_18xx_43xx.o(i.Chip_Clock_EnableCrystal)
    Chip_Clock_EnableOpts                    0x1a00087d   Thumb Code    46  clock_18xx_43xx.o(i.Chip_Clock_EnableOpts)
    Chip_Clock_GetBaseClock                  0x1a0008b1   Thumb Code    26  clock_18xx_43xx.o(i.Chip_Clock_GetBaseClock)
    Chip_Clock_GetBaseClocktHz               0x1a0008d1   Thumb Code    14  clock_18xx_43xx.o(i.Chip_Clock_GetBaseClocktHz)
    Chip_Clock_GetClockInputHz               0x1a0008e1   Thumb Code   132  clock_18xx_43xx.o(i.Chip_Clock_GetClockInputHz)
    Chip_Clock_GetDividerDivisor             0x1a0009a5   Thumb Code    18  clock_18xx_43xx.o(i.Chip_Clock_GetDividerDivisor)
    Chip_Clock_GetDividerSource              0x1a0009c5   Thumb Code    22  clock_18xx_43xx.o(i.Chip_Clock_GetDividerSource)
    Chip_Clock_GetMainPLLHz                  0x1a0009e1   Thumb Code    84  clock_18xx_43xx.o(i.Chip_Clock_GetMainPLLHz)
    Chip_Clock_GetRate                       0x1a000a3d   Thumb Code   112  clock_18xx_43xx.o(i.Chip_Clock_GetRate)
    Chip_Clock_SetBaseClock                  0x1a000ab5   Thumb Code    48  clock_18xx_43xx.o(i.Chip_Clock_SetBaseClock)
    Chip_GPDMA_ChannelCmd                    0x1a000b11   Thumb Code    28  gpdma_18xx_43xx.o(i.Chip_GPDMA_ChannelCmd)
    Chip_GPDMA_ClearIntPending               0x1a000b2d   Thumb Code    16  gpdma_18xx_43xx.o(i.Chip_GPDMA_ClearIntPending)
    Chip_GPDMA_GetFreeChannel                0x1a000b3d   Thumb Code    44  gpdma_18xx_43xx.o(i.Chip_GPDMA_GetFreeChannel)
    Chip_GPDMA_Init                          0x1a000b6d   Thumb Code    56  gpdma_18xx_43xx.o(i.Chip_GPDMA_Init)
    Chip_GPDMA_InitChannelCfg                0x1a000ba9   Thumb Code    94  gpdma_18xx_43xx.o(i.Chip_GPDMA_InitChannelCfg)
    Chip_GPDMA_IntGetStatus                  0x1a000c0d   Thumb Code    46  gpdma_18xx_43xx.o(i.Chip_GPDMA_IntGetStatus)
    Chip_GPDMA_Interrupt                     0x1a000c3b   Thumb Code    66  gpdma_18xx_43xx.o(i.Chip_GPDMA_Interrupt)
    Chip_GPDMA_Stop                          0x1a000c7d   Thumb Code    64  gpdma_18xx_43xx.o(i.Chip_GPDMA_Stop)
    Chip_GPDMA_Transfer                      0x1a000cc1   Thumb Code   140  gpdma_18xx_43xx.o(i.Chip_GPDMA_Transfer)
    Chip_GPIO_Init                           0x1a000d51   Thumb Code     2  gpio_18xx_43xx.o(i.Chip_GPIO_Init)
    Chip_SetupCoreClock                      0x1a000d69   Thumb Code   226  sysinit_18xx_43xx.o(i.Chip_SetupCoreClock)
    Chip_UART_ABCmd                          0x1a000e59   Thumb Code    56  uart_18xx_43xx.o(i.Chip_UART_ABCmd)
    Chip_UART_CheckBusy                      0x1a000e91   Thumb Code    14  uart_18xx_43xx.o(i.Chip_UART_CheckBusy)
    Chip_UART_DeInit                         0x1a000ea1   Thumb Code    24  uart_18xx_43xx.o(i.Chip_UART_DeInit)
    Chip_UART_GetABEOStatus                  0x1a000ebd   Thumb Code     6  uart_18xx_43xx.o(i.Chip_UART_GetABEOStatus)
    Chip_UART_IRQRBHandler                   0x1a000ef5   Thumb Code   102  uart_18xx_43xx.o(i.Chip_UART_IRQRBHandler)
    Chip_UART_Init                           0x1a000f61   Thumb Code    66  uart_18xx_43xx.o(i.Chip_UART_Init)
    Chip_UART_RXIntHandlerRB                 0x1a000fad   Thumb Code    30  uart_18xx_43xx.o(i.Chip_UART_RXIntHandlerRB)
    Chip_UART_Read                           0x1a000fcb   Thumb Code    28  uart_18xx_43xx.o(i.Chip_UART_Read)
    Chip_UART_ReadRB                         0x1a000fe7   Thumb Code    16  uart_18xx_43xx.o(i.Chip_UART_ReadRB)
    Chip_UART_Send                           0x1a000ff7   Thumb Code    28  uart_18xx_43xx.o(i.Chip_UART_Send)
    Chip_UART_SendBlocking                   0x1a001013   Thumb Code    36  uart_18xx_43xx.o(i.Chip_UART_SendBlocking)
    Chip_UART_SendRB                         0x1a001037   Thumb Code    64  uart_18xx_43xx.o(i.Chip_UART_SendRB)
    Chip_UART_SetBaudFDR                     0x1a001079   Thumb Code   200  uart_18xx_43xx.o(i.Chip_UART_SetBaudFDR)
    Chip_UART_TXIntHandlerRB                 0x1a001145   Thumb Code    52  uart_18xx_43xx.o(i.Chip_UART_TXIntHandlerRB)
    DMA_IRQHandler                           0x1a001179   Thumb Code    40  uart.o(i.DMA_IRQHandler)
    RingBuffer_Init                          0x1a001229   Thumb Code    16  ring_buffer.o(i.RingBuffer_Init)
    RingBuffer_Insert                        0x1a001239   Thumb Code    48  ring_buffer.o(i.RingBuffer_Insert)
    RingBuffer_InsertMult                    0x1a001269   Thumb Code   122  ring_buffer.o(i.RingBuffer_InsertMult)
    RingBuffer_Pop                           0x1a001317   Thumb Code    48  ring_buffer.o(i.RingBuffer_Pop)
    RingBuffer_PopMult                       0x1a001347   Thumb Code   118  ring_buffer.o(i.RingBuffer_PopMult)
    SystemCoreClockUpdate                    0x1a0013bd   Thumb Code    14  chip_18xx_43xx.o(i.SystemCoreClockUpdate)
    SystemInit                               0x1a0013d1   Thumb Code    20  sysinit.o(i.SystemInit)
    UART0_IRQHandler                         0x1a0013ed   Thumb Code    12  uart.o(i.UART0_IRQHandler)
    _sys_exit                                0x1a001401   Thumb Code     4  board.o(i._sys_exit)
    fpuInit                                  0x1a0014e5   Thumb Code    46  fpu_init.o(i.fpuInit)
    main                                     0x1a001521   Thumb Code   244  uart.o(i.main)
    makeCtrlWord                             0x1a001621   Thumb Code   140  gpdma_18xx_43xx.o(i.makeCtrlWord)
    setupChannel                             0x1a00180d   Thumb Code   104  gpdma_18xx_43xx.o(i.setupChannel)
    _fp_init                                 0x1a001875   Thumb Code    10  fpinit.o(x$fpl$fpinit)
    __fplib_config_fpu_vfp                   0x1a00187d   Thumb Code     0  fpinit.o(x$fpl$fpinit)
    __fplib_config_pureend_doubles           0x1a00187d   Thumb Code     0  fpinit.o(x$fpl$fpinit)
    ExtRateIn                                0x1a001880   Data           4  board.o(.constdata)
    OscRateIn                                0x1a001884   Data           4  board.o(.constdata)
    Region$$Table$$Base                      0x1a0019d0   Number         0  anon$$obj.o(Region$$Table)
    Region$$Table$$Limit                     0x1a0019f0   Number         0  anon$$obj.o(Region$$Table)



==============================================================================

Memory Map of the image

  Image Entry point : 0x1a000115

  Load Region LR_IROM1 (Base: 0x1a000000, Size: 0x00001d14, Max: 0x00080000, ABSOLUTE, COMPRESSED[0x00001bbc])

    Execution Region RW_IRAM1 (Exec base: 0x10000000, Load base: 0x1a0019f0, Size: 0x000008b0, Max: 0x00008000, ABSOLUTE, COMPRESSED[0x000001cc])

    Exec Addr    Load Addr    Size         Type   Attr      Idx    E Section Name        Object

    0x10000000   COMPRESSED   0x00000291   Data   RW          238    .data               uart.o
    0x10000291   COMPRESSED   0x00000003   PAD
    0x10000294   COMPRESSED   0x00000004   Data   RW          762    .data               lib_lpc_chip_43xx.lib(chip_18xx_43xx.o)
    0x10000298   COMPRESSED   0x00000080   Data   RW          999    .data               lib_lpc_chip_43xx.lib(gpdma_18xx_43xx.o)
    0x10000318   COMPRESSED   0x00000001   Data   RW         1114    .data               lib_lpc_chip_43xx.lib(uart_18xx_43xx.o)
    0x10000319   COMPRESSED   0x00000003   PAD
    0x1000031c   COMPRESSED   0x00000008   Data   RW         1395    .data               lib_lpc_chip_43xx.lib(clock_18xx_43xx.o)
    0x10000324        -       0x00000228   Zero   RW          237    .bss                uart.o
    0x1000054c        -       0x00000060   Zero   RW         1979    .bss                c_w.l(libspace.o)
    0x100005ac   COMPRESSED   0x00000004   PAD
    0x100005b0        -       0x00000000   Zero   RW          299    HEAP                keil_startup_lpc18xx43xx.o
    0x100005b0        -       0x00000300   Zero   RW          298    STACK               keil_startup_lpc18xx43xx.o


    Execution Region ER_IROM1 (Exec base: 0x1a000000, Load base: 0x1a000000, Size: 0x000019f0, Max: 0x00080000, ABSOLUTE)

    Exec Addr    Load Addr    Size         Type   Attr      Idx    E Section Name        Object

    0x1a000000   0x1a000000   0x00000114   Data   RO          300    RESET               keil_startup_lpc18xx43xx.o
    0x1a000114   0x1a000114   0x00000008   Code   RO         1940  * !!!main             c_w.l(__main.o)
    0x1a00011c   0x1a00011c   0x00000034   Code   RO         2107    !!!scatter          c_w.l(__scatter.o)
    0x1a000150   0x1a000150   0x00000064   Code   RO         2105    !!dclz77c           c_w.l(__dclz77c.o)
    0x1a0001b4   0x1a0001b4   0x0000001c   Code   RO         2109    !!handler_zi        c_w.l(__scatter_zi.o)
    0x1a0001d0   0x1a0001d0   0x00000002   Code   RO         1977    .ARM.Collect$$libinit$$00000000  c_w.l(libinit.o)
    0x1a0001d2   0x1a0001d2   0x00000004   Code   RO         1989    .ARM.Collect$$libinit$$00000001  c_w.l(libinit2.o)
    0x1a0001d6   0x1a0001d6   0x00000000   Code   RO         1992    .ARM.Collect$$libinit$$00000004  c_w.l(libinit2.o)
    0x1a0001d6   0x1a0001d6   0x00000000   Code   RO         1995    .ARM.Collect$$libinit$$0000000A  c_w.l(libinit2.o)
    0x1a0001d6   0x1a0001d6   0x00000000   Code   RO         1997    .ARM.Collect$$libinit$$0000000C  c_w.l(libinit2.o)
    0x1a0001d6   0x1a0001d6   0x00000000   Code   RO         1999    .ARM.Collect$$libinit$$0000000E  c_w.l(libinit2.o)
    0x1a0001d6   0x1a0001d6   0x00000000   Code   RO         2002    .ARM.Collect$$libinit$$00000011  c_w.l(libinit2.o)
    0x1a0001d6   0x1a0001d6   0x00000000   Code   RO         2004    .ARM.Collect$$libinit$$00000013  c_w.l(libinit2.o)
    0x1a0001d6   0x1a0001d6   0x00000000   Code   RO         2006    .ARM.Collect$$libinit$$00000015  c_w.l(libinit2.o)
    0x1a0001d6   0x1a0001d6   0x00000000   Code   RO         2008    .ARM.Collect$$libinit$$00000017  c_w.l(libinit2.o)
    0x1a0001d6   0x1a0001d6   0x00000000   Code   RO         2010    .ARM.Collect$$libinit$$00000019  c_w.l(libinit2.o)
    0x1a0001d6   0x1a0001d6   0x00000000   Code   RO         2012    .ARM.Collect$$libinit$$0000001B  c_w.l(libinit2.o)
    0x1a0001d6   0x1a0001d6   0x00000000   Code   RO         2014    .ARM.Collect$$libinit$$0000001D  c_w.l(libinit2.o)
    0x1a0001d6   0x1a0001d6   0x00000000   Code   RO         2016    .ARM.Collect$$libinit$$0000001F  c_w.l(libinit2.o)
    0x1a0001d6   0x1a0001d6   0x00000000   Code   RO         2018    .ARM.Collect$$libinit$$00000021  c_w.l(libinit2.o)
    0x1a0001d6   0x1a0001d6   0x00000000   Code   RO         2020    .ARM.Collect$$libinit$$00000023  c_w.l(libinit2.o)
    0x1a0001d6   0x1a0001d6   0x00000000   Code   RO         2022    .ARM.Collect$$libinit$$00000025  c_w.l(libinit2.o)
    0x1a0001d6   0x1a0001d6   0x00000000   Code   RO         2026    .ARM.Collect$$libinit$$0000002C  c_w.l(libinit2.o)
    0x1a0001d6   0x1a0001d6   0x00000000   Code   RO         2028    .ARM.Collect$$libinit$$0000002E  c_w.l(libinit2.o)
    0x1a0001d6   0x1a0001d6   0x00000000   Code   RO         2030    .ARM.Collect$$libinit$$00000030  c_w.l(libinit2.o)
    0x1a0001d6   0x1a0001d6   0x00000000   Code   RO         2032    .ARM.Collect$$libinit$$00000032  c_w.l(libinit2.o)
    0x1a0001d6   0x1a0001d6   0x00000002   Code   RO         2033    .ARM.Collect$$libinit$$00000033  c_w.l(libinit2.o)
    0x1a0001d8   0x1a0001d8   0x00000002   Code   RO         2059    .ARM.Collect$$libshutdown$$00000000  c_w.l(libshutdown.o)
    0x1a0001da   0x1a0001da   0x00000000   Code   RO         2088    .ARM.Collect$$libshutdown$$00000002  c_w.l(libshutdown2.o)
    0x1a0001da   0x1a0001da   0x00000000   Code   RO         2090    .ARM.Collect$$libshutdown$$00000004  c_w.l(libshutdown2.o)
    0x1a0001da   0x1a0001da   0x00000000   Code   RO         2093    .ARM.Collect$$libshutdown$$00000007  c_w.l(libshutdown2.o)
    0x1a0001da   0x1a0001da   0x00000000   Code   RO         2096    .ARM.Collect$$libshutdown$$0000000A  c_w.l(libshutdown2.o)
    0x1a0001da   0x1a0001da   0x00000000   Code   RO         2098    .ARM.Collect$$libshutdown$$0000000C  c_w.l(libshutdown2.o)
    0x1a0001da   0x1a0001da   0x00000000   Code   RO         2101    .ARM.Collect$$libshutdown$$0000000F  c_w.l(libshutdown2.o)
    0x1a0001da   0x1a0001da   0x00000002   Code   RO         2102    .ARM.Collect$$libshutdown$$00000010  c_w.l(libshutdown2.o)
    0x1a0001dc   0x1a0001dc   0x00000000   Code   RO         1942    .ARM.Collect$$rtentry$$00000000  c_w.l(__rtentry.o)
    0x1a0001dc   0x1a0001dc   0x00000000   Code   RO         1948    .ARM.Collect$$rtentry$$00000002  c_w.l(__rtentry2.o)
    0x1a0001dc   0x1a0001dc   0x00000006   Code   RO         1960    .ARM.Collect$$rtentry$$00000004  c_w.l(__rtentry4.o)
    0x1a0001e2   0x1a0001e2   0x00000000   Code   RO         1950    .ARM.Collect$$rtentry$$00000009  c_w.l(__rtentry2.o)
    0x1a0001e2   0x1a0001e2   0x00000004   Code   RO         1951    .ARM.Collect$$rtentry$$0000000A  c_w.l(__rtentry2.o)
    0x1a0001e6   0x1a0001e6   0x00000000   Code   RO         1953    .ARM.Collect$$rtentry$$0000000C  c_w.l(__rtentry2.o)
    0x1a0001e6   0x1a0001e6   0x00000008   Code   RO         1954    .ARM.Collect$$rtentry$$0000000D  c_w.l(__rtentry2.o)
    0x1a0001ee   0x1a0001ee   0x00000002   Code   RO         1981    .ARM.Collect$$rtexit$$00000000  c_w.l(rtexit.o)
    0x1a0001f0   0x1a0001f0   0x00000000   Code   RO         2035    .ARM.Collect$$rtexit$$00000002  c_w.l(rtexit2.o)
    0x1a0001f0   0x1a0001f0   0x00000004   Code   RO         2036    .ARM.Collect$$rtexit$$00000003  c_w.l(rtexit2.o)
    0x1a0001f4   0x1a0001f4   0x00000006   Code   RO         2037    .ARM.Collect$$rtexit$$00000004  c_w.l(rtexit2.o)
    0x1a0001fa   0x1a0001fa   0x00000002   PAD
    0x1a0001fc   0x1a0001fc   0x00000040   Code   RO          301    .text               keil_startup_lpc18xx43xx.o
    0x1a00023c   0x1a00023c   0x000000ee   Code   RO         1930    .text               c_w.l(lludivv7m.o)
    0x1a00032a   0x1a00032a   0x0000008a   Code   RO         1932    .text               c_w.l(rt_memcpy_v6.o)
    0x1a0003b4   0x1a0003b4   0x00000064   Code   RO         1934    .text               c_w.l(rt_memcpy_w.o)
    0x1a000418   0x1a000418   0x0000004e   Code   RO         1936    .text               c_w.l(rt_memclr_w.o)
    0x1a000466   0x1a000466   0x00000006   Code   RO         1938    .text               c_w.l(heapauxi.o)
    0x1a00046c   0x1a00046c   0x0000004a   Code   RO         1964    .text               c_w.l(sys_stackheap_outer.o)
    0x1a0004b6   0x1a0004b6   0x00000012   Code   RO         1966    .text               c_w.l(exit.o)
    0x1a0004c8   0x1a0004c8   0x00000008   Code   RO         1978    .text               c_w.l(libspace.o)
    0x1a0004d0   0x1a0004d0   0x00000008   Code   RO         1360    i.ABS               lib_lpc_chip_43xx.lib(clock_18xx_43xx.o)
    0x1a0004d8   0x1a0004d8   0x000000c0   Code   RO          228    i.App_DMA_Test      uart.o
    0x1a000598   0x1a000598   0x000000b8   Code   RO          229    i.App_Interrupt_Test  uart.o
    0x1a000650   0x1a000650   0x00000028   Code   RO          310    i.Board_Debug_Init  lib_lpc_board_nxp_lpcxpresso_4337.lib(board.o)
    0x1a000678   0x1a000678   0x00000058   Code   RO          313    i.Board_Init        lib_lpc_board_nxp_lpcxpresso_4337.lib(board.o)
    0x1a0006d0   0x1a0006d0   0x00000074   Code   RO          701    i.Board_SetupClocking  lib_lpc_board_nxp_lpcxpresso_4337.lib(board_sysinit.o)
    0x1a000744   0x1a000744   0x00000030   Code   RO          702    i.Board_SetupMuxing  lib_lpc_board_nxp_lpcxpresso_4337.lib(board_sysinit.o)
    0x1a000774   0x1a000774   0x0000000e   Code   RO          703    i.Board_SystemInit  lib_lpc_board_nxp_lpcxpresso_4337.lib(board_sysinit.o)
    0x1a000782   0x1a000782   0x00000002   PAD
    0x1a000784   0x1a000784   0x00000018   Code   RO          325    i.Board_UART_Init   lib_lpc_board_nxp_lpcxpresso_4337.lib(board.o)
    0x1a00079c   0x1a00079c   0x00000070   Code   RO         1361    i.Chip_Clock_CalcMainPLLValue  lib_lpc_chip_43xx.lib(clock_18xx_43xx.o)
    0x1a00080c   0x1a00080c   0x0000002c   Code   RO         1363    i.Chip_Clock_Disable  lib_lpc_chip_43xx.lib(clock_18xx_43xx.o)
    0x1a000838   0x1a000838   0x00000044   Code   RO         1369    i.Chip_Clock_EnableCrystal  lib_lpc_chip_43xx.lib(clock_18xx_43xx.o)
    0x1a00087c   0x1a00087c   0x00000034   Code   RO         1370    i.Chip_Clock_EnableOpts  lib_lpc_chip_43xx.lib(clock_18xx_43xx.o)
    0x1a0008b0   0x1a0008b0   0x00000020   Code   RO         1372    i.Chip_Clock_GetBaseClock  lib_lpc_chip_43xx.lib(clock_18xx_43xx.o)
    0x1a0008d0   0x1a0008d0   0x0000000e   Code   RO         1374    i.Chip_Clock_GetBaseClocktHz  lib_lpc_chip_43xx.lib(clock_18xx_43xx.o)
    0x1a0008de   0x1a0008de   0x00000002   PAD
    0x1a0008e0   0x1a0008e0   0x000000a0   Code   RO         1375    i.Chip_Clock_GetClockInputHz  lib_lpc_chip_43xx.lib(clock_18xx_43xx.o)
    0x1a000980   0x1a000980   0x00000022   Code   RO         1376    i.Chip_Clock_GetDivRate  lib_lpc_chip_43xx.lib(clock_18xx_43xx.o)
    0x1a0009a2   0x1a0009a2   0x00000002   PAD
    0x1a0009a4   0x1a0009a4   0x00000020   Code   RO         1377    i.Chip_Clock_GetDividerDivisor  lib_lpc_chip_43xx.lib(clock_18xx_43xx.o)
    0x1a0009c4   0x1a0009c4   0x0000001c   Code   RO         1378    i.Chip_Clock_GetDividerSource  lib_lpc_chip_43xx.lib(clock_18xx_43xx.o)
    0x1a0009e0   0x1a0009e0   0x0000005c   Code   RO         1380    i.Chip_Clock_GetMainPLLHz  lib_lpc_chip_43xx.lib(clock_18xx_43xx.o)
    0x1a000a3c   0x1a000a3c   0x00000078   Code   RO         1382    i.Chip_Clock_GetRate  lib_lpc_chip_43xx.lib(clock_18xx_43xx.o)
    0x1a000ab4   0x1a000ab4   0x00000038   Code   RO         1385    i.Chip_Clock_SetBaseClock  lib_lpc_chip_43xx.lib(clock_18xx_43xx.o)
    0x1a000aec   0x1a000aec   0x00000024   Code   RO         1725    i.Chip_Clock_SetupMainPLL  lib_lpc_chip_43xx.lib(sysinit_18xx_43xx.o)
    0x1a000b10   0x1a000b10   0x0000001c   Code   RO          983    i.Chip_GPDMA_ChannelCmd  lib_lpc_chip_43xx.lib(gpdma_18xx_43xx.o)
    0x1a000b2c   0x1a000b2c   0x00000010   Code   RO          984    i.Chip_GPDMA_ClearIntPending  lib_lpc_chip_43xx.lib(gpdma_18xx_43xx.o)
    0x1a000b3c   0x1a000b3c   0x00000030   Code   RO          986    i.Chip_GPDMA_GetFreeChannel  lib_lpc_chip_43xx.lib(gpdma_18xx_43xx.o)
    0x1a000b6c   0x1a000b6c   0x0000003c   Code   RO          987    i.Chip_GPDMA_Init   lib_lpc_chip_43xx.lib(gpdma_18xx_43xx.o)
    0x1a000ba8   0x1a000ba8   0x00000064   Code   RO          988    i.Chip_GPDMA_InitChannelCfg  lib_lpc_chip_43xx.lib(gpdma_18xx_43xx.o)
    0x1a000c0c   0x1a000c0c   0x0000002e   Code   RO          989    i.Chip_GPDMA_IntGetStatus  lib_lpc_chip_43xx.lib(gpdma_18xx_43xx.o)
    0x1a000c3a   0x1a000c3a   0x00000042   Code   RO          990    i.Chip_GPDMA_Interrupt  lib_lpc_chip_43xx.lib(gpdma_18xx_43xx.o)
    0x1a000c7c   0x1a000c7c   0x00000044   Code   RO          993    i.Chip_GPDMA_Stop   lib_lpc_chip_43xx.lib(gpdma_18xx_43xx.o)
    0x1a000cc0   0x1a000cc0   0x00000090   Code   RO          994    i.Chip_GPDMA_Transfer  lib_lpc_chip_43xx.lib(gpdma_18xx_43xx.o)
    0x1a000d50   0x1a000d50   0x00000002   Code   RO         1577    i.Chip_GPIO_Init    lib_lpc_chip_43xx.lib(gpio_18xx_43xx.o)
    0x1a000d52   0x1a000d52   0x00000014   Code   RO          328    i.Chip_GPIO_SetPinDIROutput  lib_lpc_board_nxp_lpcxpresso_4337.lib(board.o)
    0x1a000d66   0x1a000d66   0x00000002   PAD
    0x1a000d68   0x1a000d68   0x000000f0   Code   RO         1726    i.Chip_SetupCoreClock  lib_lpc_chip_43xx.lib(sysinit_18xx_43xx.o)
    0x1a000e58   0x1a000e58   0x00000038   Code   RO         1095    i.Chip_UART_ABCmd   lib_lpc_chip_43xx.lib(uart_18xx_43xx.o)
    0x1a000e90   0x1a000e90   0x0000000e   Code   RO         1096    i.Chip_UART_CheckBusy  lib_lpc_chip_43xx.lib(uart_18xx_43xx.o)
    0x1a000e9e   0x1a000e9e   0x00000002   PAD
    0x1a000ea0   0x1a000ea0   0x0000001c   Code   RO         1097    i.Chip_UART_DeInit  lib_lpc_chip_43xx.lib(uart_18xx_43xx.o)
    0x1a000ebc   0x1a000ebc   0x0000000c   Code   RO         1098    i.Chip_UART_GetABEOStatus  lib_lpc_chip_43xx.lib(uart_18xx_43xx.o)
    0x1a000ec8   0x1a000ec8   0x0000002c   Code   RO         1099    i.Chip_UART_GetIndex  lib_lpc_chip_43xx.lib(uart_18xx_43xx.o)
    0x1a000ef4   0x1a000ef4   0x0000006c   Code   RO         1100    i.Chip_UART_IRQRBHandler  lib_lpc_chip_43xx.lib(uart_18xx_43xx.o)
    0x1a000f60   0x1a000f60   0x0000004c   Code   RO         1101    i.Chip_UART_Init    lib_lpc_chip_43xx.lib(uart_18xx_43xx.o)
    0x1a000fac   0x1a000fac   0x0000001e   Code   RO         1102    i.Chip_UART_RXIntHandlerRB  lib_lpc_chip_43xx.lib(uart_18xx_43xx.o)
    0x1a000fca   0x1a000fca   0x0000001c   Code   RO         1103    i.Chip_UART_Read    lib_lpc_chip_43xx.lib(uart_18xx_43xx.o)
    0x1a000fe6   0x1a000fe6   0x00000010   Code   RO         1105    i.Chip_UART_ReadRB  lib_lpc_chip_43xx.lib(uart_18xx_43xx.o)
    0x1a000ff6   0x1a000ff6   0x0000001c   Code   RO         1106    i.Chip_UART_Send    lib_lpc_chip_43xx.lib(uart_18xx_43xx.o)
    0x1a001012   0x1a001012   0x00000024   Code   RO         1107    i.Chip_UART_SendBlocking  lib_lpc_chip_43xx.lib(uart_18xx_43xx.o)
    0x1a001036   0x1a001036   0x00000040   Code   RO         1108    i.Chip_UART_SendRB  lib_lpc_chip_43xx.lib(uart_18xx_43xx.o)
    0x1a001076   0x1a001076   0x00000002   PAD
    0x1a001078   0x1a001078   0x000000cc   Code   RO         1110    i.Chip_UART_SetBaudFDR  lib_lpc_chip_43xx.lib(uart_18xx_43xx.o)
    0x1a001144   0x1a001144   0x00000034   Code   RO         1111    i.Chip_UART_TXIntHandlerRB  lib_lpc_chip_43xx.lib(uart_18xx_43xx.o)
    0x1a001178   0x1a001178   0x00000030   Code   RO          230    i.DMA_IRQHandler    uart.o
    0x1a0011a8   0x1a0011a8   0x00000016   Code   RO          231    i.NVIC_DisableIRQ   uart.o
    0x1a0011be   0x1a0011be   0x00000016   Code   RO          232    i.NVIC_EnableIRQ    uart.o
    0x1a0011d4   0x1a0011d4   0x00000020   Code   RO          233    i.NVIC_SetPriority  uart.o
    0x1a0011f4   0x1a0011f4   0x00000034   Code   RO          234    i.Print_Menu_Polling  uart.o
    0x1a001228   0x1a001228   0x00000010   Code   RO         1243    i.RingBuffer_Init   lib_lpc_chip_43xx.lib(ring_buffer.o)
    0x1a001238   0x1a001238   0x00000030   Code   RO         1244    i.RingBuffer_Insert  lib_lpc_chip_43xx.lib(ring_buffer.o)
    0x1a001268   0x1a001268   0x0000007a   Code   RO         1245    i.RingBuffer_InsertMult  lib_lpc_chip_43xx.lib(ring_buffer.o)
    0x1a0012e2   0x1a0012e2   0x00000010   Code   RO         1112    i.RingBuffer_IsEmpty  lib_lpc_chip_43xx.lib(uart_18xx_43xx.o)
    0x1a0012f2   0x1a0012f2   0x00000010   Code   RO         1246    i.RingBuffer_IsEmpty  lib_lpc_chip_43xx.lib(ring_buffer.o)
    0x1a001302   0x1a001302   0x00000014   Code   RO         1247    i.RingBuffer_IsFull  lib_lpc_chip_43xx.lib(ring_buffer.o)
    0x1a001316   0x1a001316   0x00000030   Code   RO         1248    i.RingBuffer_Pop    lib_lpc_chip_43xx.lib(ring_buffer.o)
    0x1a001346   0x1a001346   0x00000076   Code   RO         1249    i.RingBuffer_PopMult  lib_lpc_chip_43xx.lib(ring_buffer.o)
    0x1a0013bc   0x1a0013bc   0x00000014   Code   RO          760    i.SystemCoreClockUpdate  lib_lpc_chip_43xx.lib(chip_18xx_43xx.o)
    0x1a0013d0   0x1a0013d0   0x0000001c   Code   RO            3    i.SystemInit        sysinit.o
    0x1a0013ec   0x1a0013ec   0x00000014   Code   RO          235    i.UART0_IRQHandler  uart.o
    0x1a001400   0x1a001400   0x00000004   Code   RO          330    i._sys_exit         lib_lpc_board_nxp_lpcxpresso_4337.lib(board.o)
    0x1a001404   0x1a001404   0x000000e0   Code   RO          995    i.configDMAMux      lib_lpc_chip_43xx.lib(gpdma_18xx_43xx.o)
    0x1a0014e4   0x1a0014e4   0x0000003c   Code   RO         1222    i.fpuInit           lib_lpc_chip_43xx.lib(fpu_init.o)
    0x1a001520   0x1a001520   0x00000100   Code   RO          236    i.main              uart.o
    0x1a001620   0x1a001620   0x00000090   Code   RO          996    i.makeCtrlWord      lib_lpc_chip_43xx.lib(gpdma_18xx_43xx.o)
    0x1a0016b0   0x1a0016b0   0x000000a0   Code   RO         1392    i.pll_calc_divs     lib_lpc_chip_43xx.lib(clock_18xx_43xx.o)
    0x1a001750   0x1a001750   0x000000bc   Code   RO         1393    i.pll_get_frac      lib_lpc_chip_43xx.lib(clock_18xx_43xx.o)
    0x1a00180c   0x1a00180c   0x00000068   Code   RO          997    i.setupChannel      lib_lpc_chip_43xx.lib(gpdma_18xx_43xx.o)
    0x1a001874   0x1a001874   0x0000000a   Code   RO         2047    x$fpl$fpinit        fz_wm.l(fpinit.o)
    0x1a00187e   0x1a00187e   0x00000002   PAD
    0x1a001880   0x1a001880   0x00000004   Data   RO          335    .constdata          lib_lpc_board_nxp_lpcxpresso_4337.lib(board.o)
    0x1a001884   0x1a001884   0x00000004   Data   RO          336    .constdata          lib_lpc_board_nxp_lpcxpresso_4337.lib(board.o)
    0x1a001888   0x1a001888   0x00000006   Data   RO          337    .constdata          lib_lpc_board_nxp_lpcxpresso_4337.lib(board.o)
    0x1a00188e   0x1a00188e   0x00000040   Data   RO          704    .constdata          lib_lpc_board_nxp_lpcxpresso_4337.lib(board_sysinit.o)
    0x1a0018ce   0x1a0018ce   0x0000003c   Data   RO          998    .constdata          lib_lpc_chip_43xx.lib(gpdma_18xx_43xx.o)
    0x1a00190a   0x1a00190a   0x00000010   Data   RO         1113    .constdata          lib_lpc_chip_43xx.lib(uart_18xx_43xx.o)
    0x1a00191a   0x1a00191a   0x0000006c   Data   RO         1394    .constdata          lib_lpc_chip_43xx.lib(clock_18xx_43xx.o)
    0x1a001986   0x1a001986   0x00000048   Data   RO         1730    .constdata          lib_lpc_chip_43xx.lib(sysinit_18xx_43xx.o)
    0x1a0019ce   0x1a0019ce   0x00000002   PAD
    0x1a0019d0   0x1a0019d0   0x00000020   Data   RO         2103    Region$$Table       anon$$obj.o


==============================================================================

Image component sizes


      Code (inc. data)   RO Data    RW Data    ZI Data      Debug   Object Name

        64         24        276          0        768        972   keil_startup_lpc18xx43xx.o
        28          8          0          0          0       9077   sysinit.o
       828         66          0        657        552      40498   uart.o

    ----------------------------------------------------------------------
       920         98        308        660       1320      50547   Object Totals
         0          0         32          0          0          0   (incl. Generated)
         0          0          0          3          0          0   (incl. Padding)

    ----------------------------------------------------------------------

      Code (inc. data)   RO Data    RW Data    ZI Data      Debug   Library Member Name

       100          0          0          0          0          0   __dclz77c.o
         8          0          0          0          0         68   __main.o
         0          0          0          0          0          0   __rtentry.o
        12          0          0          0          0          0   __rtentry2.o
         6          0          0          0          0          0   __rtentry4.o
        52          8          0          0          0          0   __scatter.o
        28          0          0          0          0          0   __scatter_zi.o
        18          0          0          0          0         80   exit.o
         6          0          0          0          0        152   heapauxi.o
         2          0          0          0          0          0   libinit.o
         6          0          0          0          0          0   libinit2.o
         2          0          0          0          0          0   libshutdown.o
         2          0          0          0          0          0   libshutdown2.o
         8          4          0          0         96         68   libspace.o
       238          0          0          0          0        100   lludivv7m.o
        78          0          0          0          0         80   rt_memclr_w.o
       138          0          0          0          0         68   rt_memcpy_v6.o
       100          0          0          0          0         80   rt_memcpy_w.o
         2          0          0          0          0          0   rtexit.o
        10          0          0          0          0          0   rtexit2.o
        74          0          0          0          0         80   sys_stackheap_outer.o
        10          0          0          0          0        116   fpinit.o
       176         28         14          0          0      29047   board.o
       178         26         64          0          0       7021   board_sysinit.o
        20          6          0          4          0      12586   chip_18xx_43xx.o
      1200        146        108          8          0      13726   clock_18xx_43xx.o
        60         14          0          0          0       1182   fpu_init.o
      1048         82         60        128          0      10028   gpdma_18xx_43xx.o
         2          0          0          0          0        473   gpio_18xx_43xx.o
       388          0          0          0          0       6324   ring_buffer.o
       276         18         72          0          0       3102   sysinit_18xx_43xx.o
       812         34         16          1          0      19705   uart_18xx_43xx.o

    ----------------------------------------------------------------------
      5076        366        336        144        100     104086   Library Totals
        16          0          2          3          4          0   (incl. Padding)

    ----------------------------------------------------------------------

      Code (inc. data)   RO Data    RW Data    ZI Data      Debug   Library Name

       890         12          0          0         96        776   c_w.l
        10          0          0          0          0        116   fz_wm.l
       354         54         78          0          0      36068   lib_lpc_board_nxp_lpcxpresso_4337.lib
      3806        300        256        141          0      67126   lib_lpc_chip_43xx.lib

    ----------------------------------------------------------------------
      5076        366        336        144        100     104086   Library Totals

    ----------------------------------------------------------------------

==============================================================================


      Code (inc. data)   RO Data    RW Data    ZI Data      Debug   

      5996        464        644        804       1420     147573   Grand Totals
      5996        464        644        460       1420     147573   ELF Image Totals (compressed)
      5996        464        644        460          0          0   ROM Totals

==============================================================================

    Total RO  Size (Code + RO Data)                 6640 (   6.48kB)
    Total RW  Size (RW Data + ZI Data)              2224 (   2.17kB)
    Total ROM Size (Code + RO Data + RW Data)       7100 (   6.93kB)

==============================================================================

