Component: ARM Compiler 5.06 update 6 (build 750) Tool: armlink [4d35ed]

==============================================================================

Section Cross References

    ipc_example.o(i.IPCEX_Init) refers to ipc_msg.o(i.IPC_initMsgQueue) for IPC_initMsgQueue
    ipc_example.o(i.IPCEX_Init) refers to ipc_example.o(i.ipcex_register_callback) for ipcex_register_callback
    ipc_example.o(i.IPCEX_Init) refers to ipc_example.o(.bss) for ipcex_queue
    ipc_example.o(i.IPCEX_Init) refers to ipc_example.o(i.ipcex_updateGblVal) for ipcex_updateGblVal
    ipc_example.o(i.ipcex_dispatch_task) refers to ipc_msg.o(i.IPC_popMsgTout) for IPC_popMsgTout
    ipc_example.o(i.ipcex_dispatch_task) refers to ipc_example.o(.bss) for ipcex_callback_lookup
    ipc_example.o(i.ipcex_gblRegisterFn) refers to ipc_example.o(.data) for gblUpdateFn
    ipc_example.o(i.ipcex_getGblVal) refers to ipc_example.o(.bss) for gblCfg
    ipc_example.o(i.ipcex_register_callback) refers to ipc_example.o(.bss) for ipcex_callback_lookup
    ipc_example.o(i.ipcex_setGblVal) refers to ipc_msg.o(i.IPC_pushMsgTout) for IPC_pushMsgTout
    ipc_example.o(i.ipcex_setGblVal) refers to ipc_example.o(.bss) for gblCfg
    ipc_example.o(i.ipcex_setGblVal) refers to ipc_example.o(.data) for gblUpdateFn
    ipc_example.o(i.ipcex_tasks) refers to ipc_example.o(i.ipcex_dispatch_task) for ipcex_dispatch_task
    ipc_example.o(i.ipcex_updateGblVal) refers to ipc_example.o(.bss) for gblCfg
    ipc_example.o(i.ipcex_updateGblVal) refers to ipc_example.o(.data) for gblUpdateFn
    ipc_msg.o(i.IPC_initMsgQueue) refers to board.o(i.Board_UARTPutSTR) for Board_UARTPutSTR
    ipc_msg.o(i.IPC_initMsgQueue) refers to rt_memclr_w.o(.text) for __aeabi_memclr4
    ipc_msg.o(i.IPC_initMsgQueue) refers to ipc_msg.o(.data) for q_ipc
    ipc_msg.o(i.IPC_initMsgQueue) refers to ipc_msg.o(i.IPC_EventHandler_sa) for IPC_EventHandler_sa
    ipc_msg.o(i.IPC_msgNotify) refers to ipc_msg.o(i.ipc_send_signal) for ipc_send_signal
    ipc_msg.o(i.IPC_msgPending) refers to ipc_msg.o(.data) for q_ipc
    ipc_msg.o(i.IPC_popMsgTout) refers to rt_memcpy_v6.o(.text) for __aeabi_memcpy
    ipc_msg.o(i.IPC_popMsgTout) refers to ipc_msg.o(i.ipc_send_signal) for ipc_send_signal
    ipc_msg.o(i.IPC_popMsgTout) refers to ipc_msg.o(.data) for q_ipc
    ipc_msg.o(i.IPC_pushMsgTout) refers to rt_memcpy_v6.o(.text) for __aeabi_memcpy
    ipc_msg.o(i.IPC_pushMsgTout) refers to ipc_msg.o(i.ipc_send_signal) for ipc_send_signal
    ipc_msg.o(i.IPC_pushMsgTout) refers to ipc_msg.o(.data) for q_ipc
    ipc_msg.o(i.IPC_strerror) refers to ipc_msg.o(.data) for ipc_errstr
    ipc_msg.o(.data) refers to ipc_msg.o(.conststring) for .conststring
    m0_img_ldr.o(i.M0Image_Boot) refers to m0_img_ldr.o(i.Chip_RGU_TriggerReset) for Chip_RGU_TriggerReset
    m0_img_ldr.o(i.M0Image_Boot) refers to clock_18xx_43xx.o(i.Chip_Clock_Enable) for Chip_Clock_Enable
    m0_img_ldr.o(i.M0Image_Boot) refers to m0_img_ldr.o(i.Chip_RGU_ClearReset) for Chip_RGU_ClearReset
    blinky_m4.o(i.SysTick_Handler) refers to ipc_msg.o(i.IPC_pushMsgTout) for IPC_pushMsgTout
    blinky_m4.o(i.SysTick_Handler) refers to blinky_m4.o(.data) for cnt
    blinky_m4.o(i.main) refers to blinky_m4.o(i.prvSetupHardware) for prvSetupHardware
    blinky_m4.o(i.prvSetupHardware) refers to chip_18xx_43xx.o(i.SystemCoreClockUpdate) for SystemCoreClockUpdate
    blinky_m4.o(i.prvSetupHardware) refers to board.o(i.Board_Init) for Board_Init
    blinky_m4.o(i.prvSetupHardware) refers to m0_img_ldr.o(i.M0Image_Boot) for M0Image_Boot
    blinky_m4.o(i.prvSetupHardware) refers to board.o(i.Board_UARTPutSTR) for Board_UARTPutSTR
    blinky_m4.o(i.prvSetupHardware) refers to ipc_example.o(i.IPCEX_Init) for IPCEX_Init
    blinky_m4.o(i.prvSetupHardware) refers to chip_18xx_43xx.o(.data) for SystemCoreClock
    keil_startup_lpc18xx43xx.o(STACK) refers (Special) to heapauxi.o(.text) for __use_two_region_memory
    keil_startup_lpc18xx43xx.o(HEAP) refers (Special) to heapauxi.o(.text) for __use_two_region_memory
    keil_startup_lpc18xx43xx.o(RESET) refers (Special) to heapauxi.o(.text) for __use_two_region_memory
    keil_startup_lpc18xx43xx.o(RESET) refers to keil_startup_lpc18xx43xx.o(STACK) for __initial_sp
    keil_startup_lpc18xx43xx.o(RESET) refers to keil_startup_lpc18xx43xx.o(.text) for Reset_Handler
    keil_startup_lpc18xx43xx.o(RESET) refers to blinky_m4.o(i.SysTick_Handler) for SysTick_Handler
    keil_startup_lpc18xx43xx.o(.text) refers (Special) to heapauxi.o(.text) for __use_two_region_memory
    keil_startup_lpc18xx43xx.o(.text) refers to sysinit.o(i.SystemInit) for SystemInit
    keil_startup_lpc18xx43xx.o(.text) refers to __main.o(!!!main) for __main
    keil_startup_lpc18xx43xx.o(.text) refers to keil_startup_lpc18xx43xx.o(HEAP) for Heap_Mem
    keil_startup_lpc18xx43xx.o(.text) refers to keil_startup_lpc18xx43xx.o(STACK) for Stack_Mem
    sysinit.o(i.SystemInit) refers to fpu_init.o(i.fpuInit) for fpuInit
[...]
    i2c_18xx_43xx.o(i.Chip_I2C_MasterRead) refers to rt_memclr_w.o(.text) for __aeabi_memclr4
    i2c_18xx_43xx.o(i.Chip_I2C_MasterRead) refers to i2c_18xx_43xx.o(i.Chip_I2C_MasterTransfer) for Chip_I2C_MasterTransfer
    i2c_18xx_43xx.o(i.Chip_I2C_MasterSend) refers to rt_memclr_w.o(.text) for __aeabi_memclr4
    i2c_18xx_43xx.o(i.Chip_I2C_MasterSend) refers to i2c_18xx_43xx.o(i.Chip_I2C_MasterTransfer) for Chip_I2C_MasterTransfer
    i2c_18xx_43xx.o(i.Chip_I2C_MasterStateHandler) refers to i2c_18xx_43xx.o(i.handleMasterXferState) for handleMasterXferState
    i2c_18xx_43xx.o(i.Chip_I2C_MasterStateHandler) refers to i2c_18xx_43xx.o(.data) for .data
    i2c_18xx_43xx.o(i.Chip_I2C_MasterTransfer) refers to i2c_18xx_43xx.o(.data) for .data
    i2c_18xx_43xx.o(i.Chip_I2C_SetClockRate) refers to i2c_18xx_43xx.o(i.getClkRate) for getClkRate
    i2c_18xx_43xx.o(i.Chip_I2C_SetClockRate) refers to i2c_18xx_43xx.o(.data) for .data
    i2c_18xx_43xx.o(i.Chip_I2C_SetMasterEventHandler) refers to i2c_18xx_43xx.o(.data) for .data
    i2c_18xx_43xx.o(i.Chip_I2C_SlaveSetup) refers to i2c_18xx_43xx.o(.data) for .data
    i2c_18xx_43xx.o(i.Chip_I2C_SlaveSetup) refers to i2c_18xx_43xx.o(.bss) for .bss
    i2c_18xx_43xx.o(i.Chip_I2C_SlaveStateHandler) refers to i2c_18xx_43xx.o(i.getSlaveIndex) for getSlaveIndex
    i2c_18xx_43xx.o(i.Chip_I2C_SlaveStateHandler) refers to i2c_18xx_43xx.o(i.handleSlaveXferState) for handleSlaveXferState
    i2c_18xx_43xx.o(i.Chip_I2C_SlaveStateHandler) refers to i2c_18xx_43xx.o(.data) for .data
    i2c_18xx_43xx.o(i.Chip_I2C_SlaveStateHandler) refers to i2c_18xx_43xx.o(.bss) for .bss
    i2c_18xx_43xx.o(i.getClkRate) refers to clock_18xx_43xx.o(i.Chip_Clock_GetRate) for Chip_Clock_GetRate
    i2c_18xx_43xx.o(i.getClkRate) refers to i2c_18xx_43xx.o(.data) for .data
    i2c_18xx_43xx.o(i.getSlaveIndex) refers to i2c_18xx_43xx.o(i.lookupSlaveIndex) for lookupSlaveIndex
    i2c_18xx_43xx.o(i.lookupSlaveIndex) refers to i2c_18xx_43xx.o(i.isSlaveAddrMatching) for isSlaveAddrMatching
    i2c_18xx_43xx.o(.data) refers to i2c_18xx_43xx.o(i.Chip_I2C_EventHandler) for Chip_I2C_EventHandler
    ring_buffer.o(i.RingBuffer_Insert) refers to ring_buffer.o(i.RingBuffer_IsFull) for RingBuffer_IsFull
    ring_buffer.o(i.RingBuffer_Insert) refers to rt_memcpy_v6.o(.text) for __aeabi_memcpy
    ring_buffer.o(i.RingBuffer_InsertMult) refers to ring_buffer.o(i.RingBuffer_IsFull) for RingBuffer_IsFull
    ring_buffer.o(i.RingBuffer_InsertMult) refers to rt_memcpy_v6.o(.text) for __aeabi_memcpy
    ring_buffer.o(i.RingBuffer_Pop) refers to ring_buffer.o(i.RingBuffer_IsEmpty) for RingBuffer_IsEmpty
    ring_buffer.o(i.RingBuffer_Pop) refers to rt_memcpy_v6.o(.text) for __aeabi_memcpy
    ring_buffer.o(i.RingBuffer_PopMult) refers to ring_buffer.o(i.RingBuffer_IsEmpty) for RingBuffer_IsEmpty
    ring_buffer.o(i.RingBuffer_PopMult) refers to rt_memcpy_v6.o(.text) for __aeabi_memcpy
    rt_memcpy_v6.o(.text) refers to rt_memcpy_w.o(.text) for __aeabi_memcpy4
    __main.o(!!!main) refers to __rtentry.o(.ARM.Collect$$rtentry$$00000000) for __rt_entry
    __rtentry.o(.ARM.Collect$$rtentry$$00000000) refers (Special) to __rtentry2.o(.ARM.Collect$$rtentry$$0000000A) for __rt_entry_li
    __rtentry.o(.ARM.Collect$$rtentry$$00000000) refers (Special) to __rtentry2.o(.ARM.Collect$$rtentry$$0000000D) for __rt_entry_main
    __rtentry.o(.ARM.Collect$$rtentry$$00000000) refers (Special) to __rtentry2.o(.ARM.Collect$$rtentry$$0000000C) for __rt_entry_postli_1
    __rtentry.o(.ARM.Collect$$rtentry$$00000000) refers (Special) to __rtentry2.o(.ARM.Collect$$rtentry$$00000009) for __rt_entry_postsh_1
    __rtentry.o(.ARM.Collect$$rtentry$$00000000) refers (Special) to __rtentry2.o(.ARM.Collect$$rtentry$$00000002) for __rt_entry_presh_1
    __rtentry.o(.ARM.Collect$$rtentry$$00000000) refers (Special) to __rtentry4.o(.ARM.Collect$$rtentry$$00000004) for __rt_entry_sh
    aeabi_ldiv0_sigfpe.o(.text) refers to rt_div0.o(.text) for __rt_div0
    __rtentry2.o(.ARM.Collect$$rtentry$$00000008) refers to boardinit2.o(.text) for _platform_post_stackheap_init
    __rtentry2.o(.ARM.Collect$$rtentry$$0000000A) refers to libinit.o(.ARM.Collect$$libinit$$00000000) for __rt_lib_init
    __rtentry2.o(.ARM.Collect$$rtentry$$0000000B) refers to boardinit3.o(.text) for _platform_post_lib_init
    __rtentry2.o(.ARM.Collect$$rtentry$$0000000D) refers to blinky_m4.o(i.main) for main
    __rtentry2.o(.ARM.Collect$$rtentry$$0000000D) refers to exit.o(.text) for exit
    __rtentry2.o(.ARM.exidx) refers to __rtentry2.o(.ARM.Collect$$rtentry$$00000001) for .ARM.Collect$$rtentry$$00000001
    __rtentry2.o(.ARM.exidx) refers to __rtentry2.o(.ARM.Collect$$rtentry$$00000008) for .ARM.Collect$$rtentry$$00000008
    __rtentry2.o(.ARM.exidx) refers to __rtentry2.o(.ARM.Collect$$rtentry$$0000000A) for .ARM.Collect$$rtentry$$0000000A
    __rtentry2.o(.ARM.exidx) refers to __rtentry2.o(.ARM.Collect$$rtentry$$0000000B) for .ARM.Collect$$rtentry$$0000000B
    __rtentry2.o(.ARM.exidx) refers to __rtentry2.o(.ARM.Collect$$rtentry$$0000000D) for .ARM.Collect$$rtentry$$0000000D
    __rtentry4.o(.ARM.Collect$$rtentry$$00000004) refers to sys_stackheap_outer.o(.text) for __user_setup_stackheap
    __rtentry4.o(.ARM.exidx) refers to __rtentry4.o(.ARM.Collect$$rtentry$$00000004) for .ARM.Collect$$rtentry$$00000004
    rt_div0.o(.text) refers to defsig_fpe_outer.o(.text) for __rt_SIGFPE
    sys_stackheap_outer.o(.text) refers to libspace.o(.text) for __user_perproc_libspace
    sys_stackheap_outer.o(.text) refers to keil_startup_lpc18xx43xx.o(.text) for __user_initial_stackheap
    exit.o(.text) refers to rtexit.o(.ARM.Collect$$rtexit$$00000000) for __rt_exit
    defsig_fpe_outer.o(.text) refers to defsig_fpe_inner.o(.text) for __rt_SIGFPE_inner
    defsig_fpe_outer.o(.text) refers to defsig_exit.o(.text) for __sig_exit
    defsig_fpe_formal.o(.text) refers to rt_raise.o(.text) for __rt_raise
    libinit.o(.ARM.Collect$$libinit$$00000000) refers (Special) to libinit2.o(.ARM.Collect$$libinit$$0000002E) for __rt_lib_init_alloca_1
    libinit.o(.ARM.Collect$$libinit$$00000000) refers (Special) to libinit2.o(.ARM.Collect$$libinit$$0000002C) for __rt_lib_init_argv_1
    libinit.o(.ARM.Collect$$libinit$$00000000) refers (Special) to libinit2.o(.ARM.Collect$$libinit$$0000001B) for __rt_lib_init_atexit_1
    libinit.o(.ARM.Collect$$libinit$$00000000) refers (Special) to libinit2.o(.ARM.Collect$$libinit$$00000021) for __rt_lib_init_clock_1
    libinit.o(.ARM.Collect$$libinit$$00000000) refers (Special) to libinit2.o(.ARM.Collect$$libinit$$00000032) for __rt_lib_init_cpp_1
    libinit.o(.ARM.Collect$$libinit$$00000000) refers (Special) to libinit2.o(.ARM.Collect$$libinit$$00000030) for __rt_lib_init_exceptions_1
    libinit.o(.ARM.Collect$$libinit$$00000000) refers (Special) to libinit2.o(.ARM.Collect$$libinit$$00000001) for __rt_lib_init_fp_1
    libinit.o(.ARM.Collect$$libinit$$00000000) refers (Special) to libinit2.o(.ARM.Collect$$libinit$$0000001F) for __rt_lib_init_fp_trap_1
    libinit.o(.ARM.Collect$$libinit$$00000000) refers (Special) to libinit2.o(.ARM.Collect$$libinit$$00000023) for __rt_lib_init_getenv_1
    libinit.o(.ARM.Collect$$libinit$$00000000) refers (Special) to libinit2.o(.ARM.Collect$$libinit$$0000000A) for __rt_lib_init_heap_1
    libinit.o(.ARM.Collect$$libinit$$00000000) refers (Special) to libinit2.o(.ARM.Collect$$libinit$$00000011) for __rt_lib_init_lc_collate_1
    libinit.o(.ARM.Collect$$libinit$$00000000) refers (Special) to libinit2.o(.ARM.Collect$$libinit$$00000013) for __rt_lib_init_lc_ctype_1
    libinit.o(.ARM.Collect$$libinit$$00000000) refers (Special) to libinit2.o(.ARM.Collect$$libinit$$00000015) for __rt_lib_init_lc_monetary_1
    libinit.o(.ARM.Collect$$libinit$$00000000) refers (Special) to libinit2.o(.ARM.Collect$$libinit$$00000017) for __rt_lib_init_lc_numeric_1
    libinit.o(.ARM.Collect$$libinit$$00000000) refers (Special) to libinit2.o(.ARM.Collect$$libinit$$00000019) for __rt_lib_init_lc_time_1
    libinit.o(.ARM.Collect$$libinit$$00000000) refers (Special) to libinit2.o(.ARM.Collect$$libinit$$00000004) for __rt_lib_init_preinit_1
    libinit.o(.ARM.Collect$$libinit$$00000000) refers (Special) to libinit2.o(.ARM.Collect$$libinit$$0000000E) for __rt_lib_init_rand_1
    libinit.o(.ARM.Collect$$libinit$$00000000) refers (Special) to libinit2.o(.ARM.Collect$$libinit$$00000033) for __rt_lib_init_return
    libinit.o(.ARM.Collect$$libinit$$00000000) refers (Special) to libinit2.o(.ARM.Collect$$libinit$$0000001D) for __rt_lib_init_signal_1
    libinit.o(.ARM.Collect$$libinit$$00000000) refers (Special) to libinit2.o(.ARM.Collect$$libinit$$00000025) for __rt_lib_init_stdio_1
    libinit.o(.ARM.Collect$$libinit$$00000000) refers (Special) to libinit2.o(.ARM.Collect$$libinit$$0000000C) for __rt_lib_init_user_alloc_1
    libspace.o(.text) refers to libspace.o(.bss) for __libspace_start
    rtexit.o(.ARM.Collect$$rtexit$$00000000) refers (Special) to rtexit2.o(.ARM.Collect$$rtexit$$00000004) for __rt_exit_exit
    rtexit.o(.ARM.Collect$$rtexit$$00000000) refers (Special) to rtexit2.o(.ARM.Collect$$rtexit$$00000003) for __rt_exit_ls
    rtexit.o(.ARM.Collect$$rtexit$$00000000) refers (Special) to rtexit2.o(.ARM.Collect$$rtexit$$00000002) for __rt_exit_prels_1
    rtexit.o(.ARM.exidx) refers (Special) to rtexit2.o(.ARM.Collect$$rtexit$$00000004) for __rt_exit_exit
    rtexit.o(.ARM.exidx) refers (Special) to rtexit2.o(.ARM.Collect$$rtexit$$00000003) for __rt_exit_ls
    rtexit.o(.ARM.exidx) refers (Special) to rtexit2.o(.ARM.Collect$$rtexit$$00000002) for __rt_exit_prels_1
    rtexit.o(.ARM.exidx) refers to rtexit.o(.ARM.Collect$$rtexit$$00000000) for .ARM.Collect$$rtexit$$00000000
    rt_raise.o(.text) refers to __raise.o(.text) for __raise
    rt_raise.o(.text) refers to board.o(i._sys_exit) for _sys_exit
    defsig_exit.o(.text) refers to board.o(i._sys_exit) for _sys_exit
    defsig_fpe_inner.o(.text) refers to defsig_general.o(.text) for __default_signal_display
    libinit2.o(.ARM.Collect$$libinit$$00000001) refers to fpinit.o(x$fpl$fpinit) for _fp_init
    libinit2.o(.ARM.Collect$$libinit$$00000010) refers to libinit2.o(.ARM.Collect$$libinit$$0000000F) for .ARM.Collect$$libinit$$0000000F
    libinit2.o(.ARM.Collect$$libinit$$00000012) refers to libinit2.o(.ARM.Collect$$libinit$$0000000F) for .ARM.Collect$$libinit$$0000000F
    libinit2.o(.ARM.Collect$$libinit$$00000014) refers to libinit2.o(.ARM.Collect$$libinit$$0000000F) for .ARM.Collect$$libinit$$0000000F
    libinit2.o(.ARM.Collect$$libinit$$00000016) refers to libinit2.o(.ARM.Collect$$libinit$$0000000F) for .ARM.Collect$$libinit$$0000000F
    libinit2.o(.ARM.Collect$$libinit$$00000018) refers to libinit2.o(.ARM.Collect$$libinit$$0000000F) for .ARM.Collect$$libinit$$0000000F
    libinit2.o(.ARM.Collect$$libinit$$00000026) refers to argv_veneer.o(.emb_text) for __ARM_argv_veneer
    libinit2.o(.ARM.Collect$$libinit$$00000027) refers to argv_veneer.o(.emb_text) for __ARM_argv_veneer
    rtexit2.o(.ARM.Collect$$rtexit$$00000003) refers to libshutdown.o(.ARM.Collect$$libshutdown$$00000000) for __rt_lib_shutdown
    rtexit2.o(.ARM.Collect$$rtexit$$00000004) refers to board.o(i._sys_exit) for _sys_exit
    rtexit2.o(.ARM.exidx) refers to rtexit2.o(.ARM.Collect$$rtexit$$00000001) for .ARM.Collect$$rtexit$$00000001
    rtexit2.o(.ARM.exidx) refers to rtexit2.o(.ARM.Collect$$rtexit$$00000003) for .ARM.Collect$$rtexit$$00000003
    rtexit2.o(.ARM.exidx) refers to rtexit2.o(.ARM.Collect$$rtexit$$00000004) for .ARM.Collect$$rtexit$$00000004
    __raise.o(.text) refers to defsig.o(CL$$defsig) for __default_signal_handler
    defsig_general.o(.text) refers to sys_wrch.o(.text) for _ttywrch
    argv_veneer.o(.emb_text) refers to no_argv.o(.text) for __ARM_get_argv
    sys_wrch.o(.text) refers (Special) to use_no_semi.o(.text) for __I$use$semihosting
    sys_wrch.o(.text) refers (Special) to indicate_semi.o(.text) for __semihosting_library_function
    defsig.o(CL$$defsig) refers to defsig_fpe_inner.o(.text) for __rt_SIGFPE_inner
    defsig.o(CL$$defsig) refers to defsig_rtmem_inner.o(.text) for __rt_SIGRTMEM_inner
    _get_argv_nomalloc.o(.text) refers (Special) to hrguard.o(.text) for __heap_region$guard
    _get_argv_nomalloc.o(.text) refers to defsig_rtmem_outer.o(.text) for __rt_SIGRTMEM
    _get_argv_nomalloc.o(.text) refers to sys_command.o(.text) for _sys_command_string
    libshutdown.o(.ARM.Collect$$libshutdown$$00000000) refers (Special) to libshutdown2.o(.ARM.Collect$$libshutdown$$00000002) for __rt_lib_shutdown_cpp_1
    libshutdown.o(.ARM.Collect$$libshutdown$$00000000) refers (Special) to libshutdown2.o(.ARM.Collect$$libshutdown$$00000007) for __rt_lib_shutdown_fp_trap_1
    libshutdown.o(.ARM.Collect$$libshutdown$$00000000) refers (Special) to libshutdown2.o(.ARM.Collect$$libshutdown$$0000000F) for __rt_lib_shutdown_heap_1
    libshutdown.o(.ARM.Collect$$libshutdown$$00000000) refers (Special) to libshutdown2.o(.ARM.Collect$$libshutdown$$00000010) for __rt_lib_shutdown_return
    libshutdown.o(.ARM.Collect$$libshutdown$$00000000) refers (Special) to libshutdown2.o(.ARM.Collect$$libshutdown$$0000000A) for __rt_lib_shutdown_signal_1
    libshutdown.o(.ARM.Collect$$libshutdown$$00000000) refers (Special) to libshutdown2.o(.ARM.Collect$$libshutdown$$00000004) for __rt_lib_shutdown_stdio_1
    libshutdown.o(.ARM.Collect$$libshutdown$$00000000) refers (Special) to libshutdown2.o(.ARM.Collect$$libshutdown$$0000000C) for __rt_lib_shutdown_user_alloc_1
    sys_command.o(.text) refers (Special) to use_no_semi.o(.text) for __I$use$semihosting
    sys_command.o(.text) refers (Special) to indicate_semi.o(.text) for __semihosting_library_function
    defsig_abrt_inner.o(.text) refers to defsig_general.o(.text) for __default_signal_display
    defsig_rtred_inner.o(.text) refers to defsig_general.o(.text) for __default_signal_display
    defsig_rtmem_inner.o(.text) refers to defsig_general.o(.text) for __default_signal_display
    defsig_rtmem_outer.o(.text) refers to defsig_rtmem_inner.o(.text) for __rt_SIGRTMEM_inner
    defsig_rtmem_outer.o(.text) refers to defsig_exit.o(.text) for __sig_exit
    defsig_rtmem_formal.o(.text) refers to rt_raise.o(.text) for __rt_raise
    defsig_stak_inner.o(.text) refers to defsig_general.o(.text) for __default_signal_display
    defsig_pvfn_inner.o(.text) refers to defsig_general.o(.text) for __default_signal_display
    defsig_cppl_inner.o(.text) refers to defsig_general.o(.text) for __default_signal_display
    defsig_segv_inner.o(.text) refers to defsig_general.o(.text) for __default_signal_display
    defsig_other.o(.text) refers to defsig_general.o(.text) for __default_signal_display


==============================================================================

Removing Unused input sections from the image.

    Removing ipc_example.o(.rev16_text), (4 bytes).
    Removing ipc_example.o(.revsh_text), (4 bytes).
    Removing ipc_example.o(i.ipcex_dispatch_task), (68 bytes).
    Removing ipc_example.o(i.ipcex_gblRegisterFn), (16 bytes).
    Removing ipc_example.o(i.ipcex_getGblVal), (24 bytes).
    Removing ipc_example.o(i.ipcex_setGblVal), (100 bytes).
    Removing ipc_example.o(i.ipcex_tasks), (10 bytes).
    Removing ipc_msg.o(.rev16_text), (4 bytes).
    Removing ipc_msg.o(.revsh_text), (4 bytes).
    Removing ipc_msg.o(i.IPC_msgNotify), (8 bytes).
    Removing ipc_msg.o(i.IPC_msgPending), (40 bytes).
    Removing ipc_msg.o(i.IPC_popMsgTout), (152 bytes).
    Removing ipc_msg.o(i.IPC_strerror), (24 bytes).
    Removing m0_img_ldr.o(.rev16_text), (4 bytes).
    Removing m0_img_ldr.o(.revsh_text), (4 bytes).
    Removing blinky_m4.o(.rev16_text), (4 bytes).
    Removing blinky_m4.o(.revsh_text), (4 bytes).
    Removing sysinit.o(.rev16_text), (4 bytes).
    Removing sysinit.o(.revsh_text), (4 bytes).
    Removing chip_18xx_43xx.o(.rev16_text), (4 bytes).
    Removing chip_18xx_43xx.o(.revsh_text), (4 bytes).
    Removing chip_18xx_43xx.o(i.Chip_USB0_Init), (52 bytes).
    Removing chip_18xx_43xx.o(i.Chip_USB1_Init), (68 bytes).
    Removing chip_18xx_43xx.o(i.Chip_USB_PllSetup), (52 bytes).
    Removing chip_18xx_43xx.o(.constdata), (20 bytes).
    Removing clock_18xx_43xx.o(.rev16_text), (4 bytes).
    Removing clock_18xx_43xx.o(.revsh_text), (4 bytes).
    Removing clock_18xx_43xx.o(i.Chip_Clock_ClearPowerDown), (20 bytes).
    Removing clock_18xx_43xx.o(i.Chip_Clock_Disable), (44 bytes).
    Removing clock_18xx_43xx.o(i.Chip_Clock_DisableBaseClock), (24 bytes).
    Removing clock_18xx_43xx.o(i.Chip_Clock_DisableCrystal), (16 bytes).
    Removing clock_18xx_43xx.o(i.Chip_Clock_DisablePLL), (20 bytes).
    Removing clock_18xx_43xx.o(i.Chip_Clock_EnableBaseClock), (24 bytes).
    Removing clock_18xx_43xx.o(i.Chip_Clock_EnablePLL), (20 bytes).
    Removing clock_18xx_43xx.o(i.Chip_Clock_GetBaseClockOpts), (52 bytes).
    Removing clock_18xx_43xx.o(i.Chip_Clock_GetEMCRate), (44 bytes).
    Removing clock_18xx_43xx.o(i.Chip_Clock_GetPLLStatus), (16 bytes).
    Removing clock_18xx_43xx.o(i.Chip_Clock_IsBaseClockEnabled), (28 bytes).
    Removing clock_18xx_43xx.o(i.Chip_Clock_RTCEnable), (24 bytes).
    Removing clock_18xx_43xx.o(i.Chip_Clock_SetDivider), (68 bytes).
    Removing clock_18xx_43xx.o(i.Chip_Clock_SetupMainPLLHz), (130 bytes).
    Removing clock_18xx_43xx.o(i.Chip_Clock_SetupMainPLLMult), (140 bytes).
    Removing clock_18xx_43xx.o(i.Chip_Clock_SetupPLL), (52 bytes).
    Removing clock_18xx_43xx.o(i.Chip_Clock_StartPowerDown), (20 bytes).
    Removing clock_18xx_43xx.o(i.Chip_Clock_TestMainPLLMultiplier), (24 bytes).
    Removing fpu_init.o(.rev16_text), (4 bytes).
    Removing fpu_init.o(.revsh_text), (4 bytes).
    Removing board.o(.rev16_text), (4 bytes).
    Removing board.o(.revsh_text), (4 bytes).
    Removing board.o(i.Board_Audio_Init), (88 bytes).
    Removing board.o(i.Board_Buttons_Init), (28 bytes).
    Removing board.o(i.Board_DAC_Init), (16 bytes).
    Removing board.o(i.Board_ENET_GetMacADDR), (32 bytes).
    Removing board.o(i.Board_I2C_Init), (32 bytes).
    Removing board.o(i.Board_Joystick_Init), (2 bytes).
    Removing board.o(i.Board_LCD_Init), (116 bytes).
    Removing board.o(i.Board_LCD_WriteData), (36 bytes).
    Removing board.o(i.Board_LED_Set), (40 bytes).
    Removing board.o(i.Board_LED_Test), (44 bytes).
    Removing board.o(i.Board_LED_Toggle), (22 bytes).
    Removing board.o(i.Board_SDMMC_Init), (52 bytes).
    Removing board.o(i.Board_SSP_Init), (76 bytes).
    Removing board.o(i.Board_UARTGetChar), (24 bytes).
    Removing board.o(i.Buttons_GetStatus), (28 bytes).
    Removing board.o(i.Chip_GPIO_GetPinState), (14 bytes).
    Removing board.o(i.Joystick_GetStatus), (4 bytes).
    Removing board.o(i._sys_open), (4 bytes).
    Removing board.o(i.ferror), (6 bytes).
    Removing board.o(i.fgetc), (4 bytes).
    Removing board.o(i.fputc), (12 bytes).
    Removing board.o(.data), (4 bytes).
    Removing board.o(.data), (4 bytes).
    Removing board.o(.data), (4 bytes).
    Removing board.o(.data), (4 bytes).
    Removing board_sysinit.o(.rev16_text), (4 bytes).
    Removing board_sysinit.o(.revsh_text), (4 bytes).
    Removing gpio_18xx_43xx.o(.rev16_text), (4 bytes).
    Removing gpio_18xx_43xx.o(.revsh_text), (4 bytes).
    Removing gpio_18xx_43xx.o(i.Chip_GPIO_DeInit), (2 bytes).
    Removing ssp_18xx_43xx.o(.rev16_text), (4 bytes).
    Removing ssp_18xx_43xx.o(.revsh_text), (4 bytes).
    Removing ssp_18xx_43xx.o(i.Chip_SSP_DeInit), (36 bytes).
    Removing ssp_18xx_43xx.o(i.Chip_SSP_GetClockIndex), (20 bytes).
    Removing ssp_18xx_43xx.o(i.Chip_SSP_GetPeriphClockIndex), (24 bytes).
    Removing ssp_18xx_43xx.o(i.Chip_SSP_GetRawIntStatus), (10 bytes).
    Removing ssp_18xx_43xx.o(i.Chip_SSP_GetStatus), (10 bytes).
    Removing ssp_18xx_43xx.o(i.Chip_SSP_Init), (60 bytes).
    Removing ssp_18xx_43xx.o(i.Chip_SSP_Int_FlushData), (42 bytes).
    Removing ssp_18xx_43xx.o(i.Chip_SSP_Int_RWFrames16Bits), (84 bytes).
    Removing ssp_18xx_43xx.o(i.Chip_SSP_Int_RWFrames8Bits), (84 bytes).
    Removing ssp_18xx_43xx.o(i.Chip_SSP_RWFrames_Blocking), (186 bytes).
    Removing ssp_18xx_43xx.o(i.Chip_SSP_ReadFrames_Blocking), (198 bytes).
    Removing ssp_18xx_43xx.o(i.Chip_SSP_SetBitRate), (60 bytes).
    Removing ssp_18xx_43xx.o(i.Chip_SSP_SetClockRate), (18 bytes).
    Removing ssp_18xx_43xx.o(i.Chip_SSP_SetMaster), (18 bytes).
    Removing ssp_18xx_43xx.o(i.Chip_SSP_WriteFrames_Blocking), (184 bytes).
    Removing ssp_18xx_43xx.o(i.SSP_Read1BFifo), (46 bytes).
    Removing ssp_18xx_43xx.o(i.SSP_Read2BFifo), (46 bytes).
    Removing ssp_18xx_43xx.o(i.SSP_Write1BFifo), (22 bytes).
    Removing ssp_18xx_43xx.o(i.SSP_Write2BFifo), (24 bytes).
    Removing uart_18xx_43xx.o(.rev16_text), (4 bytes).
    Removing uart_18xx_43xx.o(.revsh_text), (4 bytes).
    Removing uart_18xx_43xx.o(i.Chip_UART_ABCmd), (56 bytes).
    Removing uart_18xx_43xx.o(i.Chip_UART_CheckBusy), (14 bytes).
    Removing uart_18xx_43xx.o(i.Chip_UART_DeInit), (28 bytes).
    Removing uart_18xx_43xx.o(i.Chip_UART_GetABEOStatus), (12 bytes).
    Removing uart_18xx_43xx.o(i.Chip_UART_IRQRBHandler), (108 bytes).
    Removing uart_18xx_43xx.o(i.Chip_UART_RXIntHandlerRB), (30 bytes).
    Removing uart_18xx_43xx.o(i.Chip_UART_Read), (28 bytes).
    Removing uart_18xx_43xx.o(i.Chip_UART_ReadBlocking), (36 bytes).
    Removing uart_18xx_43xx.o(i.Chip_UART_ReadRB), (16 bytes).
    Removing uart_18xx_43xx.o(i.Chip_UART_Send), (28 bytes).
    Removing uart_18xx_43xx.o(i.Chip_UART_SendBlocking), (36 bytes).
    Removing uart_18xx_43xx.o(i.Chip_UART_SendRB), (64 bytes).
    Removing uart_18xx_43xx.o(i.Chip_UART_SetBaud), (72 bytes).
    Removing uart_18xx_43xx.o(i.Chip_UART_TXIntHandlerRB), (52 bytes).
    Removing uart_18xx_43xx.o(i.RingBuffer_IsEmpty), (16 bytes).
    Removing uart_18xx_43xx.o(.data), (1 bytes).
    Removing sysinit_18xx_43xx.o(.rev16_text), (4 bytes).
    Removing sysinit_18xx_43xx.o(.revsh_text), (4 bytes).
    Removing sysinit_18xx_43xx.o(i.Chip_SetupIrcClocking), (16 bytes).
    Removing sysinit_18xx_43xx.o(i.Chip_SetupXtalClocking), (16 bytes).
    Removing sysinit_18xx_43xx.o(i.Chip_SystemInit), (4 bytes).
    Removing wm8904.o(.rev16_text), (4 bytes).
    Removing wm8904.o(.revsh_text), (4 bytes).
    Removing wm8904.o(i.WM8904_Init), (92 bytes).
    Removing wm8904.o(i.WM8904_MultiRegWrite), (78 bytes).
    Removing wm8904.o(i.WM8904_REG_Read), (34 bytes).
    Removing wm8904.o(i.WM8904_REG_VerifyMult), (56 bytes).
    Removing wm8904.o(i.WM8904_REG_Write), (30 bytes).
    Removing wm8904.o(i.WM8904_REG_WriteVerify), (28 bytes).
    Removing wm8904.o(.constdata), (8 bytes).
    Removing wm8904.o(.constdata), (120 bytes).
    Removing wm8904.o(.constdata), (16 bytes).
    Removing i2c_18xx_43xx.o(.rev16_text), (4 bytes).
    Removing i2c_18xx_43xx.o(.revsh_text), (4 bytes).
    Removing i2c_18xx_43xx.o(i.Chip_I2C_DeInit), (28 bytes).
    Removing i2c_18xx_43xx.o(i.Chip_I2C_Disable), (20 bytes).
    Removing i2c_18xx_43xx.o(i.Chip_I2C_EventHandler), (32 bytes).
    Removing i2c_18xx_43xx.o(i.Chip_I2C_EventHandlerPolling), (52 bytes).
    Removing i2c_18xx_43xx.o(i.Chip_I2C_GetClockRate), (36 bytes).
    Removing i2c_18xx_43xx.o(i.Chip_I2C_GetMasterEventHandler), (20 bytes).
    Removing i2c_18xx_43xx.o(i.Chip_I2C_Init), (32 bytes).
    Removing i2c_18xx_43xx.o(i.Chip_I2C_IsMasterActive), (32 bytes).
    Removing i2c_18xx_43xx.o(i.Chip_I2C_IsStateChanged), (24 bytes).
    Removing i2c_18xx_43xx.o(i.Chip_I2C_MasterCmdRead), (56 bytes).
    Removing i2c_18xx_43xx.o(i.Chip_I2C_MasterRead), (48 bytes).
    Removing i2c_18xx_43xx.o(i.Chip_I2C_MasterSend), (48 bytes).
    Removing i2c_18xx_43xx.o(i.Chip_I2C_MasterStateHandler), (48 bytes).
    Removing i2c_18xx_43xx.o(i.Chip_I2C_MasterTransfer), (100 bytes).
    Removing i2c_18xx_43xx.o(i.Chip_I2C_SetClockRate), (44 bytes).
    Removing i2c_18xx_43xx.o(i.Chip_I2C_SetMasterEventHandler), (36 bytes).
    Removing i2c_18xx_43xx.o(i.Chip_I2C_SlaveSetup), (112 bytes).
    Removing i2c_18xx_43xx.o(i.Chip_I2C_SlaveStateHandler), (104 bytes).
    Removing i2c_18xx_43xx.o(i.getClkRate), (20 bytes).
    Removing i2c_18xx_43xx.o(i.getSlaveIndex), (46 bytes).
    Removing i2c_18xx_43xx.o(i.handleMasterXferState), (184 bytes).
    Removing i2c_18xx_43xx.o(i.handleSlaveXferState), (156 bytes).
    Removing i2c_18xx_43xx.o(i.isSlaveAddrMatching), (20 bytes).
    Removing i2c_18xx_43xx.o(i.lookupSlaveIndex), (90 bytes).
    Removing i2c_18xx_43xx.o(.bss), (80 bytes).
    Removing i2c_18xx_43xx.o(.data), (56 bytes).
    Removing ring_buffer.o(i.RingBuffer_Init), (16 bytes).
    Removing ring_buffer.o(i.RingBuffer_Insert), (48 bytes).
    Removing ring_buffer.o(i.RingBuffer_InsertMult), (122 bytes).
    Removing ring_buffer.o(i.RingBuffer_IsEmpty), (16 bytes).
    Removing ring_buffer.o(i.RingBuffer_IsFull), (20 bytes).
    Removing ring_buffer.o(i.RingBuffer_Pop), (48 bytes).
    Removing ring_buffer.o(i.RingBuffer_PopMult), (118 bytes).

169 unused section(s) (total 6405 bytes) removed from the image.

==============================================================================

Image Symbol Table

    Local Symbols

    Symbol Name                              Value     Ov Type        Size  Object(Section)

    ../clib/angel/boardlib.s                 0x00000000   Number         0  boardinit3.o ABSOLUTE
    ../clib/angel/boardlib.s                 0x00000000   Number         0  boardinit2.o ABSOLUTE
    ../clib/angel/boardlib.s                 0x00000000   Number         0  boardshut.o ABSOLUTE
    ../clib/angel/boardlib.s                 0x00000000   Number         0  boardinit1.o ABSOLUTE
    ../clib/angel/handlers.s                 0x00000000   Number         0  __scatter_zi.o ABSOLUTE
    ../clib/angel/handlers.s                 0x00000000   Number         0  __scatter_copy.o ABSOLUTE
    ../clib/angel/kernel.s                   0x00000000   Number         0  __rtentry2.o ABSOLUTE
    ../clib/angel/kernel.s                   0x00000000   Number         0  __rtentry4.o ABSOLUTE
    ../clib/angel/kernel.s                   0x00000000   Number         0  rtexit2.o ABSOLUTE
    ../clib/angel/kernel.s                   0x00000000   Number         0  rtexit.o ABSOLUTE
    ../clib/angel/kernel.s                   0x00000000   Number         0  __rtentry.o ABSOLUTE
    ../clib/angel/rt.s                       0x00000000   Number         0  aeabi_ldiv0_sigfpe.o ABSOLUTE
    ../clib/angel/rt.s                       0x00000000   Number         0  rt_raise.o ABSOLUTE
    ../clib/angel/rt.s                       0x00000000   Number         0  rt_div0.o ABSOLUTE
    ../clib/angel/rt.s                       0x00000000   Number         0  aeabi_ldiv0.o ABSOLUTE
    ../clib/angel/scatter.s                  0x00000000   Number         0  __scatter.o ABSOLUTE
    ../clib/angel/startup.s                  0x00000000   Number         0  __main.o ABSOLUTE
    ../clib/angel/sys.s                      0x00000000   Number         0  indicate_semi.o ABSOLUTE
    ../clib/angel/sys.s                      0x00000000   Number         0  sys_stackheap_outer.o ABSOLUTE
    ../clib/angel/sys.s                      0x00000000   Number         0  use_no_semi.o ABSOLUTE
    ../clib/angel/sys.s                      0x00000000   Number         0  libspace.o ABSOLUTE
    ../clib/angel/sysapp.c                   0x00000000   Number         0  sys_command.o ABSOLUTE
    ../clib/angel/sysapp.c                   0x00000000   Number         0  sys_wrch.o ABSOLUTE
    ../clib/armsys.c                         0x00000000   Number         0  no_argv.o ABSOLUTE
    ../clib/armsys.c                         0x00000000   Number         0  _get_argv_nomalloc.o ABSOLUTE
    ../clib/armsys.c                         0x00000000   Number         0  argv_veneer.o ABSOLUTE
    ../clib/armsys.c                         0x00000000   Number         0  argv_veneer.o ABSOLUTE
    ../clib/heapalloc.c                      0x00000000   Number         0  hrguard.o ABSOLUTE
    ../clib/heapaux.c                        0x00000000   Number         0  heapauxi.o ABSOLUTE
    ../clib/libinit.s                        0x00000000   Number         0  libinit.o ABSOLUTE
    ../clib/libinit.s                        0x00000000   Number         0  libshutdown.o ABSOLUTE
    ../clib/libinit.s                        0x00000000   Number         0  libinit2.o ABSOLUTE
    ../clib/libinit.s                        0x00000000   Number         0  libshutdown2.o ABSOLUTE
    ../clib/longlong.s                       0x00000000   Number         0  lludivv7m.o ABSOLUTE
    ../clib/memcpset.s                       0x00000000   Number         0  rt_memcpy_v6.o ABSOLUTE
    ../clib/memcpset.s                       0x00000000   Number         0  rt_memclr_w.o ABSOLUTE
    ../clib/memcpset.s                       0x00000000   Number         0  rt_memcpy_w.o ABSOLUTE
    ../clib/signal.c                         0x00000000   Number         0  defsig_stak_inner.o ABSOLUTE
    ../clib/signal.c                         0x00000000   Number         0  defsig_segv_inner.o ABSOLUTE
    ../clib/signal.c                         0x00000000   Number         0  defsig_cppl_inner.o ABSOLUTE
    ../clib/signal.c                         0x00000000   Number         0  defsig_pvfn_inner.o ABSOLUTE
    ../clib/signal.c                         0x00000000   Number         0  defsig_rtmem_formal.o ABSOLUTE
    ../clib/signal.c                         0x00000000   Number         0  defsig_rtmem_inner.o ABSOLUTE
    ../clib/signal.c                         0x00000000   Number         0  defsig_abrt_inner.o ABSOLUTE
    ../clib/signal.c                         0x00000000   Number         0  defsig_general.o ABSOLUTE
    ../clib/signal.c                         0x00000000   Number         0  __raise.o ABSOLUTE
    ../clib/signal.c                         0x00000000   Number         0  defsig_exit.o ABSOLUTE
    ../clib/signal.c                         0x00000000   Number         0  defsig_rtred_inner.o ABSOLUTE
    ../clib/signal.c                         0x00000000   Number         0  defsig_fpe_outer.o ABSOLUTE
    ../clib/signal.c                         0x00000000   Number         0  defsig_fpe_formal.o ABSOLUTE
    ../clib/signal.c                         0x00000000   Number         0  defsig_fpe_inner.o ABSOLUTE
    ../clib/signal.c                         0x00000000   Number         0  defsig_rtmem_outer.o ABSOLUTE
    ../clib/signal.c                         0x00000000   Number         0  defsig_other.o ABSOLUTE
    ../clib/signal.s                         0x00000000   Number         0  defsig.o ABSOLUTE
    ../clib/stdlib.c                         0x00000000   Number         0  exit.o ABSOLUTE
    ../fplib/fpinit.s                        0x00000000   Number         0  fpinit.o ABSOLUTE
    ..\..\..\..\examples\multicore\common\ipc_example.c 0x00000000   Number         0  ipc_example.o ABSOLUTE
    ..\..\..\..\examples\multicore\common\ipc_msg.c 0x00000000   Number         0  ipc_msg.o ABSOLUTE
    ..\..\..\..\examples\multicore\common\m0_img_ldr.c 0x00000000   Number         0  m0_img_ldr.o ABSOLUTE
    ..\..\..\..\examples\multicore\sa_blinky_m4\blinky_m4.c 0x00000000   Number         0  blinky_m4.o ABSOLUTE
    ..\..\..\..\startup_code\keil_startup_lpc18xx43xx.s 0x00000000   Number         0  keil_startup_lpc18xx43xx.o ABSOLUTE
    ..\..\..\..\startup_code\sysinit.c       0x00000000   Number         0  sysinit.o ABSOLUTE
    ..\..\board_common\wm8904.c              0x00000000   Number         0  wm8904.o ABSOLUTE
    ..\\..\\..\\..\\examples\\multicore\\common\\ipc_example.c 0x00000000   Number         0  ipc_example.o ABSOLUTE
    ..\\..\\..\\..\\examples\\multicore\\common\\ipc_msg.c 0x00000000   Number         0  ipc_msg.o ABSOLUTE
    ..\\..\\..\\..\\examples\\multicore\\common\\m0_img_ldr.c 0x00000000   Number         0  m0_img_ldr.o ABSOLUTE
    ..\\..\\..\\..\\examples\\multicore\\sa_blinky_m4\\blinky_m4.c 0x00000000   Number         0  blinky_m4.o ABSOLUTE
    ..\\..\\..\\..\\startup_code\\sysinit.c  0x00000000   Number         0  sysinit.o ABSOLUTE
    ..\\..\\board_common\\wm8904.c           0x00000000   Number         0  wm8904.o ABSOLUTE
    ..\\chip_common\\fpu_init.c              0x00000000   Number         0  fpu_init.o ABSOLUTE
    ..\chip_common\fpu_init.c                0x00000000   Number         0  fpu_init.o ABSOLUTE
    ..\chip_common\ring_buffer.c             0x00000000   Number         0  ring_buffer.o ABSOLUTE
    board.c                                  0x00000000   Number         0  board.o ABSOLUTE
    board.c                                  0x00000000   Number         0  board.o ABSOLUTE
    board_sysinit.c                          0x00000000   Number         0  board_sysinit.o ABSOLUTE
    board_sysinit.c                          0x00000000   Number         0  board_sysinit.o ABSOLUTE
    chip_18xx_43xx.c                         0x00000000   Number         0  chip_18xx_43xx.o ABSOLUTE
    chip_18xx_43xx.c                         0x00000000   Number         0  chip_18xx_43xx.o ABSOLUTE
    clock_18xx_43xx.c                        0x00000000   Number         0  clock_18xx_43xx.o ABSOLUTE
    clock_18xx_43xx.c                        0x00000000   Number         0  clock_18xx_43xx.o ABSOLUTE
    dc.s                                     0x00000000   Number         0  dc.o ABSOLUTE
    gpio_18xx_43xx.c                         0x00000000   Number         0  gpio_18xx_43xx.o ABSOLUTE
    gpio_18xx_43xx.c                         0x00000000   Number         0  gpio_18xx_43xx.o ABSOLUTE
    i2c_18xx_43xx.c                          0x00000000   Number         0  i2c_18xx_43xx.o ABSOLUTE
    i2c_18xx_43xx.c                          0x00000000   Number         0  i2c_18xx_43xx.o ABSOLUTE
    ssp_18xx_43xx.c                          0x00000000   Number         0  ssp_18xx_43xx.o ABSOLUTE
    ssp_18xx_43xx.c                          0x00000000   Number         0  ssp_18xx_43xx.o ABSOLUTE
    sysinit_18xx_43xx.c                      0x00000000   Number         0  sysinit_18xx_43xx.o ABSOLUTE
    sysinit_18xx_43xx.c                      0x00000000   Number         0  sysinit_18xx_43xx.o ABSOLUTE
    uart_18xx_43xx.c                         0x00000000   Number         0  uart_18xx_43xx.o ABSOLUTE
    uart_18xx_43xx.c                         0x00000000   Number         0  uart_18xx_43xx.o ABSOLUTE
    .data                                    0x10000000   Section        4  ipc_example.o(.data)
    gblUpdateFn                              0x10000000   Data           4  ipc_example.o(.data)
    .data                                    0x10000004   Section       32  ipc_msg.o(.data)
    q_ipc                                    0x10000004   Data           4  ipc_msg.o(.data)
    ipc_errstr                               0x1000000c   Data          24  ipc_msg.o(.data)
    .data                                    0x10000024   Section        8  blinky_m4.o(.data)
    on                                       0x10000024   Data           4  blinky_m4.o(.data)
    cnt                                      0x10000028   Data           4  blinky_m4.o(.data)
    .data                                    0x1000002c   Section        4  chip_18xx_43xx.o(.data)
    .data                                    0x10000030   Section        8  clock_18xx_43xx.o(.data)
    audio_usb_pll_freq                       0x10000030   Data           8  clock_18xx_43xx.o(.data)
    .bss                                     0x10000038   Section      880  ipc_example.o(.bss)
    ipcex_callback_lookup                    0x10000038   Data          80  ipc_example.o(.bss)
    ipcex_queue                              0x10000088   Data         768  ipc_example.o(.bss)
    gblCfg                                   0x10000388   Data          32  ipc_example.o(.bss)
    .bss                                     0x100003a8   Section       96  libspace.o(.bss)
    HEAP                                     0x10000408   Section        0  keil_startup_lpc18xx43xx.o(HEAP)
    STACK                                    0x10000408   Section      768  keil_startup_lpc18xx43xx.o(STACK)
    Heap_Mem                                 0x10000408   Data           0  keil_startup_lpc18xx43xx.o(HEAP)
    Stack_Mem                                0x10000408   Data         768  keil_startup_lpc18xx43xx.o(STACK)
    __initial_sp                             0x10000708   Data           0  keil_startup_lpc18xx43xx.o(STACK)
    RESET                                    0x1a000000   Section      276  keil_startup_lpc18xx43xx.o(RESET)
    !!!main                                  0x1a000114   Section        8  __main.o(!!!main)
    !!!scatter                               0x1a00011c   Section       52  __scatter.o(!!!scatter)
    !!handler_copy                           0x1a000150   Section       26  __scatter_copy.o(!!handler_copy)
    !!handler_zi                             0x1a00016c   Section       28  __scatter_zi.o(!!handler_zi)
    .ARM.Collect$$libinit$$00000000          0x1a000188   Section        2  libinit.o(.ARM.Collect$$libinit$$00000000)
    .ARM.Collect$$libinit$$00000001          0x1a00018a   Section        4  libinit2.o(.ARM.Collect$$libinit$$00000001)
    .ARM.Collect$$libinit$$00000004          0x1a00018e   Section        0  libinit2.o(.ARM.Collect$$libinit$$00000004)
    .ARM.Collect$$libinit$$0000000A          0x1a00018e   Section        0  libinit2.o(.ARM.Collect$$libinit$$0000000A)
    .ARM.Collect$$libinit$$0000000C          0x1a00018e   Section        0  libinit2.o(.ARM.Collect$$libinit$$0000000C)
    .ARM.Collect$$libinit$$0000000E          0x1a00018e   Section        0  libinit2.o(.ARM.Collect$$libinit$$0000000E)
    .ARM.Collect$$libinit$$00000011          0x1a00018e   Section        0  libinit2.o(.ARM.Collect$$libinit$$00000011)
    .ARM.Collect$$libinit$$00000013          0x1a00018e   Section        0  libinit2.o(.ARM.Collect$$libinit$$00000013)
    .ARM.Collect$$libinit$$00000015          0x1a00018e   Section        0  libinit2.o(.ARM.Collect$$libinit$$00000015)
    .ARM.Collect$$libinit$$00000017          0x1a00018e   Section        0  libinit2.o(.ARM.Collect$$libinit$$00000017)
    .ARM.Collect$$libinit$$00000019          0x1a00018e   Section        0  libinit2.o(.ARM.Collect$$libinit$$00000019)
    .ARM.Collect$$libinit$$0000001B          0x1a00018e   Section        0  libinit2.o(.ARM.Collect$$libinit$$0000001B)
    .ARM.Collect$$libinit$$0000001D          0x1a00018e   Section        0  libinit2.o(.ARM.Collect$$libinit$$0000001D)
    .ARM.Collect$$libinit$$0000001F          0x1a00018e   Section        0  libinit2.o(.ARM.Collect$$libinit$$0000001F)
    .ARM.Collect$$libinit$$00000021          0x1a00018e   Section        0  libinit2.o(.ARM.Collect$$libinit$$00000021)
    .ARM.Collect$$libinit$$00000023          0x1a00018e   Section        0  libinit2.o(.ARM.Collect$$libinit$$00000023)
    .ARM.Collect$$libinit$$00000025          0x1a00018e   Section        0  libinit2.o(.ARM.Collect$$libinit$$00000025)
    .ARM.Collect$$libinit$$0000002C          0x1a00018e   Section        0  libinit2.o(.ARM.Collect$$libinit$$0000002C)
    .ARM.Collect$$libinit$$0000002E          0x1a00018e   Section        0  libinit2.o(.ARM.Collect$$libinit$$0000002E)
    .ARM.Collect$$libinit$$00000030          0x1a00018e   Section        0  libinit2.o(.ARM.Collect$$libinit$$00000030)
    .ARM.Collect$$libinit$$00000032          0x1a00018e   Section        0  libinit2.o(.ARM.Collect$$libinit$$00000032)
    .ARM.Collect$$libinit$$00000033          0x1a00018e   Section        2  libinit2.o(.ARM.Collect$$libinit$$00000033)
    .ARM.Collect$$libshutdown$$00000000      0x1a000190   Section        2  libshutdown.o(.ARM.Collect$$libshutdown$$00000000)
    .ARM.Collect$$libshutdown$$00000002      0x1a000192   Section        0  libshutdown2.o(.ARM.Collect$$libshutdown$$00000002)
    .ARM.Collect$$libshutdown$$00000004      0x1a000192   Section        0  libshutdown2.o(.ARM.Collect$$libshutdown$$00000004)
    .ARM.Collect$$libshutdown$$00000007      0x1a000192   Section        0  libshutdown2.o(.ARM.Collect$$libshutdown$$00000007)
    .ARM.Collect$$libshutdown$$0000000A      0x1a000192   Section        0  libshutdown2.o(.ARM.Collect$$libshutdown$$0000000A)
    .ARM.Collect$$libshutdown$$0000000C      0x1a000192   Section        0  libshutdown2.o(.ARM.Collect$$libshutdown$$0000000C)
    .ARM.Collect$$libshutdown$$0000000F      0x1a000192   Section        0  libshutdown2.o(.ARM.Collect$$libshutdown$$0000000F)
    .ARM.Collect$$libshutdown$$00000010      0x1a000192   Section        2  libshutdown2.o(.ARM.Collect$$libshutdown$$00000010)
    .ARM.Collect$$rtentry$$00000000          0x1a000194   Section        0  __rtentry.o(.ARM.Collect$$rtentry$$00000000)
    .ARM.Collect$$rtentry$$00000002          0x1a000194   Section        0  __rtentry2.o(.ARM.Collect$$rtentry$$00000002)
    .ARM.Collect$$rtentry$$00000004          0x1a000194   Section        6  __rtentry4.o(.ARM.Collect$$rtentry$$00000004)
    .ARM.Collect$$rtentry$$00000009          0x1a00019a   Section        0  __rtentry2.o(.ARM.Collect$$rtentry$$00000009)
    .ARM.Collect$$rtentry$$0000000A          0x1a00019a   Section        4  __rtentry2.o(.ARM.Collect$$rtentry$$0000000A)
    .ARM.Collect$$rtentry$$0000000C          0x1a00019e   Section        0  __rtentry2.o(.ARM.Collect$$rtentry$$0000000C)
    .ARM.Collect$$rtentry$$0000000D          0x1a00019e   Section        8  __rtentry2.o(.ARM.Collect$$rtentry$$0000000D)
    .ARM.Collect$$rtexit$$00000000           0x1a0001a6   Section        2  rtexit.o(.ARM.Collect$$rtexit$$00000000)
    .ARM.Collect$$rtexit$$00000002           0x1a0001a8   Section        0  rtexit2.o(.ARM.Collect$$rtexit$$00000002)
    .ARM.Collect$$rtexit$$00000003           0x1a0001a8   Section        4  rtexit2.o(.ARM.Collect$$rtexit$$00000003)
    .ARM.Collect$$rtexit$$00000004           0x1a0001ac   Section        6  rtexit2.o(.ARM.Collect$$rtexit$$00000004)
    .text                                    0x1a0001b4   Section       64  keil_startup_lpc18xx43xx.o(.text)
    $v0                                      0x1a0001b4   Number         0  keil_startup_lpc18xx43xx.o(.text)
    .text                                    0x1a0001f4   Section      238  lludivv7m.o(.text)
    .text                                    0x1a0002e2   Section      138  rt_memcpy_v6.o(.text)
    .text                                    0x1a00036c   Section      100  rt_memcpy_w.o(.text)
    .text                                    0x1a0003d0   Section       78  rt_memclr_w.o(.text)
    .text                                    0x1a00041e   Section        0  heapauxi.o(.text)
    .text                                    0x1a000424   Section       74  sys_stackheap_outer.o(.text)
    .text                                    0x1a00046e   Section        0  exit.o(.text)
    .text                                    0x1a000480   Section        8  libspace.o(.text)
    i.ABS                                    0x1a000488   Section        0  clock_18xx_43xx.o(i.ABS)
    ABS                                      0x1a000489   Thumb Code     8  clock_18xx_43xx.o(i.ABS)
    i.Board_Debug_Init                       0x1a000490   Section        0  board.o(i.Board_Debug_Init)
    i.Board_Init                             0x1a0004b8   Section        0  board.o(i.Board_Init)
    i.Board_SetupClocking                    0x1a000510   Section        0  board_sysinit.o(i.Board_SetupClocking)
    i.Board_SetupMuxing                      0x1a000584   Section        0  board_sysinit.o(i.Board_SetupMuxing)
    i.Board_SystemInit                       0x1a0005b4   Section        0  board_sysinit.o(i.Board_SystemInit)
    i.Board_UARTPutChar                      0x1a0005c4   Section        0  board.o(i.Board_UARTPutChar)
    i.Board_UARTPutSTR                       0x1a0005d4   Section        0  board.o(i.Board_UARTPutSTR)
    i.Board_UART_Init                        0x1a0005e8   Section        0  board.o(i.Board_UART_Init)
    i.Chip_Clock_CalcMainPLLValue            0x1a000600   Section        0  clock_18xx_43xx.o(i.Chip_Clock_CalcMainPLLValue)
    i.Chip_Clock_Enable                      0x1a000670   Section        0  clock_18xx_43xx.o(i.Chip_Clock_Enable)
    i.Chip_Clock_EnableCrystal               0x1a00069c   Section        0  clock_18xx_43xx.o(i.Chip_Clock_EnableCrystal)
    i.Chip_Clock_EnableOpts                  0x1a0006e0   Section        0  clock_18xx_43xx.o(i.Chip_Clock_EnableOpts)
    i.Chip_Clock_GetBaseClock                0x1a000714   Section        0  clock_18xx_43xx.o(i.Chip_Clock_GetBaseClock)
    i.Chip_Clock_GetBaseClocktHz             0x1a000734   Section        0  clock_18xx_43xx.o(i.Chip_Clock_GetBaseClocktHz)
    i.Chip_Clock_GetClockInputHz             0x1a000744   Section        0  clock_18xx_43xx.o(i.Chip_Clock_GetClockInputHz)
    i.Chip_Clock_GetDivRate                  0x1a0007e4   Section        0  clock_18xx_43xx.o(i.Chip_Clock_GetDivRate)
    Chip_Clock_GetDivRate                    0x1a0007e5   Thumb Code    34  clock_18xx_43xx.o(i.Chip_Clock_GetDivRate)
    i.Chip_Clock_GetDividerDivisor           0x1a000808   Section        0  clock_18xx_43xx.o(i.Chip_Clock_GetDividerDivisor)
    i.Chip_Clock_GetDividerSource            0x1a000828   Section        0  clock_18xx_43xx.o(i.Chip_Clock_GetDividerSource)
    i.Chip_Clock_GetMainPLLHz                0x1a000844   Section        0  clock_18xx_43xx.o(i.Chip_Clock_GetMainPLLHz)
    i.Chip_Clock_GetRate                     0x1a0008a0   Section        0  clock_18xx_43xx.o(i.Chip_Clock_GetRate)
    i.Chip_Clock_SetBaseClock                0x1a000918   Section        0  clock_18xx_43xx.o(i.Chip_Clock_SetBaseClock)
    i.Chip_Clock_SetupMainPLL                0x1a000950   Section        0  sysinit_18xx_43xx.o(i.Chip_Clock_SetupMainPLL)
    Chip_Clock_SetupMainPLL                  0x1a000951   Thumb Code    32  sysinit_18xx_43xx.o(i.Chip_Clock_SetupMainPLL)
    i.Chip_GPIO_Init                         0x1a000974   Section        0  gpio_18xx_43xx.o(i.Chip_GPIO_Init)
    i.Chip_GPIO_SetPinDIROutput              0x1a000976   Section        0  board.o(i.Chip_GPIO_SetPinDIROutput)
    Chip_GPIO_SetPinDIROutput                0x1a000977   Thumb Code    20  board.o(i.Chip_GPIO_SetPinDIROutput)
    i.Chip_RGU_ClearReset                    0x1a00098c   Section        0  m0_img_ldr.o(i.Chip_RGU_ClearReset)
    Chip_RGU_ClearReset                      0x1a00098d   Thumb Code    12  m0_img_ldr.o(i.Chip_RGU_ClearReset)
    i.Chip_RGU_TriggerReset                  0x1a00099c   Section        0  m0_img_ldr.o(i.Chip_RGU_TriggerReset)
    Chip_RGU_TriggerReset                    0x1a00099d   Thumb Code    18  m0_img_ldr.o(i.Chip_RGU_TriggerReset)
    i.Chip_SetupCoreClock                    0x1a0009b4   Section        0  sysinit_18xx_43xx.o(i.Chip_SetupCoreClock)
    i.Chip_UART_GetIndex                     0x1a000aa4   Section        0  uart_18xx_43xx.o(i.Chip_UART_GetIndex)
    Chip_UART_GetIndex                       0x1a000aa5   Thumb Code    40  uart_18xx_43xx.o(i.Chip_UART_GetIndex)
    i.Chip_UART_Init                         0x1a000ad0   Section        0  uart_18xx_43xx.o(i.Chip_UART_Init)
    i.Chip_UART_SetBaudFDR                   0x1a000b1c   Section        0  uart_18xx_43xx.o(i.Chip_UART_SetBaudFDR)
    i.IPCEX_Init                             0x1a000be8   Section        0  ipc_example.o(i.IPCEX_Init)
    i.IPC_EventHandler_sa                    0x1a000c08   Section        0  ipc_msg.o(i.IPC_EventHandler_sa)
    IPC_EventHandler_sa                      0x1a000c09   Thumb Code     8  ipc_msg.o(i.IPC_EventHandler_sa)
    i.IPC_initMsgQueue                       0x1a000c10   Section        0  ipc_msg.o(i.IPC_initMsgQueue)
    i.IPC_pushMsgTout                        0x1a000cc4   Section        0  ipc_msg.o(i.IPC_pushMsgTout)
    i.M0Image_Boot                           0x1a000d54   Section        0  m0_img_ldr.o(i.M0Image_Boot)
    i.SysTick_Handler                        0x1a000dc8   Section        0  blinky_m4.o(i.SysTick_Handler)
    i.SystemCoreClockUpdate                  0x1a000e38   Section        0  chip_18xx_43xx.o(i.SystemCoreClockUpdate)
    i.SystemInit                             0x1a000e4c   Section        0  sysinit.o(i.SystemInit)
    i._sys_exit                              0x1a000e68   Section        0  board.o(i._sys_exit)
    i.fpuInit                                0x1a000e6c   Section        0  fpu_init.o(i.fpuInit)
    i.ipc_send_signal                        0x1a000ea8   Section        0  ipc_msg.o(i.ipc_send_signal)
    ipc_send_signal                          0x1a000ea9   Thumb Code     8  ipc_msg.o(i.ipc_send_signal)
    i.ipcex_register_callback                0x1a000eb0   Section        0  ipc_example.o(i.ipcex_register_callback)
    i.ipcex_updateGblVal                     0x1a000ec4   Section        0  ipc_example.o(i.ipcex_updateGblVal)
    ipcex_updateGblVal                       0x1a000ec5   Thumb Code    40  ipc_example.o(i.ipcex_updateGblVal)
    i.main                                   0x1a000ef4   Section        0  blinky_m4.o(i.main)
    i.pll_calc_divs                          0x1a000f08   Section        0  clock_18xx_43xx.o(i.pll_calc_divs)
    pll_calc_divs                            0x1a000f09   Thumb Code   152  clock_18xx_43xx.o(i.pll_calc_divs)
    i.pll_get_frac                           0x1a000fa8   Section        0  clock_18xx_43xx.o(i.pll_get_frac)
    pll_get_frac                             0x1a000fa9   Thumb Code   184  clock_18xx_43xx.o(i.pll_get_frac)
    i.prvSetupHardware                       0x1a001064   Section        0  blinky_m4.o(i.prvSetupHardware)
    prvSetupHardware                         0x1a001065   Thumb Code   114  blinky_m4.o(i.prvSetupHardware)
    x$fpl$fpinit                             0x1a001100   Section       10  fpinit.o(x$fpl$fpinit)
    $v0                                      0x1a001100   Number         0  fpinit.o(x$fpl$fpinit)
    .constdata                               0x1a00110a   Section      108  clock_18xx_43xx.o(.constdata)
    periph_to_base                           0x1a00110a   Data         108  clock_18xx_43xx.o(.constdata)
    .constdata                               0x1a001178   Section        4  board.o(.constdata)
    .constdata                               0x1a00117c   Section        4  board.o(.constdata)
    .constdata                               0x1a001180   Section        6  board.o(.constdata)
    gpioLEDBits                              0x1a001180   Data           6  board.o(.constdata)
    .constdata                               0x1a001186   Section       64  board_sysinit.o(.constdata)
    InitClkStates                            0x1a001186   Data          12  board_sysinit.o(.constdata)
    pinmuxing                                0x1a001192   Data          52  board_sysinit.o(.constdata)
    .constdata                               0x1a0011c6   Section       16  uart_18xx_43xx.o(.constdata)
    UART_PClock                              0x1a0011c6   Data           8  uart_18xx_43xx.o(.constdata)
    UART_BClock                              0x1a0011ce   Data           8  uart_18xx_43xx.o(.constdata)
    .constdata                               0x1a0011d6   Section       72  sysinit_18xx_43xx.o(.constdata)
    InitClkStates                            0x1a0011d6   Data          72  sysinit_18xx_43xx.o(.constdata)
    .conststring                             0x1a001220   Section      123  ipc_msg.o(.conststring)

    Global Symbols

    Symbol Name                              Value     Ov Type        Size  Object(Section)

    BuildAttributes$$THM_ISAv4$E$P$D$K$B$S$7EM$VFPi3$EXTD16$VFPS$VFMA$PE$A:L22UL41UL21$X:L11$S22US41US21$IEEE1$IW$USESV6$~STKCKD$USESV7$~SHL$OSPACE$ROPI$EBA8$UX$STANDARDLIB$REQ8$PRES8$EABIv2 0x00000000   Number         0  anon$$obj.o ABSOLUTE
    __ARM_use_no_argv                        0x00000000   Number         0  blinky_m4.o ABSOLUTE
    __ARM_exceptions_init                     - Undefined Weak Reference
    __alloca_initialize                       - Undefined Weak Reference
    __arm_preinit_                            - Undefined Weak Reference
    __cpp_initialize__aeabi_                  - Undefined Weak Reference
    __cxa_finalize                            - Undefined Weak Reference
    __rt_locale                               - Undefined Weak Reference
    __sigvec_lookup                           - Undefined Weak Reference
    _atexit_init                              - Undefined Weak Reference
    _call_atexit_fns                          - Undefined Weak Reference
    _clock_init                               - Undefined Weak Reference
    _fp_trap_init                             - Undefined Weak Reference
    _fp_trap_shutdown                         - Undefined Weak Reference
    _get_lc_collate                           - Undefined Weak Reference
    _get_lc_ctype                             - Undefined Weak Reference
    _get_lc_monetary                          - Undefined Weak Reference
    _get_lc_numeric                           - Undefined Weak Reference
    _get_lc_time                              - Undefined Weak Reference
    _getenv_init                              - Undefined Weak Reference
    _handle_redirection                       - Undefined Weak Reference
    _init_alloc                               - Undefined Weak Reference
    _init_user_alloc                          - Undefined Weak Reference
    _initio                                   - Undefined Weak Reference
    _rand_init                                - Undefined Weak Reference
    _signal_finish                            - Undefined Weak Reference
    _signal_init                              - Undefined Weak Reference
    _terminate_alloc                          - Undefined Weak Reference
    _terminate_user_alloc                     - Undefined Weak Reference
    _terminateio                              - Undefined Weak Reference
    IPC_EventHandler                         0x10000008   Data           4  ipc_msg.o(.data)
    SystemCoreClock                          0x1000002c   Data           4  chip_18xx_43xx.o(.data)
    __libspace_start                         0x100003a8   Data          96  libspace.o(.bss)
    __temporary_stack_top$libspace           0x10000408   Data           0  libspace.o(.bss)
    __Vectors                                0x1a000000   Data           4  keil_startup_lpc18xx43xx.o(RESET)
    __main                                   0x1a000115   Thumb Code     8  __main.o(!!!main)
    __scatterload                            0x1a00011d   Thumb Code     0  __scatter.o(!!!scatter)
    __scatterload_rt2                        0x1a00011d   Thumb Code    44  __scatter.o(!!!scatter)
    __scatterload_rt2_thumb_only             0x1a00011d   Thumb Code     0  __scatter.o(!!!scatter)
    __scatterload_null                       0x1a00012b   Thumb Code     0  __scatter.o(!!!scatter)
    __scatterload_copy                       0x1a000151   Thumb Code    26  __scatter_copy.o(!!handler_copy)
    __scatterload_zeroinit                   0x1a00016d   Thumb Code    28  __scatter_zi.o(!!handler_zi)
    __rt_lib_init                            0x1a000189   Thumb Code     0  libinit.o(.ARM.Collect$$libinit$$00000000)
    __rt_lib_init_fp_1                       0x1a00018b   Thumb Code     0  libinit2.o(.ARM.Collect$$libinit$$00000001)
    __rt_lib_init_alloca_1                   0x1a00018f   Thumb Code     0  libinit2.o(.ARM.Collect$$libinit$$0000002E)
    __rt_lib_init_argv_1                     0x1a00018f   Thumb Code     0  libinit2.o(.ARM.Collect$$libinit$$0000002C)
    __rt_lib_init_atexit_1                   0x1a00018f   Thumb Code     0  libinit2.o(.ARM.Collect$$libinit$$0000001B)
    __rt_lib_init_clock_1                    0x1a00018f   Thumb Code     0  libinit2.o(.ARM.Collect$$libinit$$00000021)
    __rt_lib_init_cpp_1                      0x1a00018f   Thumb Code     0  libinit2.o(.ARM.Collect$$libinit$$00000032)
    __rt_lib_init_exceptions_1               0x1a00018f   Thumb Code     0  libinit2.o(.ARM.Collect$$libinit$$00000030)
    __rt_lib_init_fp_trap_1                  0x1a00018f   Thumb Code     0  libinit2.o(.ARM.Collect$$libinit$$0000001F)
    __rt_lib_init_getenv_1                   0x1a00018f   Thumb Code     0  libinit2.o(.ARM.Collect$$libinit$$00000023)
    __rt_lib_init_heap_1                     0x1a00018f   Thumb Code     0  libinit2.o(.ARM.Collect$$libinit$$0000000A)
    __rt_lib_init_lc_collate_1               0x1a00018f   Thumb Code     0  libinit2.o(.ARM.Collect$$libinit$$00000011)
    __rt_lib_init_lc_ctype_1                 0x1a00018f   Thumb Code     0  libinit2.o(.ARM.Collect$$libinit$$00000013)
    __rt_lib_init_lc_monetary_1              0x1a00018f   Thumb Code     0  libinit2.o(.ARM.Collect$$libinit$$00000015)
    __rt_lib_init_lc_numeric_1               0x1a00018f   Thumb Code     0  libinit2.o(.ARM.Collect$$libinit$$00000017)
    __rt_lib_init_lc_time_1                  0x1a00018f   Thumb Code     0  libinit2.o(.ARM.Collect$$libinit$$00000019)
    __rt_lib_init_preinit_1                  0x1a00018f   Thumb Code     0  libinit2.o(.ARM.Collect$$libinit$$00000004)
    __rt_lib_init_rand_1                     0x1a00018f   Thumb Code     0  libinit2.o(.ARM.Collect$$libinit$$0000000E)
    __rt_lib_init_return                     0x1a00018f   Thumb Code     0  libinit2.o(.ARM.Collect$$libinit$$00000033)
    __rt_lib_init_signal_1                   0x1a00018f   Thumb Code     0  libinit2.o(.ARM.Collect$$libinit$$0000001D)
    __rt_lib_init_stdio_1                    0x1a00018f   Thumb Code     0  libinit2.o(.ARM.Collect$$libinit$$00000025)
    __rt_lib_init_user_alloc_1               0x1a00018f   Thumb Code     0  libinit2.o(.ARM.Collect$$libinit$$0000000C)
    __rt_lib_shutdown                        0x1a000191   Thumb Code     0  libshutdown.o(.ARM.Collect$$libshutdown$$00000000)
    __rt_lib_shutdown_cpp_1                  0x1a000193   Thumb Code     0  libshutdown2.o(.ARM.Collect$$libshutdown$$00000002)
    __rt_lib_shutdown_fp_trap_1              0x1a000193   Thumb Code     0  libshutdown2.o(.ARM.Collect$$libshutdown$$00000007)
    __rt_lib_shutdown_heap_1                 0x1a000193   Thumb Code     0  libshutdown2.o(.ARM.Collect$$libshutdown$$0000000F)
    __rt_lib_shutdown_return                 0x1a000193   Thumb Code     0  libshutdown2.o(.ARM.Collect$$libshutdown$$00000010)
    __rt_lib_shutdown_signal_1               0x1a000193   Thumb Code     0  libshutdown2.o(.ARM.Collect$$libshutdown$$0000000A)
    __rt_lib_shutdown_stdio_1                0x1a000193   Thumb Code     0  libshutdown2.o(.ARM.Collect$$libshutdown$$00000004)
    __rt_lib_shutdown_user_alloc_1           0x1a000193   Thumb Code     0  libshutdown2.o(.ARM.Collect$$libshutdown$$0000000C)
    __rt_entry                               0x1a000195   Thumb Code     0  __rtentry.o(.ARM.Collect$$rtentry$$00000000)
    __rt_entry_presh_1                       0x1a000195   Thumb Code     0  __rtentry2.o(.ARM.Collect$$rtentry$$00000002)
    __rt_entry_sh                            0x1a000195   Thumb Code     0  __rtentry4.o(.ARM.Collect$$rtentry$$00000004)
    __rt_entry_li                            0x1a00019b   Thumb Code     0  __rtentry2.o(.ARM.Collect$$rtentry$$0000000A)
    __rt_entry_postsh_1                      0x1a00019b   Thumb Code     0  __rtentry2.o(.ARM.Collect$$rtentry$$00000009)
    __rt_entry_main                          0x1a00019f   Thumb Code     0  __rtentry2.o(.ARM.Collect$$rtentry$$0000000D)
    __rt_entry_postli_1                      0x1a00019f   Thumb Code     0  __rtentry2.o(.ARM.Collect$$rtentry$$0000000C)
    __rt_exit                                0x1a0001a7   Thumb Code     0  rtexit.o(.ARM.Collect$$rtexit$$00000000)
    __rt_exit_ls                             0x1a0001a9   Thumb Code     0  rtexit2.o(.ARM.Collect$$rtexit$$00000003)
    __rt_exit_prels_1                        0x1a0001a9   Thumb Code     0  rtexit2.o(.ARM.Collect$$rtexit$$00000002)
    __rt_exit_exit                           0x1a0001ad   Thumb Code     0  rtexit2.o(.ARM.Collect$$rtexit$$00000004)
    Reset_Handler                            0x1a0001b5   Thumb Code     8  keil_startup_lpc18xx43xx.o(.text)
    NMI_Handler                              0x1a0001bd   Thumb Code     2  keil_startup_lpc18xx43xx.o(.text)
    HardFault_Handler                        0x1a0001bf   Thumb Code     2  keil_startup_lpc18xx43xx.o(.text)
    MemManage_Handler                        0x1a0001c1   Thumb Code     2  keil_startup_lpc18xx43xx.o(.text)
    BusFault_Handler                         0x1a0001c3   Thumb Code     2  keil_startup_lpc18xx43xx.o(.text)
    UsageFault_Handler                       0x1a0001c5   Thumb Code     2  keil_startup_lpc18xx43xx.o(.text)
    SVC_Handler                              0x1a0001c7   Thumb Code     2  keil_startup_lpc18xx43xx.o(.text)
    DebugMon_Handler                         0x1a0001c9   Thumb Code     2  keil_startup_lpc18xx43xx.o(.text)
    PendSV_Handler                           0x1a0001cb   Thumb Code     2  keil_startup_lpc18xx43xx.o(.text)
    UnHandled_Vector                         0x1a0001cf   Thumb Code     2  keil_startup_lpc18xx43xx.o(.text)
    ADC0_IRQHandler                          0x1a0001d1   Thumb Code     0  keil_startup_lpc18xx43xx.o(.text)
    ADC1_IRQHandler                          0x1a0001d1   Thumb Code     0  keil_startup_lpc18xx43xx.o(.text)
    ADCHS_IRQHandler                         0x1a0001d1   Thumb Code     0  keil_startup_lpc18xx43xx.o(.text)
    ATIMER_IRQHandler                        0x1a0001d1   Thumb Code     0  keil_startup_lpc18xx43xx.o(.text)
    CAN0_IRQHandler                          0x1a0001d1   Thumb Code     0  keil_startup_lpc18xx43xx.o(.text)
    CAN1_IRQHandler                          0x1a0001d1   Thumb Code     0  keil_startup_lpc18xx43xx.o(.text)
    DAC_IRQHandler                           0x1a0001d1   Thumb Code     0  keil_startup_lpc18xx43xx.o(.text)
    DMA_IRQHandler                           0x1a0001d1   Thumb Code     0  keil_startup_lpc18xx43xx.o(.text)
    ETH_IRQHandler                           0x1a0001d1   Thumb Code     0  keil_startup_lpc18xx43xx.o(.text)
    EVRT_IRQHandler                          0x1a0001d1   Thumb Code     0  keil_startup_lpc18xx43xx.o(.text)
    FLASH_EEPROM_IRQHandler                  0x1a0001d1   Thumb Code     0  keil_startup_lpc18xx43xx.o(.text)
    GINT0_IRQHandler                         0x1a0001d1   Thumb Code     0  keil_startup_lpc18xx43xx.o(.text)
    GINT1_IRQHandler                         0x1a0001d1   Thumb Code     0  keil_startup_lpc18xx43xx.o(.text)
    GPIO0_IRQHandler                         0x1a0001d1   Thumb Code     0  keil_startup_lpc18xx43xx.o(.text)
    GPIO1_IRQHandler                         0x1a0001d1   Thumb Code     0  keil_startup_lpc18xx43xx.o(.text)
    GPIO2_IRQHandler                         0x1a0001d1   Thumb Code     0  keil_startup_lpc18xx43xx.o(.text)
    GPIO3_IRQHandler                         0x1a0001d1   Thumb Code     0  keil_startup_lpc18xx43xx.o(.text)
    GPIO4_IRQHandler                         0x1a0001d1   Thumb Code     0  keil_startup_lpc18xx43xx.o(.text)
    GPIO5_IRQHandler                         0x1a0001d1   Thumb Code     0  keil_startup_lpc18xx43xx.o(.text)
    GPIO6_IRQHandler                         0x1a0001d1   Thumb Code     0  keil_startup_lpc18xx43xx.o(.text)
    GPIO7_IRQHandler                         0x1a0001d1   Thumb Code     0  keil_startup_lpc18xx43xx.o(.text)
    I2C0_IRQHandler                          0x1a0001d1   Thumb Code     0  keil_startup_lpc18xx43xx.o(.text)
    I2C1_IRQHandler                          0x1a0001d1   Thumb Code     0  keil_startup_lpc18xx43xx.o(.text)
    I2S0_IRQHandler                          0x1a0001d1   Thumb Code     0  keil_startup_lpc18xx43xx.o(.text)
    I2S1_IRQHandler                          0x1a0001d1   Thumb Code     0  keil_startup_lpc18xx43xx.o(.text)
    LCD_IRQHandler                           0x1a0001d1   Thumb Code     0  keil_startup_lpc18xx43xx.o(.text)
    M0APP_IRQHandler                         0x1a0001d1   Thumb Code     0  keil_startup_lpc18xx43xx.o(.text)
    M0SUB_IRQHandler                         0x1a0001d1   Thumb Code     0  keil_startup_lpc18xx43xx.o(.text)
    MCPWM_IRQHandler                         0x1a0001d1   Thumb Code     0  keil_startup_lpc18xx43xx.o(.text)
    QEI_IRQHandler                           0x1a0001d1   Thumb Code     0  keil_startup_lpc18xx43xx.o(.text)
    RIT_IRQHandler                           0x1a0001d1   Thumb Code     0  keil_startup_lpc18xx43xx.o(.text)
    RTC_IRQHandler                           0x1a0001d1   Thumb Code     0  keil_startup_lpc18xx43xx.o(.text)
    SCT_IRQHandler                           0x1a0001d1   Thumb Code     0  keil_startup_lpc18xx43xx.o(.text)
    SDIO_IRQHandler                          0x1a0001d1   Thumb Code     0  keil_startup_lpc18xx43xx.o(.text)
    SGPIO_IRQHandler                         0x1a0001d1   Thumb Code     0  keil_startup_lpc18xx43xx.o(.text)
    SPIFI_IRQHandler                         0x1a0001d1   Thumb Code     0  keil_startup_lpc18xx43xx.o(.text)
    SPI_IRQHandler                           0x1a0001d1   Thumb Code     0  keil_startup_lpc18xx43xx.o(.text)
    SSP0_IRQHandler                          0x1a0001d1   Thumb Code     0  keil_startup_lpc18xx43xx.o(.text)
    SSP1_IRQHandler                          0x1a0001d1   Thumb Code     0  keil_startup_lpc18xx43xx.o(.text)
    TIMER0_IRQHandler                        0x1a0001d1   Thumb Code     0  keil_startup_lpc18xx43xx.o(.text)
    TIMER1_IRQHandler                        0x1a0001d1   Thumb Code     0  keil_startup_lpc18xx43xx.o(.text)
    TIMER2_IRQHandler                        0x1a0001d1   Thumb Code     0  keil_startup_lpc18xx43xx.o(.text)
    TIMER3_IRQHandler                        0x1a0001d1   Thumb Code     0  keil_startup_lpc18xx43xx.o(.text)
    UART0_IRQHandler                         0x1a0001d1   Thumb Code     0  keil_startup_lpc18xx43xx.o(.text)
    UART1_IRQHandler                         0x1a0001d1   Thumb Code     0  keil_startup_lpc18xx43xx.o(.text)
    UART2_IRQHandler                         0x1a0001d1   Thumb Code     0  keil_startup_lpc18xx43xx.o(.text)
    UART3_IRQHandler                         0x1a0001d1   Thumb Code     0  keil_startup_lpc18xx43xx.o(.text)
    USB0_IRQHandler                          0x1a0001d1   Thumb Code     0  keil_startup_lpc18xx43xx.o(.text)
    USB1_IRQHandler                          0x1a0001d1   Thumb Code     0  keil_startup_lpc18xx43xx.o(.text)
    WDT_IRQHandler                           0x1a0001d1   Thumb Code     0  keil_startup_lpc18xx43xx.o(.text)
    __user_initial_stackheap                 0x1a0001d5   Thumb Code     0  keil_startup_lpc18xx43xx.o(.text)
    __aeabi_uldivmod                         0x1a0001f5   Thumb Code     0  lludivv7m.o(.text)
    _ll_udiv                                 0x1a0001f5   Thumb Code   238  lludivv7m.o(.text)
    __aeabi_memcpy                           0x1a0002e3   Thumb Code     0  rt_memcpy_v6.o(.text)
    __rt_memcpy                              0x1a0002e3   Thumb Code   138  rt_memcpy_v6.o(.text)
    _memcpy_lastbytes                        0x1a000349   Thumb Code     0  rt_memcpy_v6.o(.text)
    __aeabi_memcpy4                          0x1a00036d   Thumb Code     0  rt_memcpy_w.o(.text)
    __aeabi_memcpy8                          0x1a00036d   Thumb Code     0  rt_memcpy_w.o(.text)
    __rt_memcpy_w                            0x1a00036d   Thumb Code   100  rt_memcpy_w.o(.text)
    _memcpy_lastbytes_aligned                0x1a0003b5   Thumb Code     0  rt_memcpy_w.o(.text)
    __aeabi_memclr4                          0x1a0003d1   Thumb Code     0  rt_memclr_w.o(.text)
    __aeabi_memclr8                          0x1a0003d1   Thumb Code     0  rt_memclr_w.o(.text)
    __rt_memclr_w                            0x1a0003d1   Thumb Code    78  rt_memclr_w.o(.text)
    _memset_w                                0x1a0003d5   Thumb Code     0  rt_memclr_w.o(.text)
    __use_two_region_memory                  0x1a00041f   Thumb Code     2  heapauxi.o(.text)
    __rt_heap_escrow$2region                 0x1a000421   Thumb Code     2  heapauxi.o(.text)
    __rt_heap_expand$2region                 0x1a000423   Thumb Code     2  heapauxi.o(.text)
    __user_setup_stackheap                   0x1a000425   Thumb Code    74  sys_stackheap_outer.o(.text)
    exit                                     0x1a00046f   Thumb Code    18  exit.o(.text)
    __user_libspace                          0x1a000481   Thumb Code     8  libspace.o(.text)
    __user_perproc_libspace                  0x1a000481   Thumb Code     0  libspace.o(.text)
    __user_perthread_libspace                0x1a000481   Thumb Code     0  libspace.o(.text)
    Board_Debug_Init                         0x1a000491   Thumb Code    36  board.o(i.Board_Debug_Init)
    Board_Init                               0x1a0004b9   Thumb Code    74  board.o(i.Board_Init)
    Board_SetupClocking                      0x1a000511   Thumb Code    98  board_sysinit.o(i.Board_SetupClocking)
    Board_SetupMuxing                        0x1a000585   Thumb Code    40  board_sysinit.o(i.Board_SetupMuxing)
    Board_SystemInit                         0x1a0005b5   Thumb Code    14  board_sysinit.o(i.Board_SystemInit)
    Board_UARTPutChar                        0x1a0005c5   Thumb Code    12  board.o(i.Board_UARTPutChar)
    Board_UARTPutSTR                         0x1a0005d5   Thumb Code    20  board.o(i.Board_UARTPutSTR)
    Board_UART_Init                          0x1a0005e9   Thumb Code    14  board.o(i.Board_UART_Init)
    Chip_Clock_CalcMainPLLValue              0x1a000601   Thumb Code    98  clock_18xx_43xx.o(i.Chip_Clock_CalcMainPLLValue)
    Chip_Clock_Enable                        0x1a000671   Thumb Code    40  clock_18xx_43xx.o(i.Chip_Clock_Enable)
    Chip_Clock_EnableCrystal                 0x1a00069d   Thumb Code    54  clock_18xx_43xx.o(i.Chip_Clock_EnableCrystal)
    Chip_Clock_EnableOpts                    0x1a0006e1   Thumb Code    46  clock_18xx_43xx.o(i.Chip_Clock_EnableOpts)
    Chip_Clock_GetBaseClock                  0x1a000715   Thumb Code    26  clock_18xx_43xx.o(i.Chip_Clock_GetBaseClock)
    Chip_Clock_GetBaseClocktHz               0x1a000735   Thumb Code    14  clock_18xx_43xx.o(i.Chip_Clock_GetBaseClocktHz)
    Chip_Clock_GetClockInputHz               0x1a000745   Thumb Code   132  clock_18xx_43xx.o(i.Chip_Clock_GetClockInputHz)
    Chip_Clock_GetDividerDivisor             0x1a000809   Thumb Code    18  clock_18xx_43xx.o(i.Chip_Clock_GetDividerDivisor)
    Chip_Clock_GetDividerSource              0x1a000829   Thumb Code    22  clock_18xx_43xx.o(i.Chip_Clock_GetDividerSource)
    Chip_Clock_GetMainPLLHz                  0x1a000845   Thumb Code    84  clock_18xx_43xx.o(i.Chip_Clock_GetMainPLLHz)
    Chip_Clock_GetRate                       0x1a0008a1   Thumb Code   112  clock_18xx_43xx.o(i.Chip_Clock_GetRate)
    Chip_Clock_SetBaseClock                  0x1a000919   Thumb Code    48  clock_18xx_43xx.o(i.Chip_Clock_SetBaseClock)
    Chip_GPIO_Init                           0x1a000975   Thumb Code     2  gpio_18xx_43xx.o(i.Chip_GPIO_Init)
    Chip_SetupCoreClock                      0x1a0009b5   Thumb Code   226  sysinit_18xx_43xx.o(i.Chip_SetupCoreClock)
    Chip_UART_Init                           0x1a000ad1   Thumb Code    66  uart_18xx_43xx.o(i.Chip_UART_Init)
    Chip_UART_SetBaudFDR                     0x1a000b1d   Thumb Code   200  uart_18xx_43xx.o(i.Chip_UART_SetBaudFDR)
    IPCEX_Init                               0x1a000be9   Thumb Code    22  ipc_example.o(i.IPCEX_Init)
    IPC_initMsgQueue                         0x1a000c11   Thumb Code    80  ipc_msg.o(i.IPC_initMsgQueue)
    IPC_pushMsgTout                          0x1a000cc5   Thumb Code   132  ipc_msg.o(i.IPC_pushMsgTout)
    M0Image_Boot                             0x1a000d55   Thumb Code   112  m0_img_ldr.o(i.M0Image_Boot)
    SysTick_Handler                          0x1a000dc9   Thumb Code   104  blinky_m4.o(i.SysTick_Handler)
    SystemCoreClockUpdate                    0x1a000e39   Thumb Code    14  chip_18xx_43xx.o(i.SystemCoreClockUpdate)
    SystemInit                               0x1a000e4d   Thumb Code    18  sysinit.o(i.SystemInit)
    _sys_exit                                0x1a000e69   Thumb Code     4  board.o(i._sys_exit)
    fpuInit                                  0x1a000e6d   Thumb Code    46  fpu_init.o(i.fpuInit)
    ipcex_register_callback                  0x1a000eb1   Thumb Code    16  ipc_example.o(i.ipcex_register_callback)
    main                                     0x1a000ef5   Thumb Code    20  blinky_m4.o(i.main)
    _fp_init                                 0x1a001101   Thumb Code    10  fpinit.o(x$fpl$fpinit)
    __fplib_config_fpu_vfp                   0x1a001109   Thumb Code     0  fpinit.o(x$fpl$fpinit)
    __fplib_config_pureend_doubles           0x1a001109   Thumb Code     0  fpinit.o(x$fpl$fpinit)
    ExtRateIn                                0x1a001178   Data           4  board.o(.constdata)
    OscRateIn                                0x1a00117c   Data           4  board.o(.constdata)
    Region$$Table$$Base                      0x1a00129c   Number         0  anon$$obj.o(Region$$Table)
    Region$$Table$$Limit                     0x1a0012bc   Number         0  anon$$obj.o(Region$$Table)



==============================================================================

Memory Map of the image

  Image Entry point : 0x1a000115

  Load Region LR_IROM1 (Base: 0x1a000000, Size: 0x000012f4, Max: 0x00080000, ABSOLUTE)

    Execution Region RW_IRAM1 (Exec base: 0x10000000, Load base: 0x1a0012bc, Size: 0x00000708, Max: 0x00008000, ABSOLUTE)

    Exec Addr    Load Addr    Size         Type   Attr      Idx    E Section Name        Object

    0x10000000   0x1a0012bc   0x00000004   Data   RW           12    .data               ipc_example.o
    0x10000004   0x1a0012c0   0x00000020   Data   RW          298    .data               ipc_msg.o
    0x10000024   0x1a0012e0   0x00000008   Data   RW          424    .data               blinky_m4.o
    0x1000002c   0x1a0012e8   0x00000004   Data   RW          494    .data               lib_lpc_chip_43xx.lib(chip_18xx_43xx.o)
    0x10000030   0x1a0012ec   0x00000008   Data   RW          750    .data               lib_lpc_chip_43xx.lib(clock_18xx_43xx.o)
    0x10000038        -       0x00000370   Zero   RW           11    .bss                ipc_example.o
    0x100003a8        -       0x00000060   Zero   RW         2053    .bss                c_w.l(libspace.o)
    0x10000408        -       0x00000000   Zero   RW          460    HEAP                keil_startup_lpc18xx43xx.o
    0x10000408        -       0x00000300   Zero   RW          459    STACK               keil_startup_lpc18xx43xx.o


    Execution Region ER_IROM1 (Exec base: 0x1a000000, Load base: 0x1a000000, Size: 0x000012bc, Max: 0x00080000, ABSOLUTE)

    Exec Addr    Load Addr    Size         Type   Attr      Idx    E Section Name        Object

    0x1a000000   0x1a000000   0x00000114   Data   RO          461    RESET               keil_startup_lpc18xx43xx.o
    0x1a000114   0x1a000114   0x00000008   Code   RO         2014  * !!!main             c_w.l(__main.o)
    0x1a00011c   0x1a00011c   0x00000034   Code   RO         2179    !!!scatter          c_w.l(__scatter.o)
    0x1a000150   0x1a000150   0x0000001a   Code   RO         2181    !!handler_copy      c_w.l(__scatter_copy.o)
    0x1a00016a   0x1a00016a   0x00000002   PAD
    0x1a00016c   0x1a00016c   0x0000001c   Code   RO         2183    !!handler_zi        c_w.l(__scatter_zi.o)
    0x1a000188   0x1a000188   0x00000002   Code   RO         2051    .ARM.Collect$$libinit$$00000000  c_w.l(libinit.o)
    0x1a00018a   0x1a00018a   0x00000004   Code   RO         2063    .ARM.Collect$$libinit$$00000001  c_w.l(libinit2.o)
    0x1a00018e   0x1a00018e   0x00000000   Code   RO         2066    .ARM.Collect$$libinit$$00000004  c_w.l(libinit2.o)
    0x1a00018e   0x1a00018e   0x00000000   Code   RO         2069    .ARM.Collect$$libinit$$0000000A  c_w.l(libinit2.o)
    0x1a00018e   0x1a00018e   0x00000000   Code   RO         2071    .ARM.Collect$$libinit$$0000000C  c_w.l(libinit2.o)
    0x1a00018e   0x1a00018e   0x00000000   Code   RO         2073    .ARM.Collect$$libinit$$0000000E  c_w.l(libinit2.o)
    0x1a00018e   0x1a00018e   0x00000000   Code   RO         2076    .ARM.Collect$$libinit$$00000011  c_w.l(libinit2.o)
    0x1a00018e   0x1a00018e   0x00000000   Code   RO         2078    .ARM.Collect$$libinit$$00000013  c_w.l(libinit2.o)
    0x1a00018e   0x1a00018e   0x00000000   Code   RO         2080    .ARM.Collect$$libinit$$00000015  c_w.l(libinit2.o)
    0x1a00018e   0x1a00018e   0x00000000   Code   RO         2082    .ARM.Collect$$libinit$$00000017  c_w.l(libinit2.o)
    0x1a00018e   0x1a00018e   0x00000000   Code   RO         2084    .ARM.Collect$$libinit$$00000019  c_w.l(libinit2.o)
    0x1a00018e   0x1a00018e   0x00000000   Code   RO         2086    .ARM.Collect$$libinit$$0000001B  c_w.l(libinit2.o)
    0x1a00018e   0x1a00018e   0x00000000   Code   RO         2088    .ARM.Collect$$libinit$$0000001D  c_w.l(libinit2.o)
    0x1a00018e   0x1a00018e   0x00000000   Code   RO         2090    .ARM.Collect$$libinit$$0000001F  c_w.l(libinit2.o)
    0x1a00018e   0x1a00018e   0x00000000   Code   RO         2092    .ARM.Collect$$libinit$$00000021  c_w.l(libinit2.o)
    0x1a00018e   0x1a00018e   0x00000000   Code   RO         2094    .ARM.Collect$$libinit$$00000023  c_w.l(libinit2.o)
    0x1a00018e   0x1a00018e   0x00000000   Code   RO         2096    .ARM.Collect$$libinit$$00000025  c_w.l(libinit2.o)
    0x1a00018e   0x1a00018e   0x00000000   Code   RO         2100    .ARM.Collect$$libinit$$0000002C  c_w.l(libinit2.o)
    0x1a00018e   0x1a00018e   0x00000000   Code   RO         2102    .ARM.Collect$$libinit$$0000002E  c_w.l(libinit2.o)
    0x1a00018e   0x1a00018e   0x00000000   Code   RO         2104    .ARM.Collect$$libinit$$00000030  c_w.l(libinit2.o)
    0x1a00018e   0x1a00018e   0x00000000   Code   RO         2106    .ARM.Collect$$libinit$$00000032  c_w.l(libinit2.o)
    0x1a00018e   0x1a00018e   0x00000002   Code   RO         2107    .ARM.Collect$$libinit$$00000033  c_w.l(libinit2.o)
    0x1a000190   0x1a000190   0x00000002   Code   RO         2133    .ARM.Collect$$libshutdown$$00000000  c_w.l(libshutdown.o)
    0x1a000192   0x1a000192   0x00000000   Code   RO         2162    .ARM.Collect$$libshutdown$$00000002  c_w.l(libshutdown2.o)
    0x1a000192   0x1a000192   0x00000000   Code   RO         2164    .ARM.Collect$$libshutdown$$00000004  c_w.l(libshutdown2.o)
    0x1a000192   0x1a000192   0x00000000   Code   RO         2167    .ARM.Collect$$libshutdown$$00000007  c_w.l(libshutdown2.o)
    0x1a000192   0x1a000192   0x00000000   Code   RO         2170    .ARM.Collect$$libshutdown$$0000000A  c_w.l(libshutdown2.o)
    0x1a000192   0x1a000192   0x00000000   Code   RO         2172    .ARM.Collect$$libshutdown$$0000000C  c_w.l(libshutdown2.o)
    0x1a000192   0x1a000192   0x00000000   Code   RO         2175    .ARM.Collect$$libshutdown$$0000000F  c_w.l(libshutdown2.o)
    0x1a000192   0x1a000192   0x00000002   Code   RO         2176    .ARM.Collect$$libshutdown$$00000010  c_w.l(libshutdown2.o)
    0x1a000194   0x1a000194   0x00000000   Code   RO         2016    .ARM.Collect$$rtentry$$00000000  c_w.l(__rtentry.o)
    0x1a000194   0x1a000194   0x00000000   Code   RO         2022    .ARM.Collect$$rtentry$$00000002  c_w.l(__rtentry2.o)
    0x1a000194   0x1a000194   0x00000006   Code   RO         2034    .ARM.Collect$$rtentry$$00000004  c_w.l(__rtentry4.o)
    0x1a00019a   0x1a00019a   0x00000000   Code   RO         2024    .ARM.Collect$$rtentry$$00000009  c_w.l(__rtentry2.o)
    0x1a00019a   0x1a00019a   0x00000004   Code   RO         2025    .ARM.Collect$$rtentry$$0000000A  c_w.l(__rtentry2.o)
    0x1a00019e   0x1a00019e   0x00000000   Code   RO         2027    .ARM.Collect$$rtentry$$0000000C  c_w.l(__rtentry2.o)
    0x1a00019e   0x1a00019e   0x00000008   Code   RO         2028    .ARM.Collect$$rtentry$$0000000D  c_w.l(__rtentry2.o)
    0x1a0001a6   0x1a0001a6   0x00000002   Code   RO         2055    .ARM.Collect$$rtexit$$00000000  c_w.l(rtexit.o)
    0x1a0001a8   0x1a0001a8   0x00000000   Code   RO         2109    .ARM.Collect$$rtexit$$00000002  c_w.l(rtexit2.o)
    0x1a0001a8   0x1a0001a8   0x00000004   Code   RO         2110    .ARM.Collect$$rtexit$$00000003  c_w.l(rtexit2.o)
    0x1a0001ac   0x1a0001ac   0x00000006   Code   RO         2111    .ARM.Collect$$rtexit$$00000004  c_w.l(rtexit2.o)
    0x1a0001b2   0x1a0001b2   0x00000002   PAD
    0x1a0001b4   0x1a0001b4   0x00000040   Code   RO          462    .text               keil_startup_lpc18xx43xx.o
    0x1a0001f4   0x1a0001f4   0x000000ee   Code   RO         2004    .text               c_w.l(lludivv7m.o)
    0x1a0002e2   0x1a0002e2   0x0000008a   Code   RO         2006    .text               c_w.l(rt_memcpy_v6.o)
    0x1a00036c   0x1a00036c   0x00000064   Code   RO         2008    .text               c_w.l(rt_memcpy_w.o)
    0x1a0003d0   0x1a0003d0   0x0000004e   Code   RO         2010    .text               c_w.l(rt_memclr_w.o)
    0x1a00041e   0x1a00041e   0x00000006   Code   RO         2012    .text               c_w.l(heapauxi.o)
    0x1a000424   0x1a000424   0x0000004a   Code   RO         2038    .text               c_w.l(sys_stackheap_outer.o)
    0x1a00046e   0x1a00046e   0x00000012   Code   RO         2040    .text               c_w.l(exit.o)
    0x1a000480   0x1a000480   0x00000008   Code   RO         2052    .text               c_w.l(libspace.o)
    0x1a000488   0x1a000488   0x00000008   Code   RO          715    i.ABS               lib_lpc_chip_43xx.lib(clock_18xx_43xx.o)
    0x1a000490   0x1a000490   0x00000028   Code   RO          964    i.Board_Debug_Init  lib_lpc_board_nxp_lpcxpresso_4337.lib(board.o)
    0x1a0004b8   0x1a0004b8   0x00000058   Code   RO          967    i.Board_Init        lib_lpc_board_nxp_lpcxpresso_4337.lib(board.o)
    0x1a000510   0x1a000510   0x00000074   Code   RO         1355    i.Board_SetupClocking  lib_lpc_board_nxp_lpcxpresso_4337.lib(board_sysinit.o)
    0x1a000584   0x1a000584   0x00000030   Code   RO         1356    i.Board_SetupMuxing  lib_lpc_board_nxp_lpcxpresso_4337.lib(board_sysinit.o)
    0x1a0005b4   0x1a0005b4   0x0000000e   Code   RO         1357    i.Board_SystemInit  lib_lpc_board_nxp_lpcxpresso_4337.lib(board_sysinit.o)
    0x1a0005c2   0x1a0005c2   0x00000002   PAD
    0x1a0005c4   0x1a0005c4   0x00000010   Code   RO          977    i.Board_UARTPutChar  lib_lpc_board_nxp_lpcxpresso_4337.lib(board.o)
    0x1a0005d4   0x1a0005d4   0x00000014   Code   RO          978    i.Board_UARTPutSTR  lib_lpc_board_nxp_lpcxpresso_4337.lib(board.o)
    0x1a0005e8   0x1a0005e8   0x00000018   Code   RO          979    i.Board_UART_Init   lib_lpc_board_nxp_lpcxpresso_4337.lib(board.o)
    0x1a000600   0x1a000600   0x00000070   Code   RO          716    i.Chip_Clock_CalcMainPLLValue  lib_lpc_chip_43xx.lib(clock_18xx_43xx.o)
    0x1a000670   0x1a000670   0x0000002c   Code   RO          722    i.Chip_Clock_Enable  lib_lpc_chip_43xx.lib(clock_18xx_43xx.o)
    0x1a00069c   0x1a00069c   0x00000044   Code   RO          724    i.Chip_Clock_EnableCrystal  lib_lpc_chip_43xx.lib(clock_18xx_43xx.o)
    0x1a0006e0   0x1a0006e0   0x00000034   Code   RO          725    i.Chip_Clock_EnableOpts  lib_lpc_chip_43xx.lib(clock_18xx_43xx.o)
    0x1a000714   0x1a000714   0x00000020   Code   RO          727    i.Chip_Clock_GetBaseClock  lib_lpc_chip_43xx.lib(clock_18xx_43xx.o)
    0x1a000734   0x1a000734   0x0000000e   Code   RO          729    i.Chip_Clock_GetBaseClocktHz  lib_lpc_chip_43xx.lib(clock_18xx_43xx.o)
    0x1a000742   0x1a000742   0x00000002   PAD
    0x1a000744   0x1a000744   0x000000a0   Code   RO          730    i.Chip_Clock_GetClockInputHz  lib_lpc_chip_43xx.lib(clock_18xx_43xx.o)
    0x1a0007e4   0x1a0007e4   0x00000022   Code   RO          731    i.Chip_Clock_GetDivRate  lib_lpc_chip_43xx.lib(clock_18xx_43xx.o)
    0x1a000806   0x1a000806   0x00000002   PAD
    0x1a000808   0x1a000808   0x00000020   Code   RO          732    i.Chip_Clock_GetDividerDivisor  lib_lpc_chip_43xx.lib(clock_18xx_43xx.o)
    0x1a000828   0x1a000828   0x0000001c   Code   RO          733    i.Chip_Clock_GetDividerSource  lib_lpc_chip_43xx.lib(clock_18xx_43xx.o)
    0x1a000844   0x1a000844   0x0000005c   Code   RO          735    i.Chip_Clock_GetMainPLLHz  lib_lpc_chip_43xx.lib(clock_18xx_43xx.o)
    0x1a0008a0   0x1a0008a0   0x00000078   Code   RO          737    i.Chip_Clock_GetRate  lib_lpc_chip_43xx.lib(clock_18xx_43xx.o)
    0x1a000918   0x1a000918   0x00000038   Code   RO          740    i.Chip_Clock_SetBaseClock  lib_lpc_chip_43xx.lib(clock_18xx_43xx.o)
    0x1a000950   0x1a000950   0x00000024   Code   RO         1687    i.Chip_Clock_SetupMainPLL  lib_lpc_chip_43xx.lib(sysinit_18xx_43xx.o)
    0x1a000974   0x1a000974   0x00000002   Code   RO         1412    i.Chip_GPIO_Init    lib_lpc_chip_43xx.lib(gpio_18xx_43xx.o)
    0x1a000976   0x1a000976   0x00000014   Code   RO          982    i.Chip_GPIO_SetPinDIROutput  lib_lpc_board_nxp_lpcxpresso_4337.lib(board.o)
    0x1a00098a   0x1a00098a   0x00000002   PAD
    0x1a00098c   0x1a00098c   0x00000010   Code   RO          363    i.Chip_RGU_ClearReset  m0_img_ldr.o
    0x1a00099c   0x1a00099c   0x00000018   Code   RO          364    i.Chip_RGU_TriggerReset  m0_img_ldr.o
    0x1a0009b4   0x1a0009b4   0x000000f0   Code   RO         1688    i.Chip_SetupCoreClock  lib_lpc_chip_43xx.lib(sysinit_18xx_43xx.o)
    0x1a000aa4   0x1a000aa4   0x0000002c   Code   RO         1564    i.Chip_UART_GetIndex  lib_lpc_chip_43xx.lib(uart_18xx_43xx.o)
    0x1a000ad0   0x1a000ad0   0x0000004c   Code   RO         1566    i.Chip_UART_Init    lib_lpc_chip_43xx.lib(uart_18xx_43xx.o)
    0x1a000b1c   0x1a000b1c   0x000000cc   Code   RO         1575    i.Chip_UART_SetBaudFDR  lib_lpc_chip_43xx.lib(uart_18xx_43xx.o)
    0x1a000be8   0x1a000be8   0x00000020   Code   RO            3    i.IPCEX_Init        ipc_example.o
    0x1a000c08   0x1a000c08   0x00000008   Code   RO          289    i.IPC_EventHandler_sa  ipc_msg.o
    0x1a000c10   0x1a000c10   0x000000b4   Code   RO          290    i.IPC_initMsgQueue  ipc_msg.o
    0x1a000cc4   0x1a000cc4   0x00000090   Code   RO          294    i.IPC_pushMsgTout   ipc_msg.o
    0x1a000d54   0x1a000d54   0x00000074   Code   RO          365    i.M0Image_Boot      m0_img_ldr.o
    0x1a000dc8   0x1a000dc8   0x00000070   Code   RO          421    i.SysTick_Handler   blinky_m4.o
    0x1a000e38   0x1a000e38   0x00000014   Code   RO          492    i.SystemCoreClockUpdate  lib_lpc_chip_43xx.lib(chip_18xx_43xx.o)
    0x1a000e4c   0x1a000e4c   0x0000001c   Code   RO          468    i.SystemInit        sysinit.o
    0x1a000e68   0x1a000e68   0x00000004   Code   RO          984    i._sys_exit         lib_lpc_board_nxp_lpcxpresso_4337.lib(board.o)
    0x1a000e6c   0x1a000e6c   0x0000003c   Code   RO          938    i.fpuInit           lib_lpc_chip_43xx.lib(fpu_init.o)
    0x1a000ea8   0x1a000ea8   0x00000008   Code   RO          296    i.ipc_send_signal   ipc_msg.o
    0x1a000eb0   0x1a000eb0   0x00000014   Code   RO            7    i.ipcex_register_callback  ipc_example.o
    0x1a000ec4   0x1a000ec4   0x00000030   Code   RO           10    i.ipcex_updateGblVal  ipc_example.o
    0x1a000ef4   0x1a000ef4   0x00000014   Code   RO          422    i.main              blinky_m4.o
    0x1a000f08   0x1a000f08   0x000000a0   Code   RO          747    i.pll_calc_divs     lib_lpc_chip_43xx.lib(clock_18xx_43xx.o)
    0x1a000fa8   0x1a000fa8   0x000000bc   Code   RO          748    i.pll_get_frac      lib_lpc_chip_43xx.lib(clock_18xx_43xx.o)
    0x1a001064   0x1a001064   0x0000009c   Code   RO          423    i.prvSetupHardware  blinky_m4.o
    0x1a001100   0x1a001100   0x0000000a   Code   RO         2121    x$fpl$fpinit        fz_wm.l(fpinit.o)
    0x1a00110a   0x1a00110a   0x0000006c   Data   RO          749    .constdata          lib_lpc_chip_43xx.lib(clock_18xx_43xx.o)
    0x1a001176   0x1a001176   0x00000002   PAD
    0x1a001178   0x1a001178   0x00000004   Data   RO          989    .constdata          lib_lpc_board_nxp_lpcxpresso_4337.lib(board.o)
    0x1a00117c   0x1a00117c   0x00000004   Data   RO          990    .constdata          lib_lpc_board_nxp_lpcxpresso_4337.lib(board.o)
    0x1a001180   0x1a001180   0x00000006   Data   RO          991    .constdata          lib_lpc_board_nxp_lpcxpresso_4337.lib(board.o)
    0x1a001186   0x1a001186   0x00000040   Data   RO         1358    .constdata          lib_lpc_board_nxp_lpcxpresso_4337.lib(board_sysinit.o)
    0x1a0011c6   0x1a0011c6   0x00000010   Data   RO         1578    .constdata          lib_lpc_chip_43xx.lib(uart_18xx_43xx.o)
    0x1a0011d6   0x1a0011d6   0x00000048   Data   RO         1692    .constdata          lib_lpc_chip_43xx.lib(sysinit_18xx_43xx.o)
    0x1a00121e   0x1a00121e   0x00000002   PAD
    0x1a001220   0x1a001220   0x0000007b   Data   RO          297    .conststring        ipc_msg.o
    0x1a00129b   0x1a00129b   0x00000001   PAD
    0x1a00129c   0x1a00129c   0x00000020   Data   RO         2177    Region$$Table       anon$$obj.o


==============================================================================

Image component sizes


      Code (inc. data)   RO Data    RW Data    ZI Data      Debug   Object Name

       288         50          0          8          0      30159   blinky_m4.o
       100         22          0          4        880      10627   ipc_example.o
       340        112        123         32          0       5631   ipc_msg.o
        64         24        276          0        768        980   keil_startup_lpc18xx43xx.o
       156         14          0          0          0       5619   m0_img_ldr.o
        28         10          0          0          0        601   sysinit.o

    ----------------------------------------------------------------------
       976        232        432         44       1648      53617   Object Totals
         0          0         32          0          0          0   (incl. Generated)
         0          0          1          0          0          0   (incl. Padding)

    ----------------------------------------------------------------------

      Code (inc. data)   RO Data    RW Data    ZI Data      Debug   Library Member Name

         8          0          0          0          0         68   __main.o
         0          0          0          0          0          0   __rtentry.o
        12          0          0          0          0          0   __rtentry2.o
         6          0          0          0          0          0   __rtentry4.o
        52          8          0          0          0          0   __scatter.o
        26          0          0          0          0          0   __scatter_copy.o
        28          0          0          0          0          0   __scatter_zi.o
        18          0          0          0          0         80   exit.o
         6          0          0          0          0        152   heapauxi.o
         2          0          0          0          0          0   libinit.o
         6          0          0          0          0          0   libinit2.o
         2          0          0          0          0          0   libshutdown.o
         2          0          0          0          0          0   libshutdown2.o
         8          4          0          0         96         68   libspace.o
       238          0          0          0          0        100   lludivv7m.o
        78          0          0          0          0         80   rt_memclr_w.o
       138          0          0          0          0         68   rt_memcpy_v6.o
       100          0          0          0          0         80   rt_memcpy_w.o
         2          0          0          0          0          0   rtexit.o
        10          0          0          0          0          0   rtexit2.o
        74          0          0          0          0         80   sys_stackheap_outer.o
        10          0          0          0          0        116   fpinit.o
       212         32         14          0          0      30198   board.o
       178         26         64          0          0       7021   board_sysinit.o
        20          6          0          4          0       8462   chip_18xx_43xx.o
      1200        146        108          8          0      13725   clock_18xx_43xx.o
        60         14          0          0          0       1182   fpu_init.o
         2          0          0          0          0        473   gpio_18xx_43xx.o
       276         18         72          0          0       3102   sysinit_18xx_43xx.o
       324         18         16          0          0      10397   uart_18xx_43xx.o

    ----------------------------------------------------------------------
      3110        272        278         12         96      75452   Library Totals
        12          0          4          0          0          0   (incl. Padding)

    ----------------------------------------------------------------------

      Code (inc. data)   RO Data    RW Data    ZI Data      Debug   Library Name

       816         12          0          0         96        776   c_w.l
        10          0          0          0          0        116   fz_wm.l
       390         58         78          0          0      37219   lib_lpc_board_nxp_lpcxpresso_4337.lib
      1882        202        196         12          0      37341   lib_lpc_chip_43xx.lib

    ----------------------------------------------------------------------
      3110        272        278         12         96      75452   Library Totals

    ----------------------------------------------------------------------

==============================================================================


      Code (inc. data)   RO Data    RW Data    ZI Data      Debug   

      4086        504        710         56       1744     124709   Grand Totals
      4086        504        710         56       1744     124709   ELF Image Totals
      4086        504        710         56          0          0   ROM Totals

==============================================================================

    Total RO  Size (Code + RO Data)                 4796 (   4.68kB)
    Total RW  Size (RW Data + ZI Data)              1800 (   1.76kB)
    Total ROM Size (Code + RO Data + RW Data)       4852 (   4.74kB)

==============================================================================

