<html>
<body>
<pre>
<h1>µVision Build Log</h1>
<h2>Tool Versions:</h2>
IDE-Version: µVision V5.26.2.0
Copyright (C) 2018 ARM Ltd and ARM Germany GmbH. All rights reserved.
License Information:  ,  , LIC=LJWPC-7WVII-INGA7-EYEQC-71GV7-AFPRI
 
Tool Versions:
Toolchain:       MDK-ARM Professional  Version: 5.26.2.0
Toolchain Path:  C:\Keil_v5\ARM\ARMCC\Bin
C Compiler:      Armcc.exe V5.06 update 6 (build 750)
Assembler:       Armasm.exe V5.06 update 6 (build 750)
Linker/Locator:  ArmLink.exe V5.06 update 6 (build 750)
Library Manager: ArmAr.exe V5.06 update 6 (build 750)
Hex Converter:   FromElf.exe V5.06 update 6 (build 750)
CPU DLL:         SARMCM3.DLL V5.26.2.0
Dialog DLL:      DCM.DLL V1.17.2.0
Target DLL:      CMSIS_AGDI.dll V1.30.6.0
Dialog DLL:      TCM.DLL V1.36.1.0
 
<h2>Project:</h2>
C:\SEL-LPCxpresso43S37\applications\lpc18xx_43xx\keil\nxp_lpcxpresso_4337\multicore\sa_blinky_m4\sa_blinky_m4.uvprojx
Project File Date:  04/02/2019

<h2>Output:</h2>
*** Using Compiler 'V5.06 update 6 (build 750)', folder: 'C:\Keil_v5\ARM\ARMCC\Bin'
Rebuild target 'iflash_hitex_eva_4357'
compiling ipc_example.c...
compiling ipc_msg.c...
compiling m0_img_ldr.c...
assembling keil_startup_lpc18xx43xx.s...
compiling blinky_m4.c...
compiling sysinit.c...
linking...
Program Size: Code=4086 RO-data=710 RW-data=56 ZI-data=1744  
After Build - User command #1: C:\Keil_v5\\ARM\BIN\ELFDWT.EXE .\keil_output\sa_blinky_m4.axf BASEADDRESS(0x1A000000)
ELFDWT - Signature Creator V1.4.0.0
COPYRIGHT Copyright (C) 2014-2018, ARM Ldt. and  ARM Germany GmbH
*** Updated Signature over Range[32] (0x1A000000 - 0x1A000018): @0x1A00001C = 0x53FFEE7E
*** Processing completed, no Errors.
".\keil_output\sa_blinky_m4.axf" - 0 Error(s), 0 Warning(s).

<h2>Software Packages used:</h2>

Package Vendor: Keil
                http://www.keil.com/pack/Keil.LPC4300_DFP.2.8.0.pack
                Keil.LPC4300_DFP.2.8.0
                NXP LPC4300 Series Device Support, Drivers and Examples

<h2>Collection of Component include folders:</h2>
  .\RTE\_iflash_hitex_eva_4357
  C:\Keil_v5\ARM\PACK\Keil\LPC4300_DFP\2.8.0\Device\Include

<h2>Collection of Component Files used:</h2>
Build Time Elapsed:  00:00:04
</pre>
</body>
</html>
