Component: ARM Compiler 5.06 update 6 (build 750) Tool: armlink [4d35ed]

==============================================================================

Section Cross References

    ipc_example.o(.text) refers to ipc_msg.o(.text) for IPC_popMsgTout
    ipc_example.o(.text) refers to ipc_example.o(.bss) for ipcex_callback_lookup
    ipc_example.o(.text) refers to ipc_example.o(.data) for gblUpdateFn
    ipc_msg.o(.text) refers to board.o(i.Board_UARTPutSTR) for Board_UARTPutSTR
    ipc_msg.o(.text) refers to rt_memclr.o(.text) for __aeabi_memclr4
    ipc_msg.o(.text) refers to rt_memcpy.o(.text) for __aeabi_memcpy
    ipc_msg.o(.text) refers to ipc_msg.o(.data) for q_ipc
    ipc_msg.o(.data) refers to ipc_msg.o(.conststring) for .conststring
    keil_startup_lpc43xx_m0app.o(STACK) refers (Special) to heapauxi.o(.text) for __use_two_region_memory
    keil_startup_lpc43xx_m0app.o(HEAP) refers (Special) to heapauxi.o(.text) for __use_two_region_memory
    keil_startup_lpc43xx_m0app.o(RESET) refers (Special) to heapauxi.o(.text) for __use_two_region_memory
    keil_startup_lpc43xx_m0app.o(RESET) refers to keil_startup_lpc43xx_m0app.o(STACK) for __initial_sp
    keil_startup_lpc43xx_m0app.o(RESET) refers to keil_startup_lpc43xx_m0app.o(.text) for Reset_Handler
    keil_startup_lpc43xx_m0app.o(RESET) refers to blinky_m0.o(.text) for M4_IRQHandler
    keil_startup_lpc43xx_m0app.o(.text) refers (Special) to heapauxi.o(.text) for __use_two_region_memory
    keil_startup_lpc43xx_m0app.o(.text) refers to sysinit.o(.text) for SystemInit
    keil_startup_lpc43xx_m0app.o(.text) refers to __main.o(!!!main) for __main
    keil_startup_lpc43xx_m0app.o(.text) refers to keil_startup_lpc43xx_m0app.o(HEAP) for Heap_Mem
    keil_startup_lpc43xx_m0app.o(.text) refers to keil_startup_lpc43xx_m0app.o(STACK) for Stack_Mem
    blinky_m0.o(.text) refers to chip_18xx_43xx.o(i.SystemCoreClockUpdate) for SystemCoreClockUpdate
    blinky_m0.o(.text) refers to ipc_example.o(.text) for IPCEX_Init
    blinky_m0.o(.text) refers to ipc_msg.o(.text) for IPC_popMsgTout
    blinky_m0.o(.text) refers to board.o(i.Board_LED_Set) for Board_LED_Set
    blinky_m0.o(.text) refers to noretval__2printf.o(.text) for __2printf
    chip_18xx_43xx.o(i.Chip_USB0_Init) refers to chip_18xx_43xx.o(i.Chip_USB_PllSetup) for Chip_USB_PllSetup
    chip_18xx_43xx.o(i.Chip_USB0_Init) refers to clock_18xx_43xx.o(i.Chip_Clock_SetBaseClock) for Chip_Clock_SetBaseClock
    chip_18xx_43xx.o(i.Chip_USB0_Init) refers to clock_18xx_43xx.o(i.Chip_Clock_EnableBaseClock) for Chip_Clock_EnableBaseClock
    chip_18xx_43xx.o(i.Chip_USB0_Init) refers to clock_18xx_43xx.o(i.Chip_Clock_EnableOpts) for Chip_Clock_EnableOpts
    chip_18xx_43xx.o(i.Chip_USB1_Init) refers to chip_18xx_43xx.o(i.Chip_USB_PllSetup) for Chip_USB_PllSetup
    chip_18xx_43xx.o(i.Chip_USB1_Init) refers to clock_18xx_43xx.o(i.Chip_Clock_SetDivider) for Chip_Clock_SetDivider
    chip_18xx_43xx.o(i.Chip_USB1_Init) refers to clock_18xx_43xx.o(i.Chip_Clock_SetBaseClock) for Chip_Clock_SetBaseClock
    chip_18xx_43xx.o(i.Chip_USB1_Init) refers to clock_18xx_43xx.o(i.Chip_Clock_EnableBaseClock) for Chip_Clock_EnableBaseClock
    chip_18xx_43xx.o(i.Chip_USB1_Init) refers to clock_18xx_43xx.o(i.Chip_Clock_EnableOpts) for Chip_Clock_EnableOpts
    chip_18xx_43xx.o(i.Chip_USB_PllSetup) refers to clock_18xx_43xx.o(i.Chip_Clock_GetClockInputHz) for Chip_Clock_GetClockInputHz
    chip_18xx_43xx.o(i.Chip_USB_PllSetup) refers to clock_18xx_43xx.o(i.Chip_Clock_SetupPLL) for Chip_Clock_SetupPLL
    chip_18xx_43xx.o(i.Chip_USB_PllSetup) refers to clock_18xx_43xx.o(i.Chip_Clock_EnablePLL) for Chip_Clock_EnablePLL
    chip_18xx_43xx.o(i.Chip_USB_PllSetup) refers to clock_18xx_43xx.o(i.Chip_Clock_GetPLLStatus) for Chip_Clock_GetPLLStatus
    chip_18xx_43xx.o(i.Chip_USB_PllSetup) refers to chip_18xx_43xx.o(.constdata) for .constdata
    chip_18xx_43xx.o(i.SystemCoreClockUpdate) refers to clock_18xx_43xx.o(i.Chip_Clock_GetRate) for Chip_Clock_GetRate
    chip_18xx_43xx.o(i.SystemCoreClockUpdate) refers to chip_18xx_43xx.o(.data) for .data
    board.o(i.Board_Audio_Init) refers to board.o(i.Chip_SCU_PinMuxSet) for Chip_SCU_PinMuxSet
    board.o(i.Board_Audio_Init) refers to clock_18xx_43xx.o(i.Chip_Clock_SetBaseClock) for Chip_Clock_SetBaseClock
    board.o(i.Board_Audio_Init) refers to wm8904.o(i.WM8904_Init) for WM8904_Init
    board.o(i.Board_Buttons_Init) refers to board.o(i.Chip_SCU_PinMuxSet) for Chip_SCU_PinMuxSet
    board.o(i.Board_Debug_Init) refers to board.o(i.Board_UART_Init) for Board_UART_Init
    board.o(i.Board_Debug_Init) refers to uart_18xx_43xx.o(i.Chip_UART_Init) for Chip_UART_Init
    board.o(i.Board_Debug_Init) refers to uart_18xx_43xx.o(i.Chip_UART_SetBaudFDR) for Chip_UART_SetBaudFDR
    board.o(i.Board_ENET_GetMacADDR) refers to rt_memcpy.o(.text) for __aeabi_memcpy
    board.o(i.Board_I2C_Init) refers to board.o(i.Chip_SCU_PinMuxSet) for Chip_SCU_PinMuxSet
[...]
    ssp_18xx_43xx.o(i.Chip_SSP_Init) refers to ssp_18xx_43xx.o(i.Chip_SSP_GetClockIndex) for Chip_SSP_GetClockIndex
    ssp_18xx_43xx.o(i.Chip_SSP_Init) refers to clock_18xx_43xx.o(i.Chip_Clock_Enable) for Chip_Clock_Enable
    ssp_18xx_43xx.o(i.Chip_SSP_Init) refers to ssp_18xx_43xx.o(i.Chip_SSP_GetPeriphClockIndex) for Chip_SSP_GetPeriphClockIndex
    ssp_18xx_43xx.o(i.Chip_SSP_Init) refers to ssp_18xx_43xx.o(i.Chip_SSP_SetBitRate) for Chip_SSP_SetBitRate
    ssp_18xx_43xx.o(i.Chip_SSP_Int_FlushData) refers to ssp_18xx_43xx.o(i.Chip_SSP_GetStatus) for Chip_SSP_GetStatus
    ssp_18xx_43xx.o(i.Chip_SSP_Int_RWFrames16Bits) refers to ssp_18xx_43xx.o(i.Chip_SSP_GetRawIntStatus) for Chip_SSP_GetRawIntStatus
    ssp_18xx_43xx.o(i.Chip_SSP_Int_RWFrames16Bits) refers to ssp_18xx_43xx.o(i.SSP_Read2BFifo) for SSP_Read2BFifo
    ssp_18xx_43xx.o(i.Chip_SSP_Int_RWFrames16Bits) refers to ssp_18xx_43xx.o(i.Chip_SSP_GetStatus) for Chip_SSP_GetStatus
    ssp_18xx_43xx.o(i.Chip_SSP_Int_RWFrames16Bits) refers to ssp_18xx_43xx.o(i.SSP_Write2BFifo) for SSP_Write2BFifo
    ssp_18xx_43xx.o(i.Chip_SSP_Int_RWFrames8Bits) refers to ssp_18xx_43xx.o(i.Chip_SSP_GetRawIntStatus) for Chip_SSP_GetRawIntStatus
    ssp_18xx_43xx.o(i.Chip_SSP_Int_RWFrames8Bits) refers to ssp_18xx_43xx.o(i.SSP_Read1BFifo) for SSP_Read1BFifo
    ssp_18xx_43xx.o(i.Chip_SSP_Int_RWFrames8Bits) refers to ssp_18xx_43xx.o(i.Chip_SSP_GetStatus) for Chip_SSP_GetStatus
    ssp_18xx_43xx.o(i.Chip_SSP_Int_RWFrames8Bits) refers to ssp_18xx_43xx.o(i.SSP_Write1BFifo) for SSP_Write1BFifo
    ssp_18xx_43xx.o(i.Chip_SSP_RWFrames_Blocking) refers to ssp_18xx_43xx.o(i.Chip_SSP_GetStatus) for Chip_SSP_GetStatus
    ssp_18xx_43xx.o(i.Chip_SSP_RWFrames_Blocking) refers to ssp_18xx_43xx.o(i.SSP_Write2BFifo) for SSP_Write2BFifo
    ssp_18xx_43xx.o(i.Chip_SSP_RWFrames_Blocking) refers to ssp_18xx_43xx.o(i.Chip_SSP_GetRawIntStatus) for Chip_SSP_GetRawIntStatus
    ssp_18xx_43xx.o(i.Chip_SSP_RWFrames_Blocking) refers to ssp_18xx_43xx.o(i.SSP_Read2BFifo) for SSP_Read2BFifo
    ssp_18xx_43xx.o(i.Chip_SSP_RWFrames_Blocking) refers to ssp_18xx_43xx.o(i.SSP_Write1BFifo) for SSP_Write1BFifo
    ssp_18xx_43xx.o(i.Chip_SSP_RWFrames_Blocking) refers to ssp_18xx_43xx.o(i.SSP_Read1BFifo) for SSP_Read1BFifo
    ssp_18xx_43xx.o(i.Chip_SSP_ReadFrames_Blocking) refers to ssp_18xx_43xx.o(i.Chip_SSP_GetStatus) for Chip_SSP_GetStatus
    ssp_18xx_43xx.o(i.Chip_SSP_ReadFrames_Blocking) refers to ssp_18xx_43xx.o(i.Chip_SSP_GetRawIntStatus) for Chip_SSP_GetRawIntStatus
    ssp_18xx_43xx.o(i.Chip_SSP_SetBitRate) refers to ssp_18xx_43xx.o(i.Chip_SSP_GetPeriphClockIndex) for Chip_SSP_GetPeriphClockIndex
    ssp_18xx_43xx.o(i.Chip_SSP_SetBitRate) refers to clock_18xx_43xx.o(i.Chip_Clock_GetRate) for Chip_Clock_GetRate
    ssp_18xx_43xx.o(i.Chip_SSP_SetBitRate) refers to aeabi_sdiv.o(.text) for __aeabi_uidivmod
    ssp_18xx_43xx.o(i.Chip_SSP_SetBitRate) refers to ssp_18xx_43xx.o(i.Chip_SSP_SetClockRate) for Chip_SSP_SetClockRate
    ssp_18xx_43xx.o(i.Chip_SSP_WriteFrames_Blocking) refers to ssp_18xx_43xx.o(i.Chip_SSP_GetStatus) for Chip_SSP_GetStatus
    ssp_18xx_43xx.o(i.Chip_SSP_WriteFrames_Blocking) refers to ssp_18xx_43xx.o(i.Chip_SSP_GetRawIntStatus) for Chip_SSP_GetRawIntStatus
    ssp_18xx_43xx.o(i.SSP_Read1BFifo) refers to ssp_18xx_43xx.o(i.Chip_SSP_GetStatus) for Chip_SSP_GetStatus
    ssp_18xx_43xx.o(i.SSP_Read2BFifo) refers to ssp_18xx_43xx.o(i.Chip_SSP_GetStatus) for Chip_SSP_GetStatus
    uart_18xx_43xx.o(i.Chip_UART_DeInit) refers to uart_18xx_43xx.o(i.Chip_UART_GetIndex) for Chip_UART_GetIndex
    uart_18xx_43xx.o(i.Chip_UART_DeInit) refers to clock_18xx_43xx.o(i.Chip_Clock_Disable) for Chip_Clock_Disable
    uart_18xx_43xx.o(i.Chip_UART_DeInit) refers to uart_18xx_43xx.o(.constdata) for .constdata
    uart_18xx_43xx.o(i.Chip_UART_GetABEOStatus) refers to uart_18xx_43xx.o(.data) for .data
    uart_18xx_43xx.o(i.Chip_UART_IRQRBHandler) refers to uart_18xx_43xx.o(i.Chip_UART_TXIntHandlerRB) for Chip_UART_TXIntHandlerRB
    uart_18xx_43xx.o(i.Chip_UART_IRQRBHandler) refers to uart_18xx_43xx.o(i.RingBuffer_IsEmpty) for RingBuffer_IsEmpty
    uart_18xx_43xx.o(i.Chip_UART_IRQRBHandler) refers to uart_18xx_43xx.o(i.Chip_UART_RXIntHandlerRB) for Chip_UART_RXIntHandlerRB
    uart_18xx_43xx.o(i.Chip_UART_IRQRBHandler) refers to uart_18xx_43xx.o(.data) for .data
    uart_18xx_43xx.o(i.Chip_UART_Init) refers to uart_18xx_43xx.o(i.Chip_UART_GetIndex) for Chip_UART_GetIndex
    uart_18xx_43xx.o(i.Chip_UART_Init) refers to clock_18xx_43xx.o(i.Chip_Clock_EnableOpts) for Chip_Clock_EnableOpts
    uart_18xx_43xx.o(i.Chip_UART_Init) refers to uart_18xx_43xx.o(.constdata) for .constdata
    uart_18xx_43xx.o(i.Chip_UART_RXIntHandlerRB) refers to ring_buffer.o(i.RingBuffer_Insert) for RingBuffer_Insert
    uart_18xx_43xx.o(i.Chip_UART_ReadBlocking) refers to uart_18xx_43xx.o(i.Chip_UART_Read) for Chip_UART_Read
    uart_18xx_43xx.o(i.Chip_UART_ReadRB) refers to ring_buffer.o(i.RingBuffer_PopMult) for RingBuffer_PopMult
    uart_18xx_43xx.o(i.Chip_UART_SendBlocking) refers to uart_18xx_43xx.o(i.Chip_UART_Send) for Chip_UART_Send
    uart_18xx_43xx.o(i.Chip_UART_SendRB) refers to ring_buffer.o(i.RingBuffer_InsertMult) for RingBuffer_InsertMult
    uart_18xx_43xx.o(i.Chip_UART_SendRB) refers to uart_18xx_43xx.o(i.Chip_UART_TXIntHandlerRB) for Chip_UART_TXIntHandlerRB
    uart_18xx_43xx.o(i.Chip_UART_SetBaud) refers to uart_18xx_43xx.o(i.Chip_UART_GetIndex) for Chip_UART_GetIndex
    uart_18xx_43xx.o(i.Chip_UART_SetBaud) refers to clock_18xx_43xx.o(i.Chip_Clock_GetRate) for Chip_Clock_GetRate
    uart_18xx_43xx.o(i.Chip_UART_SetBaud) refers to aeabi_sdiv.o(.text) for __aeabi_uidivmod
    uart_18xx_43xx.o(i.Chip_UART_SetBaud) refers to uart_18xx_43xx.o(.constdata) for .constdata
    uart_18xx_43xx.o(i.Chip_UART_SetBaudFDR) refers to uart_18xx_43xx.o(i.Chip_UART_GetIndex) for Chip_UART_GetIndex
    uart_18xx_43xx.o(i.Chip_UART_SetBaudFDR) refers to clock_18xx_43xx.o(i.Chip_Clock_GetRate) for Chip_Clock_GetRate
    uart_18xx_43xx.o(i.Chip_UART_SetBaudFDR) refers to llmul.o(.text) for __aeabi_lmul
    uart_18xx_43xx.o(i.Chip_UART_SetBaudFDR) refers to lludiv.o(.text) for __aeabi_uldivmod
    uart_18xx_43xx.o(i.Chip_UART_SetBaudFDR) refers to aeabi_sdiv.o(.text) for __aeabi_uidivmod
    uart_18xx_43xx.o(i.Chip_UART_SetBaudFDR) refers to uart_18xx_43xx.o(.constdata) for .constdata
    uart_18xx_43xx.o(i.Chip_UART_TXIntHandlerRB) refers to ring_buffer.o(i.RingBuffer_Pop) for RingBuffer_Pop
    uart_18xx_43xx.o(i.Chip_UART_TXIntHandlerRB) refers to uart_18xx_43xx.o(i.RingBuffer_IsEmpty) for RingBuffer_IsEmpty
    wm8904.o(i.WM8904_Init) refers to i2c_18xx_43xx.o(i.Chip_I2C_GetMasterEventHandler) for Chip_I2C_GetMasterEventHandler
    wm8904.o(i.WM8904_Init) refers to board.o(i.Board_I2C_Init) for Board_I2C_Init
    wm8904.o(i.WM8904_Init) refers to i2c_18xx_43xx.o(i.Chip_I2C_Init) for Chip_I2C_Init
    wm8904.o(i.WM8904_Init) refers to i2c_18xx_43xx.o(i.Chip_I2C_SetClockRate) for Chip_I2C_SetClockRate
    wm8904.o(i.WM8904_Init) refers to i2c_18xx_43xx.o(i.Chip_I2C_SetMasterEventHandler) for Chip_I2C_SetMasterEventHandler
    wm8904.o(i.WM8904_Init) refers to wm8904.o(i.WM8904_MultiRegWrite) for WM8904_MultiRegWrite
    wm8904.o(i.WM8904_Init) refers to wm8904.o(i.WM8904_REG_Read) for WM8904_REG_Read
    wm8904.o(i.WM8904_Init) refers to wm8904.o(i.WM8904_REG_Write) for WM8904_REG_Write
    wm8904.o(i.WM8904_Init) refers to i2c_18xx_43xx.o(i.Chip_I2C_EventHandlerPolling) for Chip_I2C_EventHandlerPolling
    wm8904.o(i.WM8904_Init) refers to wm8904.o(.constdata) for .constdata
    wm8904.o(i.WM8904_MultiRegWrite) refers to wm8904.o(i.WM8904_REG_Write) for WM8904_REG_Write
    wm8904.o(i.WM8904_MultiRegWrite) refers to wm8904.o(i.WM8904_REG_Read) for WM8904_REG_Read
    wm8904.o(i.WM8904_REG_Read) refers to i2c_18xx_43xx.o(i.Chip_I2C_MasterCmdRead) for Chip_I2C_MasterCmdRead
    wm8904.o(i.WM8904_REG_VerifyMult) refers to i2c_18xx_43xx.o(i.Chip_I2C_MasterCmdRead) for Chip_I2C_MasterCmdRead
    wm8904.o(i.WM8904_REG_Write) refers to i2c_18xx_43xx.o(i.Chip_I2C_MasterSend) for Chip_I2C_MasterSend
    wm8904.o(i.WM8904_REG_WriteVerify) refers to wm8904.o(i.WM8904_REG_Write) for WM8904_REG_Write
    wm8904.o(i.WM8904_REG_WriteVerify) refers to wm8904.o(i.WM8904_REG_Read) for WM8904_REG_Read
    ring_buffer.o(i.RingBuffer_Insert) refers to ring_buffer.o(i.RingBuffer_IsFull) for RingBuffer_IsFull
    ring_buffer.o(i.RingBuffer_Insert) refers to rt_memcpy.o(.text) for __aeabi_memcpy
    ring_buffer.o(i.RingBuffer_InsertMult) refers to ring_buffer.o(i.RingBuffer_IsFull) for RingBuffer_IsFull
    ring_buffer.o(i.RingBuffer_InsertMult) refers to rt_memcpy.o(.text) for __aeabi_memcpy
    ring_buffer.o(i.RingBuffer_Pop) refers to ring_buffer.o(i.RingBuffer_IsEmpty) for RingBuffer_IsEmpty
    ring_buffer.o(i.RingBuffer_Pop) refers to rt_memcpy.o(.text) for __aeabi_memcpy
    ring_buffer.o(i.RingBuffer_PopMult) refers to ring_buffer.o(i.RingBuffer_IsEmpty) for RingBuffer_IsEmpty
    ring_buffer.o(i.RingBuffer_PopMult) refers to rt_memcpy.o(.text) for __aeabi_memcpy
    i2c_18xx_43xx.o(i.Chip_I2C_DeInit) refers to clock_18xx_43xx.o(i.Chip_Clock_Disable) for Chip_Clock_Disable
    i2c_18xx_43xx.o(i.Chip_I2C_DeInit) refers to i2c_18xx_43xx.o(.data) for .data
    i2c_18xx_43xx.o(i.Chip_I2C_Disable) refers to i2c_18xx_43xx.o(.data) for .data
    i2c_18xx_43xx.o(i.Chip_I2C_EventHandler) refers to i2c_18xx_43xx.o(.data) for .data
    i2c_18xx_43xx.o(i.Chip_I2C_EventHandlerPolling) refers to i2c_18xx_43xx.o(i.Chip_I2C_IsStateChanged) for Chip_I2C_IsStateChanged
    i2c_18xx_43xx.o(i.Chip_I2C_EventHandlerPolling) refers to i2c_18xx_43xx.o(i.Chip_I2C_MasterStateHandler) for Chip_I2C_MasterStateHandler
    i2c_18xx_43xx.o(i.Chip_I2C_EventHandlerPolling) refers to i2c_18xx_43xx.o(.data) for .data
    i2c_18xx_43xx.o(i.Chip_I2C_GetClockRate) refers to i2c_18xx_43xx.o(i.getClkRate) for getClkRate
    i2c_18xx_43xx.o(i.Chip_I2C_GetClockRate) refers to aeabi_sdiv.o(.text) for __aeabi_uidivmod
    i2c_18xx_43xx.o(i.Chip_I2C_GetClockRate) refers to i2c_18xx_43xx.o(.data) for .data
    i2c_18xx_43xx.o(i.Chip_I2C_GetMasterEventHandler) refers to i2c_18xx_43xx.o(.data) for .data
    i2c_18xx_43xx.o(i.Chip_I2C_Init) refers to clock_18xx_43xx.o(i.Chip_Clock_Enable) for Chip_Clock_Enable
    i2c_18xx_43xx.o(i.Chip_I2C_Init) refers to i2c_18xx_43xx.o(.data) for .data
    i2c_18xx_43xx.o(i.Chip_I2C_IsMasterActive) refers to i2c_18xx_43xx.o(i.getCurState) for getCurState
    i2c_18xx_43xx.o(i.Chip_I2C_IsMasterActive) refers to i2c_18xx_43xx.o(.data) for .data
    i2c_18xx_43xx.o(i.Chip_I2C_IsStateChanged) refers to i2c_18xx_43xx.o(.data) for .data
    i2c_18xx_43xx.o(i.Chip_I2C_MasterCmdRead) refers to rt_memclr.o(.text) for __aeabi_memclr4
    i2c_18xx_43xx.o(i.Chip_I2C_MasterCmdRead) refers to i2c_18xx_43xx.o(i.Chip_I2C_MasterTransfer) for Chip_I2C_MasterTransfer
    i2c_18xx_43xx.o(i.Chip_I2C_MasterRead) refers to rt_memclr.o(.text) for __aeabi_memclr4
    i2c_18xx_43xx.o(i.Chip_I2C_MasterRead) refers to i2c_18xx_43xx.o(i.Chip_I2C_MasterTransfer) for Chip_I2C_MasterTransfer
    i2c_18xx_43xx.o(i.Chip_I2C_MasterSend) refers to rt_memclr.o(.text) for __aeabi_memclr4
    i2c_18xx_43xx.o(i.Chip_I2C_MasterSend) refers to i2c_18xx_43xx.o(i.Chip_I2C_MasterTransfer) for Chip_I2C_MasterTransfer
    i2c_18xx_43xx.o(i.Chip_I2C_MasterStateHandler) refers to i2c_18xx_43xx.o(i.handleMasterXferState) for handleMasterXferState
    i2c_18xx_43xx.o(i.Chip_I2C_MasterStateHandler) refers to i2c_18xx_43xx.o(.data) for .data
    i2c_18xx_43xx.o(i.Chip_I2C_MasterTransfer) refers to i2c_18xx_43xx.o(.data) for .data
    i2c_18xx_43xx.o(i.Chip_I2C_SetClockRate) refers to i2c_18xx_43xx.o(i.getClkRate) for getClkRate
    i2c_18xx_43xx.o(i.Chip_I2C_SetClockRate) refers to aeabi_sdiv.o(.text) for __aeabi_uidivmod
    i2c_18xx_43xx.o(i.Chip_I2C_SetClockRate) refers to i2c_18xx_43xx.o(.data) for .data
    i2c_18xx_43xx.o(i.Chip_I2C_SetMasterEventHandler) refers to i2c_18xx_43xx.o(.data) for .data
    i2c_18xx_43xx.o(i.Chip_I2C_SlaveSetup) refers to i2c_18xx_43xx.o(.data) for .data
    i2c_18xx_43xx.o(i.Chip_I2C_SlaveSetup) refers to i2c_18xx_43xx.o(.bss) for .bss
    i2c_18xx_43xx.o(i.Chip_I2C_SlaveStateHandler) refers to i2c_18xx_43xx.o(i.getSlaveIndex) for getSlaveIndex
    i2c_18xx_43xx.o(i.Chip_I2C_SlaveStateHandler) refers to i2c_18xx_43xx.o(i.handleSlaveXferState) for handleSlaveXferState
    i2c_18xx_43xx.o(i.Chip_I2C_SlaveStateHandler) refers to i2c_18xx_43xx.o(.data) for .data
    i2c_18xx_43xx.o(i.Chip_I2C_SlaveStateHandler) refers to i2c_18xx_43xx.o(.bss) for .bss
    i2c_18xx_43xx.o(i.getClkRate) refers to clock_18xx_43xx.o(i.Chip_Clock_GetRate) for Chip_Clock_GetRate
    i2c_18xx_43xx.o(i.getClkRate) refers to i2c_18xx_43xx.o(.data) for .data
    i2c_18xx_43xx.o(i.getSlaveIndex) refers to i2c_18xx_43xx.o(i.lookupSlaveIndex) for lookupSlaveIndex
    i2c_18xx_43xx.o(i.handleMasterXferState) refers to clock_18xx_43xx.o(i.__ARM_common_switch8) for __ARM_common_switch8
    i2c_18xx_43xx.o(i.handleSlaveXferState) refers to clock_18xx_43xx.o(i.__ARM_common_switch8) for __ARM_common_switch8
    i2c_18xx_43xx.o(i.lookupSlaveIndex) refers to i2c_18xx_43xx.o(i.isSlaveAddrMatching) for isSlaveAddrMatching
    i2c_18xx_43xx.o(.data) refers to i2c_18xx_43xx.o(i.Chip_I2C_EventHandler) for Chip_I2C_EventHandler
    __2printf.o(.text) refers to _printf_char_file.o(.text) for _printf_char_file
    __2printf.o(.text) refers to board.o(.data) for __stdout
    noretval__2printf.o(.text) refers to _printf_char_file.o(.text) for _printf_char_file
    noretval__2printf.o(.text) refers to board.o(.data) for __stdout
    rt_memcpy.o(.text) refers to rt_memcpy.o(.emb_text) for __aeabi_memcpy4
    __main.o(!!!main) refers to __rtentry.o(.ARM.Collect$$rtentry$$00000000) for __rt_entry
    __rtentry.o(.ARM.Collect$$rtentry$$00000000) refers (Special) to __rtentry2.o(.ARM.Collect$$rtentry$$0000000A) for __rt_entry_li
    __rtentry.o(.ARM.Collect$$rtentry$$00000000) refers (Special) to __rtentry2.o(.ARM.Collect$$rtentry$$0000000D) for __rt_entry_main
    __rtentry.o(.ARM.Collect$$rtentry$$00000000) refers (Special) to __rtentry2.o(.ARM.Collect$$rtentry$$0000000C) for __rt_entry_postli_1
    __rtentry.o(.ARM.Collect$$rtentry$$00000000) refers (Special) to __rtentry2.o(.ARM.Collect$$rtentry$$00000009) for __rt_entry_postsh_1
    __rtentry.o(.ARM.Collect$$rtentry$$00000000) refers (Special) to __rtentry2.o(.ARM.Collect$$rtentry$$00000002) for __rt_entry_presh_1
    __rtentry.o(.ARM.Collect$$rtentry$$00000000) refers (Special) to __rtentry4.o(.ARM.Collect$$rtentry$$00000004) for __rt_entry_sh
    aeabi_idiv0_sigfpe.o(.text) refers to rt_div0.o(.text) for __rt_div0
    aeabi_ldiv0_sigfpe.o(.text) refers to rt_div0.o(.text) for __rt_div0
    _printf_char_file.o(.text) refers to _printf_char_common.o(.text) for _printf_char_common
    _printf_char_file.o(.text) refers to board.o(i.ferror) for ferror
    _printf_char_file.o(.text) refers to board.o(i.fputc) for fputc
    __rtentry2.o(.ARM.Collect$$rtentry$$00000008) refers to boardinit2.o(.text) for _platform_post_stackheap_init
    __rtentry2.o(.ARM.Collect$$rtentry$$0000000A) refers to libinit.o(.ARM.Collect$$libinit$$00000000) for __rt_lib_init
    __rtentry2.o(.ARM.Collect$$rtentry$$0000000B) refers to boardinit3.o(.text) for _platform_post_lib_init
    __rtentry2.o(.ARM.Collect$$rtentry$$0000000D) refers to blinky_m0.o(.text) for main
    __rtentry2.o(.ARM.Collect$$rtentry$$0000000D) refers to exit.o(.text) for exit
    __rtentry2.o(.ARM.exidx) refers to __rtentry2.o(.ARM.Collect$$rtentry$$00000001) for .ARM.Collect$$rtentry$$00000001
    __rtentry2.o(.ARM.exidx) refers to __rtentry2.o(.ARM.Collect$$rtentry$$00000008) for .ARM.Collect$$rtentry$$00000008
    __rtentry2.o(.ARM.exidx) refers to __rtentry2.o(.ARM.Collect$$rtentry$$0000000A) for .ARM.Collect$$rtentry$$0000000A
    __rtentry2.o(.ARM.exidx) refers to __rtentry2.o(.ARM.Collect$$rtentry$$0000000B) for .ARM.Collect$$rtentry$$0000000B
    __rtentry2.o(.ARM.exidx) refers to __rtentry2.o(.ARM.Collect$$rtentry$$0000000D) for .ARM.Collect$$rtentry$$0000000D
    __rtentry4.o(.ARM.Collect$$rtentry$$00000004) refers to sys_stackheap_outer.o(.text) for __user_setup_stackheap
    __rtentry4.o(.ARM.exidx) refers to __rtentry4.o(.ARM.Collect$$rtentry$$00000004) for .ARM.Collect$$rtentry$$00000004
    rt_div0.o(.text) refers to defsig_fpe_outer.o(.text) for __rt_SIGFPE
    _printf_char_common.o(.text) refers to __printf_nopercent.o(.text) for __printf
    sys_stackheap_outer.o(.text) refers to libspace.o(.text) for __user_perproc_libspace
    sys_stackheap_outer.o(.text) refers to keil_startup_lpc43xx_m0app.o(.text) for __user_initial_stackheap
    sys_stackheap_outer.o(__vectab_stack_and_reset_area) refers to tempstk.o(.text) for __temporary_stack_top
    sys_stackheap_outer.o(__vectab_stack_and_reset_area) refers to __main.o(!!!main) for __main
    exit.o(.text) refers to rtexit.o(.ARM.Collect$$rtexit$$00000000) for __rt_exit
    defsig_fpe_outer.o(.text) refers to defsig_fpe_inner.o(.text) for __rt_SIGFPE_inner
    defsig_fpe_outer.o(.text) refers to defsig_exit.o(.text) for __sig_exit
    defsig_fpe_formal.o(.text) refers to rt_raise.o(.text) for __rt_raise
    libinit.o(.ARM.Collect$$libinit$$00000000) refers (Special) to libinit2.o(.ARM.Collect$$libinit$$0000002E) for __rt_lib_init_alloca_1
    libinit.o(.ARM.Collect$$libinit$$00000000) refers (Special) to libinit2.o(.ARM.Collect$$libinit$$0000002C) for __rt_lib_init_argv_1
    libinit.o(.ARM.Collect$$libinit$$00000000) refers (Special) to libinit2.o(.ARM.Collect$$libinit$$0000001B) for __rt_lib_init_atexit_1
    libinit.o(.ARM.Collect$$libinit$$00000000) refers (Special) to libinit2.o(.ARM.Collect$$libinit$$00000021) for __rt_lib_init_clock_1
    libinit.o(.ARM.Collect$$libinit$$00000000) refers (Special) to libinit2.o(.ARM.Collect$$libinit$$00000032) for __rt_lib_init_cpp_1
    libinit.o(.ARM.Collect$$libinit$$00000000) refers (Special) to libinit2.o(.ARM.Collect$$libinit$$00000030) for __rt_lib_init_exceptions_1
    libinit.o(.ARM.Collect$$libinit$$00000000) refers (Special) to libinit2.o(.ARM.Collect$$libinit$$00000002) for __rt_lib_init_fp_1
    libinit.o(.ARM.Collect$$libinit$$00000000) refers (Special) to libinit2.o(.ARM.Collect$$libinit$$0000001F) for __rt_lib_init_fp_trap_1
    libinit.o(.ARM.Collect$$libinit$$00000000) refers (Special) to libinit2.o(.ARM.Collect$$libinit$$00000023) for __rt_lib_init_getenv_1
    libinit.o(.ARM.Collect$$libinit$$00000000) refers (Special) to libinit2.o(.ARM.Collect$$libinit$$0000000A) for __rt_lib_init_heap_1
    libinit.o(.ARM.Collect$$libinit$$00000000) refers (Special) to libinit2.o(.ARM.Collect$$libinit$$00000011) for __rt_lib_init_lc_collate_1
    libinit.o(.ARM.Collect$$libinit$$00000000) refers (Special) to libinit2.o(.ARM.Collect$$libinit$$00000013) for __rt_lib_init_lc_ctype_1
    libinit.o(.ARM.Collect$$libinit$$00000000) refers (Special) to libinit2.o(.ARM.Collect$$libinit$$00000015) for __rt_lib_init_lc_monetary_1
    libinit.o(.ARM.Collect$$libinit$$00000000) refers (Special) to libinit2.o(.ARM.Collect$$libinit$$00000017) for __rt_lib_init_lc_numeric_1
    libinit.o(.ARM.Collect$$libinit$$00000000) refers (Special) to libinit2.o(.ARM.Collect$$libinit$$00000019) for __rt_lib_init_lc_time_1
    libinit.o(.ARM.Collect$$libinit$$00000000) refers (Special) to libinit2.o(.ARM.Collect$$libinit$$00000004) for __rt_lib_init_preinit_1
    libinit.o(.ARM.Collect$$libinit$$00000000) refers (Special) to libinit2.o(.ARM.Collect$$libinit$$0000000E) for __rt_lib_init_rand_1
    libinit.o(.ARM.Collect$$libinit$$00000000) refers (Special) to libinit2.o(.ARM.Collect$$libinit$$00000033) for __rt_lib_init_return
    libinit.o(.ARM.Collect$$libinit$$00000000) refers (Special) to libinit2.o(.ARM.Collect$$libinit$$0000001D) for __rt_lib_init_signal_1
    libinit.o(.ARM.Collect$$libinit$$00000000) refers (Special) to libinit2.o(.ARM.Collect$$libinit$$00000025) for __rt_lib_init_stdio_1
    libinit.o(.ARM.Collect$$libinit$$00000000) refers (Special) to libinit2.o(.ARM.Collect$$libinit$$0000000C) for __rt_lib_init_user_alloc_1
    libspace.o(.text) refers to libspace.o(.bss) for __libspace_start
    rtexit.o(.ARM.Collect$$rtexit$$00000000) refers (Special) to rtexit2.o(.ARM.Collect$$rtexit$$00000004) for __rt_exit_exit
    rtexit.o(.ARM.Collect$$rtexit$$00000000) refers (Special) to rtexit2.o(.ARM.Collect$$rtexit$$00000003) for __rt_exit_ls
    rtexit.o(.ARM.Collect$$rtexit$$00000000) refers (Special) to rtexit2.o(.ARM.Collect$$rtexit$$00000002) for __rt_exit_prels_1
    rtexit.o(.ARM.exidx) refers (Special) to rtexit2.o(.ARM.Collect$$rtexit$$00000004) for __rt_exit_exit
    rtexit.o(.ARM.exidx) refers (Special) to rtexit2.o(.ARM.Collect$$rtexit$$00000003) for __rt_exit_ls
    rtexit.o(.ARM.exidx) refers (Special) to rtexit2.o(.ARM.Collect$$rtexit$$00000002) for __rt_exit_prels_1
    rtexit.o(.ARM.exidx) refers to rtexit.o(.ARM.Collect$$rtexit$$00000000) for .ARM.Collect$$rtexit$$00000000
    rt_raise.o(.text) refers to __raise.o(.text) for __raise
    rt_raise.o(.text) refers to board.o(i._sys_exit) for _sys_exit
    defsig_exit.o(.text) refers to board.o(i._sys_exit) for _sys_exit
    defsig_fpe_inner.o(.text) refers to defsig_general.o(.text) for __default_signal_display
    libinit2.o(.ARM.Collect$$libinit$$00000010) refers to libinit2.o(.ARM.Collect$$libinit$$0000000F) for .ARM.Collect$$libinit$$0000000F
    libinit2.o(.ARM.Collect$$libinit$$00000012) refers to libinit2.o(.ARM.Collect$$libinit$$0000000F) for .ARM.Collect$$libinit$$0000000F
    libinit2.o(.ARM.Collect$$libinit$$00000014) refers to libinit2.o(.ARM.Collect$$libinit$$0000000F) for .ARM.Collect$$libinit$$0000000F
    libinit2.o(.ARM.Collect$$libinit$$00000016) refers to libinit2.o(.ARM.Collect$$libinit$$0000000F) for .ARM.Collect$$libinit$$0000000F
    libinit2.o(.ARM.Collect$$libinit$$00000018) refers to libinit2.o(.ARM.Collect$$libinit$$0000000F) for .ARM.Collect$$libinit$$0000000F
    libinit2.o(.ARM.Collect$$libinit$$00000026) refers to argv_veneer.o(.text) for __ARM_argv_veneer
    libinit2.o(.ARM.Collect$$libinit$$00000027) refers to argv_veneer.o(.text) for __ARM_argv_veneer
    rtexit2.o(.ARM.Collect$$rtexit$$00000003) refers to libshutdown.o(.ARM.Collect$$libshutdown$$00000000) for __rt_lib_shutdown
    rtexit2.o(.ARM.Collect$$rtexit$$00000004) refers to board.o(i._sys_exit) for _sys_exit
    rtexit2.o(.ARM.exidx) refers to rtexit2.o(.ARM.Collect$$rtexit$$00000001) for .ARM.Collect$$rtexit$$00000001
    rtexit2.o(.ARM.exidx) refers to rtexit2.o(.ARM.Collect$$rtexit$$00000003) for .ARM.Collect$$rtexit$$00000003
    rtexit2.o(.ARM.exidx) refers to rtexit2.o(.ARM.Collect$$rtexit$$00000004) for .ARM.Collect$$rtexit$$00000004
    __raise.o(.text) refers to defsig.o(CL$$defsig) for __default_signal_handler
    defsig_general.o(.text) refers to sys_wrch.o(.text) for _ttywrch
    sys_wrch.o(.text) refers (Special) to use_no_semi.o(.text) for __I$use$semihosting
    sys_wrch.o(.text) refers (Special) to indicate_semi.o(.text) for __semihosting_library_function
    defsig.o(CL$$defsig) refers to defsig_fpe_inner.o(.text) for __rt_SIGFPE_inner
    defsig.o(CL$$defsig) refers to defsig_rtmem_inner.o(.text) for __rt_SIGRTMEM_inner
    _get_argv_nomalloc.o(.text) refers (Special) to hrguard.o(.text) for __heap_region$guard
    _get_argv_nomalloc.o(.text) refers to defsig_rtmem_outer.o(.text) for __rt_SIGRTMEM
    _get_argv_nomalloc.o(.text) refers to sys_command.o(.text) for _sys_command_string
    libshutdown.o(.ARM.Collect$$libshutdown$$00000000) refers (Special) to libshutdown2.o(.ARM.Collect$$libshutdown$$00000002) for __rt_lib_shutdown_cpp_1
    libshutdown.o(.ARM.Collect$$libshutdown$$00000000) refers (Special) to libshutdown2.o(.ARM.Collect$$libshutdown$$00000007) for __rt_lib_shutdown_fp_trap_1
    libshutdown.o(.ARM.Collect$$libshutdown$$00000000) refers (Special) to libshutdown2.o(.ARM.Collect$$libshutdown$$0000000F) for __rt_lib_shutdown_heap_1
    libshutdown.o(.ARM.Collect$$libshutdown$$00000000) refers (Special) to libshutdown2.o(.ARM.Collect$$libshutdown$$00000010) for __rt_lib_shutdown_return
    libshutdown.o(.ARM.Collect$$libshutdown$$00000000) refers (Special) to libshutdown2.o(.ARM.Collect$$libshutdown$$0000000A) for __rt_lib_shutdown_signal_1
    libshutdown.o(.ARM.Collect$$libshutdown$$00000000) refers (Special) to libshutdown2.o(.ARM.Collect$$libshutdown$$00000004) for __rt_lib_shutdown_stdio_1
    libshutdown.o(.ARM.Collect$$libshutdown$$00000000) refers (Special) to libshutdown2.o(.ARM.Collect$$libshutdown$$0000000C) for __rt_lib_shutdown_user_alloc_1
    sys_command.o(.text) refers (Special) to use_no_semi.o(.text) for __I$use$semihosting
    sys_command.o(.text) refers (Special) to indicate_semi.o(.text) for __semihosting_library_function
    defsig_abrt_inner.o(.text) refers to defsig_general.o(.text) for __default_signal_display
    defsig_rtred_inner.o(.text) refers to defsig_general.o(.text) for __default_signal_display
    defsig_rtmem_inner.o(.text) refers to defsig_general.o(.text) for __default_signal_display
    defsig_rtmem_outer.o(.text) refers to defsig_rtmem_inner.o(.text) for __rt_SIGRTMEM_inner
    defsig_rtmem_outer.o(.text) refers to defsig_exit.o(.text) for __sig_exit
    defsig_rtmem_formal.o(.text) refers to rt_raise.o(.text) for __rt_raise
    defsig_stak_inner.o(.text) refers to defsig_general.o(.text) for __default_signal_display
    defsig_pvfn_inner.o(.text) refers to defsig_general.o(.text) for __default_signal_display
    defsig_cppl_inner.o(.text) refers to defsig_general.o(.text) for __default_signal_display
    defsig_segv_inner.o(.text) refers to defsig_general.o(.text) for __default_signal_display
    defsig_other.o(.text) refers to defsig_general.o(.text) for __default_signal_display


==============================================================================

Removing Unused input sections from the image.

    Removing ipc_example.o(.rev16_text), (4 bytes).
    Removing ipc_example.o(.revsh_text), (4 bytes).
    Removing ipc_msg.o(.rev16_text), (4 bytes).
    Removing ipc_msg.o(.revsh_text), (4 bytes).
    Removing sysinit.o(.rev16_text), (4 bytes).
    Removing sysinit.o(.revsh_text), (4 bytes).
    Removing blinky_m0.o(.rev16_text), (4 bytes).
    Removing blinky_m0.o(.revsh_text), (4 bytes).
    Removing chip_18xx_43xx.o(.rev16_text), (4 bytes).
    Removing chip_18xx_43xx.o(.revsh_text), (4 bytes).
    Removing chip_18xx_43xx.o(i.Chip_USB0_Init), (52 bytes).
    Removing chip_18xx_43xx.o(i.Chip_USB1_Init), (68 bytes).
    Removing chip_18xx_43xx.o(i.Chip_USB_PllSetup), (52 bytes).
    Removing chip_18xx_43xx.o(.constdata), (20 bytes).
    Removing board.o(.rev16_text), (4 bytes).
    Removing board.o(.revsh_text), (4 bytes).
    Removing board.o(i.Board_Audio_Init), (100 bytes).
    Removing board.o(i.Board_Buttons_Init), (28 bytes).
    Removing board.o(i.Board_DAC_Init), (16 bytes).
    Removing board.o(i.Board_Debug_Init), (40 bytes).
    Removing board.o(i.Board_ENET_GetMacADDR), (28 bytes).
    Removing board.o(i.Board_I2C_Init), (44 bytes).
    Removing board.o(i.Board_Init), (76 bytes).
    Removing board.o(i.Board_Joystick_Init), (2 bytes).
    Removing board.o(i.Board_LCD_Init), (120 bytes).
    Removing board.o(i.Board_LCD_WriteData), (36 bytes).
    Removing board.o(i.Board_LED_Test), (40 bytes).
    Removing board.o(i.Board_LED_Toggle), (20 bytes).
    Removing board.o(i.Board_SDMMC_Init), (76 bytes).
    Removing board.o(i.Board_SSP_Init), (88 bytes).
    Removing board.o(i.Board_UARTGetChar), (24 bytes).
    Removing board.o(i.Board_UART_Init), (24 bytes).
    Removing board.o(i.Buttons_GetStatus), (28 bytes).
    Removing board.o(i.Chip_GPIO_GetPinState), (14 bytes).
    Removing board.o(i.Chip_GPIO_SetPinDIROutput), (22 bytes).
    Removing board.o(i.Chip_SCU_PinMuxSet), (20 bytes).
    Removing board.o(i.Joystick_GetStatus), (4 bytes).
    Removing board.o(i._sys_open), (4 bytes).
    Removing board.o(i.fgetc), (8 bytes).
    Removing board.o(.data), (4 bytes).
    Removing board.o(.data), (4 bytes).
    Removing board.o(.data), (4 bytes).
    Removing clock_18xx_43xx.o(.rev16_text), (4 bytes).
    Removing clock_18xx_43xx.o(.revsh_text), (4 bytes).
    Removing clock_18xx_43xx.o(i.ABS), (8 bytes).
    Removing clock_18xx_43xx.o(i.Chip_Clock_CalcMainPLLValue), (124 bytes).
    Removing clock_18xx_43xx.o(i.Chip_Clock_ClearPowerDown), (20 bytes).
    Removing clock_18xx_43xx.o(i.Chip_Clock_Disable), (48 bytes).
    Removing clock_18xx_43xx.o(i.Chip_Clock_DisableBaseClock), (24 bytes).
    Removing clock_18xx_43xx.o(i.Chip_Clock_DisableCrystal), (16 bytes).
    Removing clock_18xx_43xx.o(i.Chip_Clock_DisablePLL), (20 bytes).
    Removing clock_18xx_43xx.o(i.Chip_Clock_Enable), (44 bytes).
    Removing clock_18xx_43xx.o(i.Chip_Clock_EnableBaseClock), (24 bytes).
    Removing clock_18xx_43xx.o(i.Chip_Clock_EnableCrystal), (68 bytes).
    Removing clock_18xx_43xx.o(i.Chip_Clock_EnableOpts), (60 bytes).
    Removing clock_18xx_43xx.o(i.Chip_Clock_EnablePLL), (20 bytes).
    Removing clock_18xx_43xx.o(i.Chip_Clock_GetBaseClockOpts), (52 bytes).
    Removing clock_18xx_43xx.o(i.Chip_Clock_GetEMCRate), (40 bytes).
    Removing clock_18xx_43xx.o(i.Chip_Clock_GetPLLStatus), (16 bytes).
    Removing clock_18xx_43xx.o(i.Chip_Clock_IsBaseClockEnabled), (28 bytes).
    Removing clock_18xx_43xx.o(i.Chip_Clock_RTCEnable), (24 bytes).
    Removing clock_18xx_43xx.o(i.Chip_Clock_SetBaseClock), (60 bytes).
    Removing clock_18xx_43xx.o(i.Chip_Clock_SetDivider), (68 bytes).
    Removing clock_18xx_43xx.o(i.Chip_Clock_SetupMainPLLHz), (156 bytes).
    Removing clock_18xx_43xx.o(i.Chip_Clock_SetupMainPLLMult), (144 bytes).
    Removing clock_18xx_43xx.o(i.Chip_Clock_SetupPLL), (52 bytes).
    Removing clock_18xx_43xx.o(i.Chip_Clock_StartPowerDown), (20 bytes).
    Removing clock_18xx_43xx.o(i.Chip_Clock_TestMainPLLMultiplier), (24 bytes).
    Removing clock_18xx_43xx.o(i.pll_calc_divs), (176 bytes).
    Removing clock_18xx_43xx.o(i.pll_get_frac), (180 bytes).
    Removing gpio_18xx_43xx.o(.rev16_text), (4 bytes).
    Removing gpio_18xx_43xx.o(.revsh_text), (4 bytes).
    Removing gpio_18xx_43xx.o(i.Chip_GPIO_DeInit), (2 bytes).
    Removing gpio_18xx_43xx.o(i.Chip_GPIO_Init), (2 bytes).
    Removing ssp_18xx_43xx.o(.rev16_text), (4 bytes).
    Removing ssp_18xx_43xx.o(.revsh_text), (4 bytes).
    Removing ssp_18xx_43xx.o(i.Chip_SSP_DeInit), (34 bytes).
    Removing ssp_18xx_43xx.o(i.Chip_SSP_GetClockIndex), (20 bytes).
    Removing ssp_18xx_43xx.o(i.Chip_SSP_GetPeriphClockIndex), (24 bytes).
    Removing ssp_18xx_43xx.o(i.Chip_SSP_GetRawIntStatus), (10 bytes).
    Removing ssp_18xx_43xx.o(i.Chip_SSP_GetStatus), (10 bytes).
    Removing ssp_18xx_43xx.o(i.Chip_SSP_Init), (56 bytes).
    Removing ssp_18xx_43xx.o(i.Chip_SSP_Int_FlushData), (42 bytes).
    Removing ssp_18xx_43xx.o(i.Chip_SSP_Int_RWFrames16Bits), (86 bytes).
    Removing ssp_18xx_43xx.o(i.Chip_SSP_Int_RWFrames8Bits), (86 bytes).
    Removing ssp_18xx_43xx.o(i.Chip_SSP_RWFrames_Blocking), (188 bytes).
    Removing ssp_18xx_43xx.o(i.Chip_SSP_ReadFrames_Blocking), (208 bytes).
    Removing ssp_18xx_43xx.o(i.Chip_SSP_SetBitRate), (66 bytes).
    Removing ssp_18xx_43xx.o(i.Chip_SSP_SetClockRate), (22 bytes).
    Removing ssp_18xx_43xx.o(i.Chip_SSP_SetMaster), (20 bytes).
    Removing ssp_18xx_43xx.o(i.Chip_SSP_WriteFrames_Blocking), (198 bytes).
    Removing ssp_18xx_43xx.o(i.SSP_Read1BFifo), (48 bytes).
    Removing ssp_18xx_43xx.o(i.SSP_Read2BFifo), (48 bytes).
    Removing ssp_18xx_43xx.o(i.SSP_Write1BFifo), (24 bytes).
    Removing ssp_18xx_43xx.o(i.SSP_Write2BFifo), (28 bytes).
    Removing uart_18xx_43xx.o(.rev16_text), (4 bytes).
    Removing uart_18xx_43xx.o(.revsh_text), (4 bytes).
    Removing uart_18xx_43xx.o(i.Chip_UART_ABCmd), (56 bytes).
    Removing uart_18xx_43xx.o(i.Chip_UART_CheckBusy), (14 bytes).
    Removing uart_18xx_43xx.o(i.Chip_UART_DeInit), (28 bytes).
    Removing uart_18xx_43xx.o(i.Chip_UART_GetABEOStatus), (12 bytes).
    Removing uart_18xx_43xx.o(i.Chip_UART_GetIndex), (48 bytes).
    Removing uart_18xx_43xx.o(i.Chip_UART_IRQRBHandler), (112 bytes).
    Removing uart_18xx_43xx.o(i.Chip_UART_Init), (76 bytes).
    Removing uart_18xx_43xx.o(i.Chip_UART_RXIntHandlerRB), (28 bytes).
    Removing uart_18xx_43xx.o(i.Chip_UART_Read), (28 bytes).
    Removing uart_18xx_43xx.o(i.Chip_UART_ReadBlocking), (36 bytes).
    Removing uart_18xx_43xx.o(i.Chip_UART_ReadRB), (16 bytes).
    Removing uart_18xx_43xx.o(i.Chip_UART_Send), (28 bytes).
    Removing uart_18xx_43xx.o(i.Chip_UART_SendBlocking), (36 bytes).
    Removing uart_18xx_43xx.o(i.Chip_UART_SendRB), (62 bytes).
    Removing uart_18xx_43xx.o(i.Chip_UART_SetBaud), (72 bytes).
    Removing uart_18xx_43xx.o(i.Chip_UART_SetBaudFDR), (208 bytes).
    Removing uart_18xx_43xx.o(i.Chip_UART_TXIntHandlerRB), (52 bytes).
    Removing uart_18xx_43xx.o(i.RingBuffer_IsEmpty), (16 bytes).
    Removing uart_18xx_43xx.o(.constdata), (16 bytes).
    Removing uart_18xx_43xx.o(.data), (1 bytes).
    Removing wm8904.o(.rev16_text), (4 bytes).
    Removing wm8904.o(.revsh_text), (4 bytes).
    Removing wm8904.o(i.WM8904_Init), (96 bytes).
    Removing wm8904.o(i.WM8904_MultiRegWrite), (70 bytes).
    Removing wm8904.o(i.WM8904_REG_Read), (34 bytes).
    Removing wm8904.o(i.WM8904_REG_VerifyMult), (56 bytes).
    Removing wm8904.o(i.WM8904_REG_Write), (24 bytes).
    Removing wm8904.o(i.WM8904_REG_WriteVerify), (28 bytes).
    Removing wm8904.o(.constdata), (8 bytes).
    Removing wm8904.o(.constdata), (120 bytes).
    Removing wm8904.o(.constdata), (16 bytes).
    Removing ring_buffer.o(i.RingBuffer_Init), (14 bytes).
    Removing ring_buffer.o(i.RingBuffer_Insert), (50 bytes).
    Removing ring_buffer.o(i.RingBuffer_InsertMult), (130 bytes).
    Removing ring_buffer.o(i.RingBuffer_IsEmpty), (16 bytes).
    Removing ring_buffer.o(i.RingBuffer_IsFull), (20 bytes).
    Removing ring_buffer.o(i.RingBuffer_Pop), (50 bytes).
    Removing ring_buffer.o(i.RingBuffer_PopMult), (128 bytes).
    Removing i2c_18xx_43xx.o(.rev16_text), (4 bytes).
    Removing i2c_18xx_43xx.o(.revsh_text), (4 bytes).
    Removing i2c_18xx_43xx.o(i.Chip_I2C_DeInit), (28 bytes).
    Removing i2c_18xx_43xx.o(i.Chip_I2C_Disable), (20 bytes).
    Removing i2c_18xx_43xx.o(i.Chip_I2C_EventHandler), (28 bytes).
    Removing i2c_18xx_43xx.o(i.Chip_I2C_EventHandlerPolling), (52 bytes).
    Removing i2c_18xx_43xx.o(i.Chip_I2C_GetClockRate), (36 bytes).
    Removing i2c_18xx_43xx.o(i.Chip_I2C_GetMasterEventHandler), (16 bytes).
    Removing i2c_18xx_43xx.o(i.Chip_I2C_Init), (32 bytes).
    Removing i2c_18xx_43xx.o(i.Chip_I2C_IsMasterActive), (32 bytes).
    Removing i2c_18xx_43xx.o(i.Chip_I2C_IsStateChanged), (20 bytes).
    Removing i2c_18xx_43xx.o(i.Chip_I2C_MasterCmdRead), (56 bytes).
    Removing i2c_18xx_43xx.o(i.Chip_I2C_MasterRead), (48 bytes).
    Removing i2c_18xx_43xx.o(i.Chip_I2C_MasterSend), (48 bytes).
    Removing i2c_18xx_43xx.o(i.Chip_I2C_MasterStateHandler), (44 bytes).
    Removing i2c_18xx_43xx.o(i.Chip_I2C_MasterTransfer), (100 bytes).
    Removing i2c_18xx_43xx.o(i.Chip_I2C_SetClockRate), (44 bytes).
    Removing i2c_18xx_43xx.o(i.Chip_I2C_SetMasterEventHandler), (36 bytes).
    Removing i2c_18xx_43xx.o(i.Chip_I2C_SlaveSetup), (112 bytes).
    Removing i2c_18xx_43xx.o(i.Chip_I2C_SlaveStateHandler), (100 bytes).
    Removing i2c_18xx_43xx.o(i.getClkRate), (24 bytes).
    Removing i2c_18xx_43xx.o(i.getCurState), (8 bytes).
    Removing i2c_18xx_43xx.o(i.getSlaveIndex), (50 bytes).
    Removing i2c_18xx_43xx.o(i.handleMasterXferState), (192 bytes).
    Removing i2c_18xx_43xx.o(i.handleSlaveXferState), (154 bytes).
    Removing i2c_18xx_43xx.o(i.isSlaveAddrMatching), (20 bytes).
    Removing i2c_18xx_43xx.o(i.lookupSlaveIndex), (96 bytes).
    Removing i2c_18xx_43xx.o(.bss), (80 bytes).
    Removing i2c_18xx_43xx.o(.data), (56 bytes).

164 unused section(s) (total 7237 bytes) removed from the image.

==============================================================================

Image Symbol Table

    Local Symbols

    Symbol Name                              Value     Ov Type        Size  Object(Section)

    ../clib/angel/boardlib.s                 0x00000000   Number         0  boardshut.o ABSOLUTE
    ../clib/angel/boardlib.s                 0x00000000   Number         0  boardinit2.o ABSOLUTE
    ../clib/angel/boardlib.s                 0x00000000   Number         0  boardinit1.o ABSOLUTE
    ../clib/angel/boardlib.s                 0x00000000   Number         0  boardinit3.o ABSOLUTE
    ../clib/angel/handlers.s                 0x00000000   Number         0  __scatter_copy.o ABSOLUTE
    ../clib/angel/handlers.s                 0x00000000   Number         0  __scatter_zi.o ABSOLUTE
    ../clib/angel/kernel.s                   0x00000000   Number         0  __rtentry.o ABSOLUTE
    ../clib/angel/kernel.s                   0x00000000   Number         0  rtexit2.o ABSOLUTE
    ../clib/angel/kernel.s                   0x00000000   Number         0  __rtentry2.o ABSOLUTE
    ../clib/angel/kernel.s                   0x00000000   Number         0  __rtentry4.o ABSOLUTE
    ../clib/angel/kernel.s                   0x00000000   Number         0  rtexit.o ABSOLUTE
    ../clib/angel/rt.s                       0x00000000   Number         0  aeabi_idiv0_sigfpe.o ABSOLUTE
    ../clib/angel/rt.s                       0x00000000   Number         0  aeabi_idiv0.o ABSOLUTE
    ../clib/angel/rt.s                       0x00000000   Number         0  aeabi_ldiv0_sigfpe.o ABSOLUTE
    ../clib/angel/rt.s                       0x00000000   Number         0  rt_raise.o ABSOLUTE
    ../clib/angel/rt.s                       0x00000000   Number         0  aeabi_ldiv0.o ABSOLUTE
    ../clib/angel/rt.s                       0x00000000   Number         0  rt_div0.o ABSOLUTE
    ../clib/angel/scatterp.s                 0x00000000   Number         0  __scatter.o ABSOLUTE
    ../clib/angel/startup.s                  0x00000000   Number         0  __main.o ABSOLUTE
    ../clib/angel/sys.s                      0x00000000   Number         0  indicate_semi.o ABSOLUTE
    ../clib/angel/sys.s                      0x00000000   Number         0  tempstk.o ABSOLUTE
    ../clib/angel/sys.s                      0x00000000   Number         0  sys_stackheap_outer.o ABSOLUTE
    ../clib/angel/sys.s                      0x00000000   Number         0  use_no_semi.o ABSOLUTE
    ../clib/angel/sys.s                      0x00000000   Number         0  libspace.o ABSOLUTE
    ../clib/angel/sysapp.c                   0x00000000   Number         0  sys_wrch.o ABSOLUTE
    ../clib/angel/sysapp.c                   0x00000000   Number         0  sys_command.o ABSOLUTE
    ../clib/armsys.c                         0x00000000   Number         0  _get_argv_nomalloc.o ABSOLUTE
    ../clib/armsys.c                         0x00000000   Number         0  no_argv.o ABSOLUTE
    ../clib/armsys.c                         0x00000000   Number         0  argv_veneer.o ABSOLUTE
    ../clib/division.c                       0x00000000   Number         0  lludiv.o ABSOLUTE
    ../clib/division.s                       0x00000000   Number         0  aeabi_sdiv.o ABSOLUTE
    ../clib/division.s                       0x00000000   Number         0  aeabi_sdiv_div0.o ABSOLUTE
    ../clib/heapalloc.c                      0x00000000   Number         0  hrguard.o ABSOLUTE
    ../clib/heapaux.c                        0x00000000   Number         0  heapauxi.o ABSOLUTE
    ../clib/libinit.s                        0x00000000   Number         0  libshutdown2.o ABSOLUTE
    ../clib/libinit.s                        0x00000000   Number         0  libinit2.o ABSOLUTE
    ../clib/libinit.s                        0x00000000   Number         0  libinit.o ABSOLUTE
    ../clib/libinit.s                        0x00000000   Number         0  libshutdown.o ABSOLUTE
    ../clib/longlong.c                       0x00000000   Number         0  llmul.o ABSOLUTE
    ../clib/memcpset.c                       0x00000000   Number         0  rt_memcpy.o ABSOLUTE
    ../clib/memcpset.c                       0x00000000   Number         0  rt_memclr.o ABSOLUTE
    ../clib/memcpset.c                       0x00000000   Number         0  rt_memcpy.o ABSOLUTE
    ../clib/printf.c                         0x00000000   Number         0  __printf_nopercent.o ABSOLUTE
    ../clib/printf.c                         0x00000000   Number         0  _printf_char_file.o ABSOLUTE
    ../clib/printf.c                         0x00000000   Number         0  __2printf.o ABSOLUTE
    ../clib/printf.c                         0x00000000   Number         0  _printf_char_common.o ABSOLUTE
    ../clib/printf.c                         0x00000000   Number         0  noretval__2printf.o ABSOLUTE
    ../clib/signal.c                         0x00000000   Number         0  defsig_rtmem_formal.o ABSOLUTE
    ../clib/signal.c                         0x00000000   Number         0  defsig_rtmem_outer.o ABSOLUTE
    ../clib/signal.c                         0x00000000   Number         0  defsig_rtred_inner.o ABSOLUTE
    ../clib/signal.c                         0x00000000   Number         0  defsig_abrt_inner.o ABSOLUTE
    ../clib/signal.c                         0x00000000   Number         0  defsig_general.o ABSOLUTE
    ../clib/signal.c                         0x00000000   Number         0  __raise.o ABSOLUTE
    ../clib/signal.c                         0x00000000   Number         0  defsig_fpe_inner.o ABSOLUTE
    ../clib/signal.c                         0x00000000   Number         0  defsig_exit.o ABSOLUTE
    ../clib/signal.c                         0x00000000   Number         0  defsig_rtmem_inner.o ABSOLUTE
    ../clib/signal.c                         0x00000000   Number         0  defsig_fpe_formal.o ABSOLUTE
    ../clib/signal.c                         0x00000000   Number         0  defsig_fpe_outer.o ABSOLUTE
    ../clib/signal.c                         0x00000000   Number         0  defsig_pvfn_inner.o ABSOLUTE
    ../clib/signal.c                         0x00000000   Number         0  defsig_cppl_inner.o ABSOLUTE
    ../clib/signal.c                         0x00000000   Number         0  defsig_segv_inner.o ABSOLUTE
    ../clib/signal.c                         0x00000000   Number         0  defsig_other.o ABSOLUTE
    ../clib/signal.c                         0x00000000   Number         0  defsig_stak_inner.o ABSOLUTE
    ../clib/signal.s                         0x00000000   Number         0  defsig.o ABSOLUTE
    ../clib/stdlib.c                         0x00000000   Number         0  exit.o ABSOLUTE
    ../fplib/cfplib/fpinit.c                 0x00000000   Number         0  fpinit.o ABSOLUTE
    ..\..\..\..\examples\multicore\common\ipc_example.c 0x00000000   Number         0  ipc_example.o ABSOLUTE
    ..\..\..\..\examples\multicore\common\ipc_msg.c 0x00000000   Number         0  ipc_msg.o ABSOLUTE
    ..\..\..\..\startup_code\keil_startup_lpc43xx_m0app.s 0x00000000   Number         0  keil_startup_lpc43xx_m0app.o ABSOLUTE
    ..\..\..\..\startup_code\sysinit.c       0x00000000   Number         0  sysinit.o ABSOLUTE
    ..\..\board_common\wm8904.c              0x00000000   Number         0  wm8904.o ABSOLUTE
    ..\\..\\..\\..\\examples\\multicore\\common\\ipc_example.c 0x00000000   Number         0  ipc_example.o ABSOLUTE
    ..\\..\\..\\..\\examples\\multicore\\common\\ipc_msg.c 0x00000000   Number         0  ipc_msg.o ABSOLUTE
    ..\\..\\..\\..\\startup_code\\sysinit.c  0x00000000   Number         0  sysinit.o ABSOLUTE
    ..\\..\\board_common\\wm8904.c           0x00000000   Number         0  wm8904.o ABSOLUTE
    ..\chip_common\ring_buffer.c             0x00000000   Number         0  ring_buffer.o ABSOLUTE
    blinky_m0.c                              0x00000000   Number         0  blinky_m0.o ABSOLUTE
    blinky_m0.c                              0x00000000   Number         0  blinky_m0.o ABSOLUTE
    board.c                                  0x00000000   Number         0  board.o ABSOLUTE
    board.c                                  0x00000000   Number         0  board.o ABSOLUTE
    chip_18xx_43xx.c                         0x00000000   Number         0  chip_18xx_43xx.o ABSOLUTE
    chip_18xx_43xx.c                         0x00000000   Number         0  chip_18xx_43xx.o ABSOLUTE
    clock_18xx_43xx.c                        0x00000000   Number         0  clock_18xx_43xx.o ABSOLUTE
    clock_18xx_43xx.c                        0x00000000   Number         0  clock_18xx_43xx.o ABSOLUTE
    dc.s                                     0x00000000   Number         0  dc.o ABSOLUTE
    gpio_18xx_43xx.c                         0x00000000   Number         0  gpio_18xx_43xx.o ABSOLUTE
    gpio_18xx_43xx.c                         0x00000000   Number         0  gpio_18xx_43xx.o ABSOLUTE
    i2c_18xx_43xx.c                          0x00000000   Number         0  i2c_18xx_43xx.o ABSOLUTE
    i2c_18xx_43xx.c                          0x00000000   Number         0  i2c_18xx_43xx.o ABSOLUTE
    ssp_18xx_43xx.c                          0x00000000   Number         0  ssp_18xx_43xx.o ABSOLUTE
    ssp_18xx_43xx.c                          0x00000000   Number         0  ssp_18xx_43xx.o ABSOLUTE
    uart_18xx_43xx.c                         0x00000000   Number         0  uart_18xx_43xx.o ABSOLUTE
    uart_18xx_43xx.c                         0x00000000   Number         0  uart_18xx_43xx.o ABSOLUTE
    .data                                    0x10080000   Section        4  ipc_example.o(.data)
    gblUpdateFn                              0x10080000   Data           4  ipc_example.o(.data)
    .data                                    0x10080004   Section       32  ipc_msg.o(.data)
    q_ipc                                    0x10080004   Data           4  ipc_msg.o(.data)
    ipc_errstr                               0x1008000c   Data          24  ipc_msg.o(.data)
    .data                                    0x10080024   Section        4  chip_18xx_43xx.o(.data)
    .data                                    0x10080028   Section        4  board.o(.data)
    .data                                    0x1008002c   Section        8  clock_18xx_43xx.o(.data)
    audio_usb_pll_freq                       0x1008002c   Data           8  clock_18xx_43xx.o(.data)
    .bss                                     0x10080034   Section      880  ipc_example.o(.bss)
    ipcex_callback_lookup                    0x10080034   Data          80  ipc_example.o(.bss)
    ipcex_queue                              0x10080084   Data         768  ipc_example.o(.bss)
    gblCfg                                   0x10080384   Data          32  ipc_example.o(.bss)
    .bss                                     0x100803a4   Section       96  libspace.o(.bss)
    HEAP                                     0x10080408   Section      512  keil_startup_lpc43xx_m0app.o(HEAP)
    Heap_Mem                                 0x10080408   Data         512  keil_startup_lpc43xx_m0app.o(HEAP)
    STACK                                    0x10080608   Section     1024  keil_startup_lpc43xx_m0app.o(STACK)
    Stack_Mem                                0x10080608   Data        1024  keil_startup_lpc43xx_m0app.o(STACK)
    __initial_sp                             0x10080a08   Data           0  keil_startup_lpc43xx_m0app.o(STACK)
    RESET                                    0x1b000000   Section      192  keil_startup_lpc43xx_m0app.o(RESET)
    !!!main                                  0x1b0000c0   Section        8  __main.o(!!!main)
    !!!scatter                               0x1b0000c8   Section       60  __scatter.o(!!!scatter)
    !!handler_copy                           0x1b000104   Section       26  __scatter_copy.o(!!handler_copy)
    !!handler_zi                             0x1b000120   Section       28  __scatter_zi.o(!!handler_zi)
    .ARM.Collect$$libinit$$00000000          0x1b00013c   Section        2  libinit.o(.ARM.Collect$$libinit$$00000000)
    .ARM.Collect$$libinit$$00000002          0x1b00013e   Section        0  libinit2.o(.ARM.Collect$$libinit$$00000002)
    .ARM.Collect$$libinit$$00000004          0x1b00013e   Section        0  libinit2.o(.ARM.Collect$$libinit$$00000004)
    .ARM.Collect$$libinit$$0000000A          0x1b00013e   Section        0  libinit2.o(.ARM.Collect$$libinit$$0000000A)
    .ARM.Collect$$libinit$$0000000C          0x1b00013e   Section        0  libinit2.o(.ARM.Collect$$libinit$$0000000C)
    .ARM.Collect$$libinit$$0000000E          0x1b00013e   Section        0  libinit2.o(.ARM.Collect$$libinit$$0000000E)
    .ARM.Collect$$libinit$$00000011          0x1b00013e   Section        0  libinit2.o(.ARM.Collect$$libinit$$00000011)
    .ARM.Collect$$libinit$$00000013          0x1b00013e   Section        0  libinit2.o(.ARM.Collect$$libinit$$00000013)
    .ARM.Collect$$libinit$$00000015          0x1b00013e   Section        0  libinit2.o(.ARM.Collect$$libinit$$00000015)
    .ARM.Collect$$libinit$$00000017          0x1b00013e   Section        0  libinit2.o(.ARM.Collect$$libinit$$00000017)
    .ARM.Collect$$libinit$$00000019          0x1b00013e   Section        0  libinit2.o(.ARM.Collect$$libinit$$00000019)
    .ARM.Collect$$libinit$$0000001B          0x1b00013e   Section        0  libinit2.o(.ARM.Collect$$libinit$$0000001B)
    .ARM.Collect$$libinit$$0000001D          0x1b00013e   Section        0  libinit2.o(.ARM.Collect$$libinit$$0000001D)
    .ARM.Collect$$libinit$$0000001F          0x1b00013e   Section        0  libinit2.o(.ARM.Collect$$libinit$$0000001F)
    .ARM.Collect$$libinit$$00000021          0x1b00013e   Section        0  libinit2.o(.ARM.Collect$$libinit$$00000021)
    .ARM.Collect$$libinit$$00000023          0x1b00013e   Section        0  libinit2.o(.ARM.Collect$$libinit$$00000023)
    .ARM.Collect$$libinit$$00000025          0x1b00013e   Section        0  libinit2.o(.ARM.Collect$$libinit$$00000025)
    .ARM.Collect$$libinit$$0000002C          0x1b00013e   Section        0  libinit2.o(.ARM.Collect$$libinit$$0000002C)
    .ARM.Collect$$libinit$$0000002E          0x1b00013e   Section        0  libinit2.o(.ARM.Collect$$libinit$$0000002E)
    .ARM.Collect$$libinit$$00000030          0x1b00013e   Section        0  libinit2.o(.ARM.Collect$$libinit$$00000030)
    .ARM.Collect$$libinit$$00000032          0x1b00013e   Section        0  libinit2.o(.ARM.Collect$$libinit$$00000032)
    .ARM.Collect$$libinit$$00000033          0x1b00013e   Section        2  libinit2.o(.ARM.Collect$$libinit$$00000033)
    .ARM.Collect$$libshutdown$$00000000      0x1b000140   Section        2  libshutdown.o(.ARM.Collect$$libshutdown$$00000000)
    .ARM.Collect$$libshutdown$$00000002      0x1b000142   Section        0  libshutdown2.o(.ARM.Collect$$libshutdown$$00000002)
    .ARM.Collect$$libshutdown$$00000004      0x1b000142   Section        0  libshutdown2.o(.ARM.Collect$$libshutdown$$00000004)
    .ARM.Collect$$libshutdown$$00000007      0x1b000142   Section        0  libshutdown2.o(.ARM.Collect$$libshutdown$$00000007)
    .ARM.Collect$$libshutdown$$0000000A      0x1b000142   Section        0  libshutdown2.o(.ARM.Collect$$libshutdown$$0000000A)
    .ARM.Collect$$libshutdown$$0000000C      0x1b000142   Section        0  libshutdown2.o(.ARM.Collect$$libshutdown$$0000000C)
    .ARM.Collect$$libshutdown$$0000000F      0x1b000142   Section        0  libshutdown2.o(.ARM.Collect$$libshutdown$$0000000F)
    .ARM.Collect$$libshutdown$$00000010      0x1b000142   Section        2  libshutdown2.o(.ARM.Collect$$libshutdown$$00000010)
    .ARM.Collect$$rtentry$$00000000          0x1b000144   Section        0  __rtentry.o(.ARM.Collect$$rtentry$$00000000)
    .ARM.Collect$$rtentry$$00000002          0x1b000144   Section        0  __rtentry2.o(.ARM.Collect$$rtentry$$00000002)
    .ARM.Collect$$rtentry$$00000004          0x1b000144   Section        6  __rtentry4.o(.ARM.Collect$$rtentry$$00000004)
    .ARM.Collect$$rtentry$$00000009          0x1b00014a   Section        0  __rtentry2.o(.ARM.Collect$$rtentry$$00000009)
    .ARM.Collect$$rtentry$$0000000A          0x1b00014a   Section        4  __rtentry2.o(.ARM.Collect$$rtentry$$0000000A)
    .ARM.Collect$$rtentry$$0000000C          0x1b00014e   Section        0  __rtentry2.o(.ARM.Collect$$rtentry$$0000000C)
    .ARM.Collect$$rtentry$$0000000D          0x1b00014e   Section        8  __rtentry2.o(.ARM.Collect$$rtentry$$0000000D)
    .ARM.Collect$$rtexit$$00000000           0x1b000156   Section        2  rtexit.o(.ARM.Collect$$rtexit$$00000000)
    .ARM.Collect$$rtexit$$00000002           0x1b000158   Section        0  rtexit2.o(.ARM.Collect$$rtexit$$00000002)
    .ARM.Collect$$rtexit$$00000003           0x1b000158   Section        4  rtexit2.o(.ARM.Collect$$rtexit$$00000003)
    .ARM.Collect$$rtexit$$00000004           0x1b00015c   Section        6  rtexit2.o(.ARM.Collect$$rtexit$$00000004)
    .emb_text                                0x1b000164   Section       56  rt_memcpy.o(.emb_text)
    .text                                    0x1b00019c   Section        0  ipc_example.o(.text)
    ipcex_dispatch_task                      0x1b00019d   Thumb Code    64  ipc_example.o(.text)
    ipcex_updateGblVal                       0x1b0001dd   Thumb Code    42  ipc_example.o(.text)
    .text                                    0x1b0002c4   Section        0  ipc_msg.o(.text)
    ipc_send_signal                          0x1b0002c5   Thumb Code     8  ipc_msg.o(.text)
    IPC_EventHandler_sa                      0x1b0002cd   Thumb Code     8  ipc_msg.o(.text)
    .text                                    0x1b0004e0   Section        0  sysinit.o(.text)
    .text                                    0x1b0004e4   Section       68  keil_startup_lpc43xx_m0app.o(.text)
    .text                                    0x1b000528   Section        0  blinky_m0.o(.text)
    prvSetupHardware                         0x1b000529   Thumb Code    24  blinky_m0.o(.text)
    .text                                    0x1b0005d8   Section        0  noretval__2printf.o(.text)
    .text                                    0x1b0005f4   Section        0  rt_memcpy.o(.text)
    .text                                    0x1b000676   Section        0  rt_memclr.o(.text)
    .text                                    0x1b0006b6   Section      346  aeabi_sdiv.o(.text)
    .text                                    0x1b000810   Section        0  heapauxi.o(.text)
    .text                                    0x1b000818   Section        0  _printf_char_file.o(.text)
    .text                                    0x1b000840   Section        0  _printf_char_common.o(.text)
    _printf_input_char                       0x1b000841   Thumb Code    10  _printf_char_common.o(.text)
    .text                                    0x1b000870   Section       62  sys_stackheap_outer.o(.text)
    .text                                    0x1b0008ae   Section        0  __printf_nopercent.o(.text)
    .text                                    0x1b0008d2   Section        0  exit.o(.text)
    .text                                    0x1b0008e4   Section        8  libspace.o(.text)
    i.Board_LED_Set                          0x1b0008ec   Section        0  board.o(i.Board_LED_Set)
    i.Board_UARTPutChar                      0x1b000914   Section        0  board.o(i.Board_UARTPutChar)
    i.Board_UARTPutSTR                       0x1b000924   Section        0  board.o(i.Board_UARTPutSTR)
    i.Chip_Clock_GetBaseClock                0x1b000938   Section        0  clock_18xx_43xx.o(i.Chip_Clock_GetBaseClock)
    i.Chip_Clock_GetBaseClocktHz             0x1b000958   Section        0  clock_18xx_43xx.o(i.Chip_Clock_GetBaseClocktHz)
    i.Chip_Clock_GetClockInputHz             0x1b000964   Section        0  clock_18xx_43xx.o(i.Chip_Clock_GetClockInputHz)
    i.Chip_Clock_GetDivRate                  0x1b000a00   Section        0  clock_18xx_43xx.o(i.Chip_Clock_GetDivRate)
    Chip_Clock_GetDivRate                    0x1b000a01   Thumb Code    34  clock_18xx_43xx.o(i.Chip_Clock_GetDivRate)
    i.Chip_Clock_GetDividerDivisor           0x1b000a24   Section        0  clock_18xx_43xx.o(i.Chip_Clock_GetDividerDivisor)
    i.Chip_Clock_GetDividerSource            0x1b000a44   Section        0  clock_18xx_43xx.o(i.Chip_Clock_GetDividerSource)
    i.Chip_Clock_GetMainPLLHz                0x1b000a60   Section        0  clock_18xx_43xx.o(i.Chip_Clock_GetMainPLLHz)
    i.Chip_Clock_GetRate                     0x1b000ac8   Section        0  clock_18xx_43xx.o(i.Chip_Clock_GetRate)
    i.SystemCoreClockUpdate                  0x1b000b3c   Section        0  chip_18xx_43xx.o(i.SystemCoreClockUpdate)
    i.__ARM_common_switch8                   0x1b000b50   Section        0  clock_18xx_43xx.o(i.__ARM_common_switch8)
    i._sys_exit                              0x1b000b6a   Section        0  board.o(i._sys_exit)
    i.ferror                                 0x1b000b6e   Section        0  board.o(i.ferror)
    i.fputc                                  0x1b000b74   Section        0  board.o(i.fputc)
    .constdata                               0x1b000b80   Section        4  board.o(.constdata)
    .constdata                               0x1b000b84   Section        4  board.o(.constdata)
    .constdata                               0x1b000b88   Section        6  board.o(.constdata)
    gpioLEDBits                              0x1b000b88   Data           6  board.o(.constdata)
    .constdata                               0x1b000b8e   Section      108  clock_18xx_43xx.o(.constdata)
    periph_to_base                           0x1b000b8e   Data         108  clock_18xx_43xx.o(.constdata)
    .conststring                             0x1b000bfc   Section      123  ipc_msg.o(.conststring)

    Global Symbols

    Symbol Name                              Value     Ov Type        Size  Object(Section)

    BuildAttributes$$THM_ISAv3M$S$PE$A:L22$X:L11$S22$IEEE1$IW$USESV6$~STKCKD$USESV7$~SHL$OSPACE$ROPI$EBA8$UX$STANDARDLIB$REQ8$PRES8$EABIv2 0x00000000   Number         0  anon$$obj.o ABSOLUTE
    __ARM_use_no_argv                        0x00000000   Number         0  blinky_m0.o ABSOLUTE
    __ARM_exceptions_init                     - Undefined Weak Reference
    __alloca_initialize                       - Undefined Weak Reference
    __arm_preinit_                            - Undefined Weak Reference
    __cpp_initialize__aeabi_                  - Undefined Weak Reference
    __cxa_finalize                            - Undefined Weak Reference
    __rt_locale                               - Undefined Weak Reference
    __sigvec_lookup                           - Undefined Weak Reference
    _atexit_init                              - Undefined Weak Reference
    _call_atexit_fns                          - Undefined Weak Reference
    _clock_init                               - Undefined Weak Reference
    _fp_trap_init                             - Undefined Weak Reference
    _fp_trap_shutdown                         - Undefined Weak Reference
    _get_lc_collate                           - Undefined Weak Reference
    _get_lc_ctype                             - Undefined Weak Reference
    _get_lc_monetary                          - Undefined Weak Reference
    _get_lc_numeric                           - Undefined Weak Reference
    _get_lc_time                              - Undefined Weak Reference
    _getenv_init                              - Undefined Weak Reference
    _handle_redirection                       - Undefined Weak Reference
    _init_alloc                               - Undefined Weak Reference
    _init_user_alloc                          - Undefined Weak Reference
    _initio                                   - Undefined Weak Reference
    _rand_init                                - Undefined Weak Reference
    _signal_finish                            - Undefined Weak Reference
    _signal_init                              - Undefined Weak Reference
    _terminate_alloc                          - Undefined Weak Reference
    _terminate_user_alloc                     - Undefined Weak Reference
    _terminateio                              - Undefined Weak Reference
    IPC_EventHandler                         0x10080008   Data           4  ipc_msg.o(.data)
    SystemCoreClock                          0x10080024   Data           4  chip_18xx_43xx.o(.data)
    __stdout                                 0x10080028   Data           4  board.o(.data)
    __libspace_start                         0x100803a4   Data          96  libspace.o(.bss)
    __temporary_stack_top$libspace           0x10080404   Data           0  libspace.o(.bss)
    __Vectors                                0x1b000000   Data           4  keil_startup_lpc43xx_m0app.o(RESET)
    __main                                   0x1b0000c1   Thumb Code     8  __main.o(!!!main)
    __scatterload                            0x1b0000c9   Thumb Code     0  __scatter.o(!!!scatter)
    __scatterload_rt2                        0x1b0000c9   Thumb Code    52  __scatter.o(!!!scatter)
    __scatterload_rt2_thumb_only             0x1b0000c9   Thumb Code     0  __scatter.o(!!!scatter)
    __scatterload_null                       0x1b0000d9   Thumb Code     0  __scatter.o(!!!scatter)
    __scatterload_copy                       0x1b000105   Thumb Code    26  __scatter_copy.o(!!handler_copy)
    __scatterload_zeroinit                   0x1b000121   Thumb Code    28  __scatter_zi.o(!!handler_zi)
    __rt_lib_init                            0x1b00013d   Thumb Code     0  libinit.o(.ARM.Collect$$libinit$$00000000)
    __rt_lib_init_alloca_1                   0x1b00013f   Thumb Code     0  libinit2.o(.ARM.Collect$$libinit$$0000002E)
    __rt_lib_init_argv_1                     0x1b00013f   Thumb Code     0  libinit2.o(.ARM.Collect$$libinit$$0000002C)
    __rt_lib_init_atexit_1                   0x1b00013f   Thumb Code     0  libinit2.o(.ARM.Collect$$libinit$$0000001B)
    __rt_lib_init_clock_1                    0x1b00013f   Thumb Code     0  libinit2.o(.ARM.Collect$$libinit$$00000021)
    __rt_lib_init_cpp_1                      0x1b00013f   Thumb Code     0  libinit2.o(.ARM.Collect$$libinit$$00000032)
    __rt_lib_init_exceptions_1               0x1b00013f   Thumb Code     0  libinit2.o(.ARM.Collect$$libinit$$00000030)
    __rt_lib_init_fp_1                       0x1b00013f   Thumb Code     0  libinit2.o(.ARM.Collect$$libinit$$00000002)
    __rt_lib_init_fp_trap_1                  0x1b00013f   Thumb Code     0  libinit2.o(.ARM.Collect$$libinit$$0000001F)
    __rt_lib_init_getenv_1                   0x1b00013f   Thumb Code     0  libinit2.o(.ARM.Collect$$libinit$$00000023)
    __rt_lib_init_heap_1                     0x1b00013f   Thumb Code     0  libinit2.o(.ARM.Collect$$libinit$$0000000A)
    __rt_lib_init_lc_collate_1               0x1b00013f   Thumb Code     0  libinit2.o(.ARM.Collect$$libinit$$00000011)
    __rt_lib_init_lc_ctype_1                 0x1b00013f   Thumb Code     0  libinit2.o(.ARM.Collect$$libinit$$00000013)
    __rt_lib_init_lc_monetary_1              0x1b00013f   Thumb Code     0  libinit2.o(.ARM.Collect$$libinit$$00000015)
    __rt_lib_init_lc_numeric_1               0x1b00013f   Thumb Code     0  libinit2.o(.ARM.Collect$$libinit$$00000017)
    __rt_lib_init_lc_time_1                  0x1b00013f   Thumb Code     0  libinit2.o(.ARM.Collect$$libinit$$00000019)
    __rt_lib_init_preinit_1                  0x1b00013f   Thumb Code     0  libinit2.o(.ARM.Collect$$libinit$$00000004)
    __rt_lib_init_rand_1                     0x1b00013f   Thumb Code     0  libinit2.o(.ARM.Collect$$libinit$$0000000E)
    __rt_lib_init_return                     0x1b00013f   Thumb Code     0  libinit2.o(.ARM.Collect$$libinit$$00000033)
    __rt_lib_init_signal_1                   0x1b00013f   Thumb Code     0  libinit2.o(.ARM.Collect$$libinit$$0000001D)
    __rt_lib_init_stdio_1                    0x1b00013f   Thumb Code     0  libinit2.o(.ARM.Collect$$libinit$$00000025)
    __rt_lib_init_user_alloc_1               0x1b00013f   Thumb Code     0  libinit2.o(.ARM.Collect$$libinit$$0000000C)
    __rt_lib_shutdown                        0x1b000141   Thumb Code     0  libshutdown.o(.ARM.Collect$$libshutdown$$00000000)
    __rt_lib_shutdown_cpp_1                  0x1b000143   Thumb Code     0  libshutdown2.o(.ARM.Collect$$libshutdown$$00000002)
    __rt_lib_shutdown_fp_trap_1              0x1b000143   Thumb Code     0  libshutdown2.o(.ARM.Collect$$libshutdown$$00000007)
    __rt_lib_shutdown_heap_1                 0x1b000143   Thumb Code     0  libshutdown2.o(.ARM.Collect$$libshutdown$$0000000F)
    __rt_lib_shutdown_return                 0x1b000143   Thumb Code     0  libshutdown2.o(.ARM.Collect$$libshutdown$$00000010)
    __rt_lib_shutdown_signal_1               0x1b000143   Thumb Code     0  libshutdown2.o(.ARM.Collect$$libshutdown$$0000000A)
    __rt_lib_shutdown_stdio_1                0x1b000143   Thumb Code     0  libshutdown2.o(.ARM.Collect$$libshutdown$$00000004)
    __rt_lib_shutdown_user_alloc_1           0x1b000143   Thumb Code     0  libshutdown2.o(.ARM.Collect$$libshutdown$$0000000C)
    __rt_entry                               0x1b000145   Thumb Code     0  __rtentry.o(.ARM.Collect$$rtentry$$00000000)
    __rt_entry_presh_1                       0x1b000145   Thumb Code     0  __rtentry2.o(.ARM.Collect$$rtentry$$00000002)
    __rt_entry_sh                            0x1b000145   Thumb Code     0  __rtentry4.o(.ARM.Collect$$rtentry$$00000004)
    __rt_entry_li                            0x1b00014b   Thumb Code     0  __rtentry2.o(.ARM.Collect$$rtentry$$0000000A)
    __rt_entry_postsh_1                      0x1b00014b   Thumb Code     0  __rtentry2.o(.ARM.Collect$$rtentry$$00000009)
    __rt_entry_main                          0x1b00014f   Thumb Code     0  __rtentry2.o(.ARM.Collect$$rtentry$$0000000D)
    __rt_entry_postli_1                      0x1b00014f   Thumb Code     0  __rtentry2.o(.ARM.Collect$$rtentry$$0000000C)
    __rt_exit                                0x1b000157   Thumb Code     0  rtexit.o(.ARM.Collect$$rtexit$$00000000)
    __rt_exit_ls                             0x1b000159   Thumb Code     0  rtexit2.o(.ARM.Collect$$rtexit$$00000003)
    __rt_exit_prels_1                        0x1b000159   Thumb Code     0  rtexit2.o(.ARM.Collect$$rtexit$$00000002)
    __rt_exit_exit                           0x1b00015d   Thumb Code     0  rtexit2.o(.ARM.Collect$$rtexit$$00000004)
    __aeabi_memcpy4                          0x1b000165   Thumb Code    56  rt_memcpy.o(.emb_text)
    __aeabi_memcpy8                          0x1b000165   Thumb Code     0  rt_memcpy.o(.emb_text)
    ipcex_register_callback                  0x1b000207   Thumb Code    16  ipc_example.o(.text)
    ipcex_tasks                              0x1b000217   Thumb Code    10  ipc_example.o(.text)
    IPCEX_Init                               0x1b000221   Thumb Code    22  ipc_example.o(.text)
    ipcex_setGblVal                          0x1b000237   Thumb Code    94  ipc_example.o(.text)
    ipcex_getGblVal                          0x1b000295   Thumb Code    18  ipc_example.o(.text)
    ipcex_gblRegisterFn                      0x1b0002a7   Thumb Code    10  ipc_example.o(.text)
    IPC_msgNotify                            0x1b0002d5   Thumb Code     8  ipc_msg.o(.text)
    IPC_initMsgQueue                         0x1b0002dd   Thumb Code    90  ipc_msg.o(.text)
    IPC_pushMsgTout                          0x1b000337   Thumb Code   128  ipc_msg.o(.text)
    IPC_popMsgTout                           0x1b0003b7   Thumb Code   142  ipc_msg.o(.text)
    IPC_msgPending                           0x1b000445   Thumb Code    32  ipc_msg.o(.text)
    IPC_strerror                             0x1b000465   Thumb Code    18  ipc_msg.o(.text)
    SystemInit                               0x1b0004e1   Thumb Code     2  sysinit.o(.text)
    Reset_Handler                            0x1b0004e5   Thumb Code     8  keil_startup_lpc43xx_m0app.o(.text)
    NMI_Handler                              0x1b0004ed   Thumb Code     2  keil_startup_lpc43xx_m0app.o(.text)
    HardFault_Handler                        0x1b0004ef   Thumb Code     2  keil_startup_lpc43xx_m0app.o(.text)
    MemManage_Handler                        0x1b0004f1   Thumb Code     2  keil_startup_lpc43xx_m0app.o(.text)
    BusFault_Handler                         0x1b0004f3   Thumb Code     2  keil_startup_lpc43xx_m0app.o(.text)
    UsageFault_Handler                       0x1b0004f5   Thumb Code     2  keil_startup_lpc43xx_m0app.o(.text)
    SVC_Handler                              0x1b0004f7   Thumb Code     2  keil_startup_lpc43xx_m0app.o(.text)
    DebugMon_Handler                         0x1b0004f9   Thumb Code     2  keil_startup_lpc43xx_m0app.o(.text)
    PendSV_Handler                           0x1b0004fb   Thumb Code     2  keil_startup_lpc43xx_m0app.o(.text)
    SysTick_Handler                          0x1b0004fd   Thumb Code     2  keil_startup_lpc43xx_m0app.o(.text)
    UnHandled_Vector                         0x1b0004ff   Thumb Code     2  keil_startup_lpc43xx_m0app.o(.text)
    ADC0_IRQHandler                          0x1b000501   Thumb Code     0  keil_startup_lpc43xx_m0app.o(.text)
    ADC1_IRQHandler                          0x1b000501   Thumb Code     0  keil_startup_lpc43xx_m0app.o(.text)
    CAN0_IRQHandler                          0x1b000501   Thumb Code     0  keil_startup_lpc43xx_m0app.o(.text)
    DMA_IRQHandler                           0x1b000501   Thumb Code     0  keil_startup_lpc43xx_m0app.o(.text)
    ETH_IRQHandler                           0x1b000501   Thumb Code     0  keil_startup_lpc43xx_m0app.o(.text)
    EVRT_IRQHandler                          0x1b000501   Thumb Code     0  keil_startup_lpc43xx_m0app.o(.text)
    FLASH_EEPROM_ATIMER_IRQHandler           0x1b000501   Thumb Code     0  keil_startup_lpc43xx_m0app.o(.text)
    GINT1_IRQHandler                         0x1b000501   Thumb Code     0  keil_startup_lpc43xx_m0app.o(.text)
    GPIO4_IRQHandler                         0x1b000501   Thumb Code     0  keil_startup_lpc43xx_m0app.o(.text)
    I2C0_IRQHandler                          0x1b000501   Thumb Code     0  keil_startup_lpc43xx_m0app.o(.text)
    I2S0_I2S1_QEI_IRQHandler                 0x1b000501   Thumb Code     0  keil_startup_lpc43xx_m0app.o(.text)
    LCD_IRQHandler                           0x1b000501   Thumb Code     0  keil_startup_lpc43xx_m0app.o(.text)
    M0SUB_IRQHandler                         0x1b000501   Thumb Code     0  keil_startup_lpc43xx_m0app.o(.text)
    MCPWM_IRQHandler                         0x1b000501   Thumb Code     0  keil_startup_lpc43xx_m0app.o(.text)
    RIT_WDT_IRQHandler                       0x1b000501   Thumb Code     0  keil_startup_lpc43xx_m0app.o(.text)
    RTC_IRQHandler                           0x1b000501   Thumb Code     0  keil_startup_lpc43xx_m0app.o(.text)
    SCT_IRQHandler                           0x1b000501   Thumb Code     0  keil_startup_lpc43xx_m0app.o(.text)
    SDIO_IRQHandler                          0x1b000501   Thumb Code     0  keil_startup_lpc43xx_m0app.o(.text)
    SGPIO_IRQHandler                         0x1b000501   Thumb Code     0  keil_startup_lpc43xx_m0app.o(.text)
    SPIFI_ADCHS_IRQHandler                   0x1b000501   Thumb Code     0  keil_startup_lpc43xx_m0app.o(.text)
    SPI_DAC_IRQHandler                       0x1b000501   Thumb Code     0  keil_startup_lpc43xx_m0app.o(.text)
    SSP0_SSP1_IRQHandler                     0x1b000501   Thumb Code     0  keil_startup_lpc43xx_m0app.o(.text)
    TIMER0_IRQHandler                        0x1b000501   Thumb Code     0  keil_startup_lpc43xx_m0app.o(.text)
    TIMER3_IRQHandler                        0x1b000501   Thumb Code     0  keil_startup_lpc43xx_m0app.o(.text)
    UART0_IRQHandler                         0x1b000501   Thumb Code     0  keil_startup_lpc43xx_m0app.o(.text)
    UART1_IRQHandler                         0x1b000501   Thumb Code     0  keil_startup_lpc43xx_m0app.o(.text)
    UART2_CAN1_IRQHandler                    0x1b000501   Thumb Code     0  keil_startup_lpc43xx_m0app.o(.text)
    UART3_IRQHandler                         0x1b000501   Thumb Code     0  keil_startup_lpc43xx_m0app.o(.text)
    USB0_IRQHandler                          0x1b000501   Thumb Code     0  keil_startup_lpc43xx_m0app.o(.text)
    USB1_IRQHandler                          0x1b000501   Thumb Code     0  keil_startup_lpc43xx_m0app.o(.text)
    __user_initial_stackheap                 0x1b000505   Thumb Code     0  keil_startup_lpc43xx_m0app.o(.text)
    M4_IRQHandler                            0x1b000541   Thumb Code    90  blinky_m0.o(.text)
    main                                     0x1b00059b   Thumb Code    20  blinky_m0.o(.text)
    __2printf                                0x1b0005d9   Thumb Code    22  noretval__2printf.o(.text)
    __aeabi_memcpy                           0x1b0005f5   Thumb Code   130  rt_memcpy.o(.text)
    __rt_memcpy                              0x1b0005f5   Thumb Code     0  rt_memcpy.o(.text)
    _memset_w                                0x1b000677   Thumb Code    26  rt_memclr.o(.text)
    _memset                                  0x1b000691   Thumb Code    30  rt_memclr.o(.text)
    __aeabi_memclr                           0x1b0006af   Thumb Code     4  rt_memclr.o(.text)
    __rt_memclr                              0x1b0006af   Thumb Code     0  rt_memclr.o(.text)
    __aeabi_memclr4                          0x1b0006b3   Thumb Code     0  rt_memclr.o(.text)
    __aeabi_memclr8                          0x1b0006b3   Thumb Code     0  rt_memclr.o(.text)
    __rt_memclr_w                            0x1b0006b3   Thumb Code     4  rt_memclr.o(.text)
    __aeabi_uidiv                            0x1b0006b7   Thumb Code     0  aeabi_sdiv.o(.text)
    __aeabi_uidivmod                         0x1b0006b7   Thumb Code    20  aeabi_sdiv.o(.text)
    __aeabi_idiv                             0x1b0006cb   Thumb Code     0  aeabi_sdiv.o(.text)
    __aeabi_idivmod                          0x1b0006cb   Thumb Code   326  aeabi_sdiv.o(.text)
    __use_two_region_memory                  0x1b000811   Thumb Code     2  heapauxi.o(.text)
    __rt_heap_escrow$2region                 0x1b000813   Thumb Code     2  heapauxi.o(.text)
    __rt_heap_expand$2region                 0x1b000815   Thumb Code     2  heapauxi.o(.text)
    _printf_char_file                        0x1b000819   Thumb Code    34  _printf_char_file.o(.text)
    _printf_char_common                      0x1b00084b   Thumb Code    32  _printf_char_common.o(.text)
    __user_setup_stackheap                   0x1b000871   Thumb Code    62  sys_stackheap_outer.o(.text)
    __printf                                 0x1b0008af   Thumb Code    36  __printf_nopercent.o(.text)
    exit                                     0x1b0008d3   Thumb Code    16  exit.o(.text)
    __user_libspace                          0x1b0008e5   Thumb Code     8  libspace.o(.text)
    __user_perproc_libspace                  0x1b0008e5   Thumb Code     0  libspace.o(.text)
    __user_perthread_libspace                0x1b0008e5   Thumb Code     0  libspace.o(.text)
    Board_LED_Set                            0x1b0008ed   Thumb Code    30  board.o(i.Board_LED_Set)
    Board_UARTPutChar                        0x1b000915   Thumb Code    12  board.o(i.Board_UARTPutChar)
    Board_UARTPutSTR                         0x1b000925   Thumb Code    20  board.o(i.Board_UARTPutSTR)
    Chip_Clock_GetBaseClock                  0x1b000939   Thumb Code    26  clock_18xx_43xx.o(i.Chip_Clock_GetBaseClock)
    Chip_Clock_GetBaseClocktHz               0x1b000959   Thumb Code    12  clock_18xx_43xx.o(i.Chip_Clock_GetBaseClocktHz)
    Chip_Clock_GetClockInputHz               0x1b000965   Thumb Code   126  clock_18xx_43xx.o(i.Chip_Clock_GetClockInputHz)
    Chip_Clock_GetDividerDivisor             0x1b000a25   Thumb Code    18  clock_18xx_43xx.o(i.Chip_Clock_GetDividerDivisor)
    Chip_Clock_GetDividerSource              0x1b000a45   Thumb Code    22  clock_18xx_43xx.o(i.Chip_Clock_GetDividerSource)
    Chip_Clock_GetMainPLLHz                  0x1b000a61   Thumb Code    94  clock_18xx_43xx.o(i.Chip_Clock_GetMainPLLHz)
    Chip_Clock_GetRate                       0x1b000ac9   Thumb Code   102  clock_18xx_43xx.o(i.Chip_Clock_GetRate)
    SystemCoreClockUpdate                    0x1b000b3d   Thumb Code    14  chip_18xx_43xx.o(i.SystemCoreClockUpdate)
    __ARM_common_switch8                     0x1b000b51   Thumb Code    26  clock_18xx_43xx.o(i.__ARM_common_switch8)
    _sys_exit                                0x1b000b6b   Thumb Code     4  board.o(i._sys_exit)
    ferror                                   0x1b000b6f   Thumb Code     6  board.o(i.ferror)
    fputc                                    0x1b000b75   Thumb Code    12  board.o(i.fputc)
    ExtRateIn                                0x1b000b80   Data           4  board.o(.constdata)
    OscRateIn                                0x1b000b84   Data           4  board.o(.constdata)
    Region$$Table$$Base                      0x1b000c78   Number         0  anon$$obj.o(Region$$Table)
    Region$$Table$$Limit                     0x1b000c98   Number         0  anon$$obj.o(Region$$Table)



==============================================================================

Memory Map of the image

  Image Entry point : 0x1b0000c1

  Load Region LR_IROM1 (Base: 0x1b000000, Size: 0x00000ccc, Max: 0x00080000, ABSOLUTE)

    Execution Region RW_IRAM1 (Exec base: 0x10080000, Load base: 0x1b000c98, Size: 0x00000a08, Max: 0x00008000, ABSOLUTE)

    Exec Addr    Load Addr    Size         Type   Attr      Idx    E Section Name        Object

    0x10080000   0x1b000c98   0x00000004   Data   RW            5    .data               ipc_example.o
    0x10080004   0x1b000c9c   0x00000020   Data   RW          244    .data               ipc_msg.o
    0x10080024   0x1b000cbc   0x00000004   Data   RW          360    .data               lib_lpc_chip_43xx_m0.lib(chip_18xx_43xx.o)
    0x10080028   0x1b000cc0   0x00000004   Data   RW          606    .data               lib_lpc_board_nxp_lpcxpresso_4337_m0.lib(board.o)
    0x1008002c   0x1b000cc4   0x00000008   Data   RW         1002    .data               lib_lpc_chip_43xx_m0.lib(clock_18xx_43xx.o)
    0x10080034        -       0x00000370   Zero   RW            4    .bss                ipc_example.o
    0x100803a4        -       0x00000060   Zero   RW         1828    .bss                c_p.l(libspace.o)
    0x10080404   0x1b000ccc   0x00000004   PAD
    0x10080408        -       0x00000200   Zero   RW          317    HEAP                keil_startup_lpc43xx_m0app.o
    0x10080608        -       0x00000400   Zero   RW          316    STACK               keil_startup_lpc43xx_m0app.o


    Execution Region ER_IROM1 (Exec base: 0x1b000000, Load base: 0x1b000000, Size: 0x00000c98, Max: 0x00080000, ABSOLUTE)

    Exec Addr    Load Addr    Size         Type   Attr      Idx    E Section Name        Object

    0x1b000000   0x1b000000   0x000000c0   Data   RO          318    RESET               keil_startup_lpc43xx_m0app.o
    0x1b0000c0   0x1b0000c0   0x00000008   Code   RO         1778  * !!!main             c_p.l(__main.o)
    0x1b0000c8   0x1b0000c8   0x0000003c   Code   RO         1955    !!!scatter          c_p.l(__scatter.o)
    0x1b000104   0x1b000104   0x0000001a   Code   RO         1957    !!handler_copy      c_p.l(__scatter_copy.o)
    0x1b00011e   0x1b00011e   0x00000002   PAD
    0x1b000120   0x1b000120   0x0000001c   Code   RO         1959    !!handler_zi        c_p.l(__scatter_zi.o)
    0x1b00013c   0x1b00013c   0x00000002   Code   RO         1826    .ARM.Collect$$libinit$$00000000  c_p.l(libinit.o)
    0x1b00013e   0x1b00013e   0x00000000   Code   RO         1840    .ARM.Collect$$libinit$$00000002  c_p.l(libinit2.o)
    0x1b00013e   0x1b00013e   0x00000000   Code   RO         1842    .ARM.Collect$$libinit$$00000004  c_p.l(libinit2.o)
    0x1b00013e   0x1b00013e   0x00000000   Code   RO         1845    .ARM.Collect$$libinit$$0000000A  c_p.l(libinit2.o)
    0x1b00013e   0x1b00013e   0x00000000   Code   RO         1847    .ARM.Collect$$libinit$$0000000C  c_p.l(libinit2.o)
    0x1b00013e   0x1b00013e   0x00000000   Code   RO         1849    .ARM.Collect$$libinit$$0000000E  c_p.l(libinit2.o)
    0x1b00013e   0x1b00013e   0x00000000   Code   RO         1852    .ARM.Collect$$libinit$$00000011  c_p.l(libinit2.o)
    0x1b00013e   0x1b00013e   0x00000000   Code   RO         1854    .ARM.Collect$$libinit$$00000013  c_p.l(libinit2.o)
    0x1b00013e   0x1b00013e   0x00000000   Code   RO         1856    .ARM.Collect$$libinit$$00000015  c_p.l(libinit2.o)
    0x1b00013e   0x1b00013e   0x00000000   Code   RO         1858    .ARM.Collect$$libinit$$00000017  c_p.l(libinit2.o)
    0x1b00013e   0x1b00013e   0x00000000   Code   RO         1860    .ARM.Collect$$libinit$$00000019  c_p.l(libinit2.o)
    0x1b00013e   0x1b00013e   0x00000000   Code   RO         1862    .ARM.Collect$$libinit$$0000001B  c_p.l(libinit2.o)
    0x1b00013e   0x1b00013e   0x00000000   Code   RO         1864    .ARM.Collect$$libinit$$0000001D  c_p.l(libinit2.o)
    0x1b00013e   0x1b00013e   0x00000000   Code   RO         1866    .ARM.Collect$$libinit$$0000001F  c_p.l(libinit2.o)
    0x1b00013e   0x1b00013e   0x00000000   Code   RO         1868    .ARM.Collect$$libinit$$00000021  c_p.l(libinit2.o)
    0x1b00013e   0x1b00013e   0x00000000   Code   RO         1870    .ARM.Collect$$libinit$$00000023  c_p.l(libinit2.o)
    0x1b00013e   0x1b00013e   0x00000000   Code   RO         1872    .ARM.Collect$$libinit$$00000025  c_p.l(libinit2.o)
    0x1b00013e   0x1b00013e   0x00000000   Code   RO         1876    .ARM.Collect$$libinit$$0000002C  c_p.l(libinit2.o)
    0x1b00013e   0x1b00013e   0x00000000   Code   RO         1878    .ARM.Collect$$libinit$$0000002E  c_p.l(libinit2.o)
    0x1b00013e   0x1b00013e   0x00000000   Code   RO         1880    .ARM.Collect$$libinit$$00000030  c_p.l(libinit2.o)
    0x1b00013e   0x1b00013e   0x00000000   Code   RO         1882    .ARM.Collect$$libinit$$00000032  c_p.l(libinit2.o)
    0x1b00013e   0x1b00013e   0x00000002   Code   RO         1883    .ARM.Collect$$libinit$$00000033  c_p.l(libinit2.o)
    0x1b000140   0x1b000140   0x00000002   Code   RO         1909    .ARM.Collect$$libshutdown$$00000000  c_p.l(libshutdown.o)
    0x1b000142   0x1b000142   0x00000000   Code   RO         1938    .ARM.Collect$$libshutdown$$00000002  c_p.l(libshutdown2.o)
    0x1b000142   0x1b000142   0x00000000   Code   RO         1940    .ARM.Collect$$libshutdown$$00000004  c_p.l(libshutdown2.o)
    0x1b000142   0x1b000142   0x00000000   Code   RO         1943    .ARM.Collect$$libshutdown$$00000007  c_p.l(libshutdown2.o)
    0x1b000142   0x1b000142   0x00000000   Code   RO         1946    .ARM.Collect$$libshutdown$$0000000A  c_p.l(libshutdown2.o)
    0x1b000142   0x1b000142   0x00000000   Code   RO         1948    .ARM.Collect$$libshutdown$$0000000C  c_p.l(libshutdown2.o)
    0x1b000142   0x1b000142   0x00000000   Code   RO         1951    .ARM.Collect$$libshutdown$$0000000F  c_p.l(libshutdown2.o)
    0x1b000142   0x1b000142   0x00000002   Code   RO         1952    .ARM.Collect$$libshutdown$$00000010  c_p.l(libshutdown2.o)
    0x1b000144   0x1b000144   0x00000000   Code   RO         1780    .ARM.Collect$$rtentry$$00000000  c_p.l(__rtentry.o)
    0x1b000144   0x1b000144   0x00000000   Code   RO         1792    .ARM.Collect$$rtentry$$00000002  c_p.l(__rtentry2.o)
    0x1b000144   0x1b000144   0x00000006   Code   RO         1804    .ARM.Collect$$rtentry$$00000004  c_p.l(__rtentry4.o)
    0x1b00014a   0x1b00014a   0x00000000   Code   RO         1794    .ARM.Collect$$rtentry$$00000009  c_p.l(__rtentry2.o)
    0x1b00014a   0x1b00014a   0x00000004   Code   RO         1795    .ARM.Collect$$rtentry$$0000000A  c_p.l(__rtentry2.o)
    0x1b00014e   0x1b00014e   0x00000000   Code   RO         1797    .ARM.Collect$$rtentry$$0000000C  c_p.l(__rtentry2.o)
    0x1b00014e   0x1b00014e   0x00000008   Code   RO         1798    .ARM.Collect$$rtentry$$0000000D  c_p.l(__rtentry2.o)
    0x1b000156   0x1b000156   0x00000002   Code   RO         1831    .ARM.Collect$$rtexit$$00000000  c_p.l(rtexit.o)
    0x1b000158   0x1b000158   0x00000000   Code   RO         1885    .ARM.Collect$$rtexit$$00000002  c_p.l(rtexit2.o)
    0x1b000158   0x1b000158   0x00000004   Code   RO         1886    .ARM.Collect$$rtexit$$00000003  c_p.l(rtexit2.o)
    0x1b00015c   0x1b00015c   0x00000006   Code   RO         1887    .ARM.Collect$$rtexit$$00000004  c_p.l(rtexit2.o)
    0x1b000162   0x1b000162   0x00000002   PAD
    0x1b000164   0x1b000164   0x00000038   Code   RO         1766    .emb_text           c_p.l(rt_memcpy.o)
    0x1b00019c   0x1b00019c   0x00000128   Code   RO            3    .text               ipc_example.o
    0x1b0002c4   0x1b0002c4   0x0000021c   Code   RO          242    .text               ipc_msg.o
    0x1b0004e0   0x1b0004e0   0x00000002   Code   RO          276    .text               sysinit.o
    0x1b0004e2   0x1b0004e2   0x00000002   PAD
    0x1b0004e4   0x1b0004e4   0x00000044   Code   RO          319    .text               keil_startup_lpc43xx_m0app.o
    0x1b000528   0x1b000528   0x000000b0   Code   RO          325    .text               blinky_m0.o
    0x1b0005d8   0x1b0005d8   0x0000001c   Code   RO         1764    .text               c_p.l(noretval__2printf.o)
    0x1b0005f4   0x1b0005f4   0x00000082   Code   RO         1767    .text               c_p.l(rt_memcpy.o)
    0x1b000676   0x1b000676   0x00000040   Code   RO         1770    .text               c_p.l(rt_memclr.o)
    0x1b0006b6   0x1b0006b6   0x0000015a   Code   RO         1772    .text               c_p.l(aeabi_sdiv.o)
    0x1b000810   0x1b000810   0x00000006   Code   RO         1776    .text               c_p.l(heapauxi.o)
    0x1b000816   0x1b000816   0x00000002   PAD
    0x1b000818   0x1b000818   0x00000028   Code   RO         1789    .text               c_p.l(_printf_char_file.o)
    0x1b000840   0x1b000840   0x00000030   Code   RO         1808    .text               c_p.l(_printf_char_common.o)
    0x1b000870   0x1b000870   0x0000003e   Code   RO         1810    .text               c_p.l(sys_stackheap_outer.o)
    0x1b0008ae   0x1b0008ae   0x00000024   Code   RO         1813    .text               c_p.l(__printf_nopercent.o)
    0x1b0008d2   0x1b0008d2   0x00000010   Code   RO         1815    .text               c_p.l(exit.o)
    0x1b0008e2   0x1b0008e2   0x00000002   PAD
    0x1b0008e4   0x1b0008e4   0x00000008   Code   RO         1827    .text               c_p.l(libspace.o)
    0x1b0008ec   0x1b0008ec   0x00000028   Code   RO          584    i.Board_LED_Set     lib_lpc_board_nxp_lpcxpresso_4337_m0.lib(board.o)
    0x1b000914   0x1b000914   0x00000010   Code   RO          590    i.Board_UARTPutChar  lib_lpc_board_nxp_lpcxpresso_4337_m0.lib(board.o)
    0x1b000924   0x1b000924   0x00000014   Code   RO          591    i.Board_UARTPutSTR  lib_lpc_board_nxp_lpcxpresso_4337_m0.lib(board.o)
    0x1b000938   0x1b000938   0x00000020   Code   RO          979    i.Chip_Clock_GetBaseClock  lib_lpc_chip_43xx_m0.lib(clock_18xx_43xx.o)
    0x1b000958   0x1b000958   0x0000000c   Code   RO          981    i.Chip_Clock_GetBaseClocktHz  lib_lpc_chip_43xx_m0.lib(clock_18xx_43xx.o)
    0x1b000964   0x1b000964   0x0000009c   Code   RO          982    i.Chip_Clock_GetClockInputHz  lib_lpc_chip_43xx_m0.lib(clock_18xx_43xx.o)
    0x1b000a00   0x1b000a00   0x00000022   Code   RO          983    i.Chip_Clock_GetDivRate  lib_lpc_chip_43xx_m0.lib(clock_18xx_43xx.o)
    0x1b000a22   0x1b000a22   0x00000002   PAD
    0x1b000a24   0x1b000a24   0x00000020   Code   RO          984    i.Chip_Clock_GetDividerDivisor  lib_lpc_chip_43xx_m0.lib(clock_18xx_43xx.o)
    0x1b000a44   0x1b000a44   0x0000001c   Code   RO          985    i.Chip_Clock_GetDividerSource  lib_lpc_chip_43xx_m0.lib(clock_18xx_43xx.o)
    0x1b000a60   0x1b000a60   0x00000068   Code   RO          987    i.Chip_Clock_GetMainPLLHz  lib_lpc_chip_43xx_m0.lib(clock_18xx_43xx.o)
    0x1b000ac8   0x1b000ac8   0x00000074   Code   RO          989    i.Chip_Clock_GetRate  lib_lpc_chip_43xx_m0.lib(clock_18xx_43xx.o)
    0x1b000b3c   0x1b000b3c   0x00000014   Code   RO          358    i.SystemCoreClockUpdate  lib_lpc_chip_43xx_m0.lib(chip_18xx_43xx.o)
    0x1b000b50   0x1b000b50   0x0000001a   Code   RO         1174    i.__ARM_common_switch8  lib_lpc_chip_43xx_m0.lib(clock_18xx_43xx.o)
    0x1b000b6a   0x1b000b6a   0x00000004   Code   RO          598    i._sys_exit         lib_lpc_board_nxp_lpcxpresso_4337_m0.lib(board.o)
    0x1b000b6e   0x1b000b6e   0x00000006   Code   RO          600    i.ferror            lib_lpc_board_nxp_lpcxpresso_4337_m0.lib(board.o)
    0x1b000b74   0x1b000b74   0x0000000c   Code   RO          602    i.fputc             lib_lpc_board_nxp_lpcxpresso_4337_m0.lib(board.o)
    0x1b000b80   0x1b000b80   0x00000004   Data   RO          603    .constdata          lib_lpc_board_nxp_lpcxpresso_4337_m0.lib(board.o)
    0x1b000b84   0x1b000b84   0x00000004   Data   RO          604    .constdata          lib_lpc_board_nxp_lpcxpresso_4337_m0.lib(board.o)
    0x1b000b88   0x1b000b88   0x00000006   Data   RO          605    .constdata          lib_lpc_board_nxp_lpcxpresso_4337_m0.lib(board.o)
    0x1b000b8e   0x1b000b8e   0x0000006c   Data   RO         1001    .constdata          lib_lpc_chip_43xx_m0.lib(clock_18xx_43xx.o)
    0x1b000bfa   0x1b000bfa   0x00000002   PAD
    0x1b000bfc   0x1b000bfc   0x0000007b   Data   RO          243    .conststring        ipc_msg.o
    0x1b000c77   0x1b000c77   0x00000001   PAD
    0x1b000c78   0x1b000c78   0x00000020   Data   RO         1953    Region$$Table       anon$$obj.o


==============================================================================

Image component sizes


      Code (inc. data)   RO Data    RW Data    ZI Data      Debug   Object Name

       176         42          0          0          0      10052   blinky_m0.o
       296         20          0          4        880      10553   ipc_example.o
       540        106        123         32          0       4783   ipc_msg.o
        68         28        192          0       1536        940   keil_startup_lpc43xx_m0app.o
         2          0          0          0          0        469   sysinit.o

    ----------------------------------------------------------------------
      1084        196        348         36       2416      26797   Object Totals
         0          0         32          0          0          0   (incl. Generated)
         2          0          1          0          0          0   (incl. Padding)

    ----------------------------------------------------------------------

      Code (inc. data)   RO Data    RW Data    ZI Data      Debug   Library Member Name

         8          0          0          0          0         68   __main.o
        36          0          0          0          0         76   __printf_nopercent.o
         0          0          0          0          0          0   __rtentry.o
        12          0          0          0          0          0   __rtentry2.o
         6          0          0          0          0          0   __rtentry4.o
        60          8          0          0          0          0   __scatter.o
        26          0          0          0          0          0   __scatter_copy.o
        28          0          0          0          0          0   __scatter_zi.o
        48          6          0          0          0         88   _printf_char_common.o
        40          6          0          0          0         72   _printf_char_file.o
       346          0          0          0          0         92   aeabi_sdiv.o
        16          0          0          0          0         68   exit.o
         6          0          0          0          0        136   heapauxi.o
         2          0          0          0          0          0   libinit.o
         2          0          0          0          0          0   libinit2.o
         2          0          0          0          0          0   libshutdown.o
         2          0          0          0          0          0   libshutdown2.o
         8          4          0          0         96         68   libspace.o
        28          6          0          0          0         84   noretval__2printf.o
        64          0          0          0          0        108   rt_memclr.o
       186          0          0          0          0        144   rt_memcpy.o
         2          0          0          0          0          0   rtexit.o
        10          0          0          0          0          0   rtexit2.o
        62          0          0          0          0         80   sys_stackheap_outer.o
        98         14         14          4          0      16603   board.o
        20          6          0          4          0       4462   chip_18xx_43xx.o
       540        100        108          8          0       7442   clock_18xx_43xx.o

    ----------------------------------------------------------------------
      1668        150        124         16        100      29591   Library Totals
        10          0          2          0          4          0   (incl. Padding)

    ----------------------------------------------------------------------

      Code (inc. data)   RO Data    RW Data    ZI Data      Debug   Library Name

      1000         30          0          0         96       1084   c_p.l
        98         14         14          4          0      16603   lib_lpc_board_nxp_lpcxpresso_4337_m0.lib
       560        106        108         12          0      11904   lib_lpc_chip_43xx_m0.lib

    ----------------------------------------------------------------------
      1668        150        124         16        100      29591   Library Totals

    ----------------------------------------------------------------------

==============================================================================


      Code (inc. data)   RO Data    RW Data    ZI Data      Debug   

      2752        346        472         52       2516      55320   Grand Totals
      2752        346        472         52       2516      55320   ELF Image Totals
      2752        346        472         52          0          0   ROM Totals

==============================================================================

    Total RO  Size (Code + RO Data)                 3224 (   3.15kB)
    Total RW  Size (RW Data + ZI Data)              2568 (   2.51kB)
    Total ROM Size (Code + RO Data + RW Data)       3276 (   3.20kB)

==============================================================================

